Archive member included to satisfy reference by file (symbol)

S:/arm_gcc/arm-gnu-toolchain-15.3.rel1-mingw-w64-i686-arm-none-eabi/bin/../lib/gcc/arm-none-eabi/15.3.1/../../../../arm-none-eabi/lib/thumb/v7-m/nofp\libg_nano.a(libc_a-exit.o)
                              S:/arm_gcc/arm-gnu-toolchain-15.3.rel1-mingw-w64-i686-arm-none-eabi/bin/../lib/gcc/arm-none-eabi/15.3.1/../../../../arm-none-eabi/lib/thumb/v7-m/nofp/crt0.o (exit)
S:/arm_gcc/arm-gnu-toolchain-15.3.rel1-mingw-w64-i686-arm-none-eabi/bin/../lib/gcc/arm-none-eabi/15.3.1/../../../../arm-none-eabi/lib/thumb/v7-m/nofp\libg_nano.a(libc_a-findfp.o)
                              S:/arm_gcc/arm-gnu-toolchain-15.3.rel1-mingw-w64-i686-arm-none-eabi/bin/../lib/gcc/arm-none-eabi/15.3.1/../../../../arm-none-eabi/lib/thumb/v7-m/nofp\libg_nano.a(libc_a-exit.o) (__stdio_exit_handler)
S:/arm_gcc/arm-gnu-toolchain-15.3.rel1-mingw-w64-i686-arm-none-eabi/bin/../lib/gcc/arm-none-eabi/15.3.1/../../../../arm-none-eabi/lib/thumb/v7-m/nofp\libg_nano.a(libc_a-fwalk.o)
                              S:/arm_gcc/arm-gnu-toolchain-15.3.rel1-mingw-w64-i686-arm-none-eabi/bin/../lib/gcc/arm-none-eabi/15.3.1/../../../../arm-none-eabi/lib/thumb/v7-m/nofp\libg_nano.a(libc_a-findfp.o) (_fwalk_sglue)
S:/arm_gcc/arm-gnu-toolchain-15.3.rel1-mingw-w64-i686-arm-none-eabi/bin/../lib/gcc/arm-none-eabi/15.3.1/../../../../arm-none-eabi/lib/thumb/v7-m/nofp\libg_nano.a(libc_a-stdio.o)
                              S:/arm_gcc/arm-gnu-toolchain-15.3.rel1-mingw-w64-i686-arm-none-eabi/bin/../lib/gcc/arm-none-eabi/15.3.1/../../../../arm-none-eabi/lib/thumb/v7-m/nofp\libg_nano.a(libc_a-findfp.o) (__sread)
S:/arm_gcc/arm-gnu-toolchain-15.3.rel1-mingw-w64-i686-arm-none-eabi/bin/../lib/gcc/arm-none-eabi/15.3.1/../../../../arm-none-eabi/lib/thumb/v7-m/nofp\libg_nano.a(libc_a-memset.o)
                              S:/arm_gcc/arm-gnu-toolchain-15.3.rel1-mingw-w64-i686-arm-none-eabi/bin/../lib/gcc/arm-none-eabi/15.3.1/../../../../arm-none-eabi/lib/thumb/v7-m/nofp/crt0.o (memset)
S:/arm_gcc/arm-gnu-toolchain-15.3.rel1-mingw-w64-i686-arm-none-eabi/bin/../lib/gcc/arm-none-eabi/15.3.1/../../../../arm-none-eabi/lib/thumb/v7-m/nofp\libg_nano.a(libc_a-closer.o)
                              S:/arm_gcc/arm-gnu-toolchain-15.3.rel1-mingw-w64-i686-arm-none-eabi/bin/../lib/gcc/arm-none-eabi/15.3.1/../../../../arm-none-eabi/lib/thumb/v7-m/nofp\libg_nano.a(libc_a-stdio.o) (_close_r)
S:/arm_gcc/arm-gnu-toolchain-15.3.rel1-mingw-w64-i686-arm-none-eabi/bin/../lib/gcc/arm-none-eabi/15.3.1/../../../../arm-none-eabi/lib/thumb/v7-m/nofp\libg_nano.a(libc_a-reent.o)
                              S:/arm_gcc/arm-gnu-toolchain-15.3.rel1-mingw-w64-i686-arm-none-eabi/bin/../lib/gcc/arm-none-eabi/15.3.1/../../../../arm-none-eabi/lib/thumb/v7-m/nofp\libg_nano.a(libc_a-closer.o) (errno)
S:/arm_gcc/arm-gnu-toolchain-15.3.rel1-mingw-w64-i686-arm-none-eabi/bin/../lib/gcc/arm-none-eabi/15.3.1/../../../../arm-none-eabi/lib/thumb/v7-m/nofp\libg_nano.a(libc_a-impure.o)
                              S:/arm_gcc/arm-gnu-toolchain-15.3.rel1-mingw-w64-i686-arm-none-eabi/bin/../lib/gcc/arm-none-eabi/15.3.1/../../../../arm-none-eabi/lib/thumb/v7-m/nofp\libg_nano.a(libc_a-reent.o) (_impure_ptr)
S:/arm_gcc/arm-gnu-toolchain-15.3.rel1-mingw-w64-i686-arm-none-eabi/bin/../lib/gcc/arm-none-eabi/15.3.1/../../../../arm-none-eabi/lib/thumb/v7-m/nofp\libg_nano.a(libc_a-lseekr.o)
                              S:/arm_gcc/arm-gnu-toolchain-15.3.rel1-mingw-w64-i686-arm-none-eabi/bin/../lib/gcc/arm-none-eabi/15.3.1/../../../../arm-none-eabi/lib/thumb/v7-m/nofp\libg_nano.a(libc_a-stdio.o) (_lseek_r)
S:/arm_gcc/arm-gnu-toolchain-15.3.rel1-mingw-w64-i686-arm-none-eabi/bin/../lib/gcc/arm-none-eabi/15.3.1/../../../../arm-none-eabi/lib/thumb/v7-m/nofp\libg_nano.a(libc_a-readr.o)
                              S:/arm_gcc/arm-gnu-toolchain-15.3.rel1-mingw-w64-i686-arm-none-eabi/bin/../lib/gcc/arm-none-eabi/15.3.1/../../../../arm-none-eabi/lib/thumb/v7-m/nofp\libg_nano.a(libc_a-stdio.o) (_read_r)
S:/arm_gcc/arm-gnu-toolchain-15.3.rel1-mingw-w64-i686-arm-none-eabi/bin/../lib/gcc/arm-none-eabi/15.3.1/../../../../arm-none-eabi/lib/thumb/v7-m/nofp\libg_nano.a(libc_a-writer.o)
                              S:/arm_gcc/arm-gnu-toolchain-15.3.rel1-mingw-w64-i686-arm-none-eabi/bin/../lib/gcc/arm-none-eabi/15.3.1/../../../../arm-none-eabi/lib/thumb/v7-m/nofp\libg_nano.a(libc_a-stdio.o) (_write_r)
S:/arm_gcc/arm-gnu-toolchain-15.3.rel1-mingw-w64-i686-arm-none-eabi/bin/../lib/gcc/arm-none-eabi/15.3.1/../../../../arm-none-eabi/lib/thumb/v7-m/nofp\libg_nano.a(libc_a-errno.o)
                              CMakeFiles/TEST_make.dir/Core/Src/sysmem.c.obj (__errno)
S:/arm_gcc/arm-gnu-toolchain-15.3.rel1-mingw-w64-i686-arm-none-eabi/bin/../lib/gcc/arm-none-eabi/15.3.1/../../../../arm-none-eabi/lib/thumb/v7-m/nofp\libg_nano.a(libc_a-init.o)
[...]
Memory Configuration

Name             Origin             Length             Attributes
RAM              0x20000000         0x00002800         xrw
FLASH            0x08000000         0x00008000         xr
*default*        0x00000000         0xffffffff

Linker script and memory map

LOAD S:/arm_gcc/arm-gnu-toolchain-15.3.rel1-mingw-w64-i686-arm-none-eabi/bin/../lib/gcc/arm-none-eabi/15.3.1/thumb/v7-m/nofp/crti.o
LOAD S:/arm_gcc/arm-gnu-toolchain-15.3.rel1-mingw-w64-i686-arm-none-eabi/bin/../lib/gcc/arm-none-eabi/15.3.1/thumb/v7-m/nofp/crtbegin.o
LOAD S:/arm_gcc/arm-gnu-toolchain-15.3.rel1-mingw-w64-i686-arm-none-eabi/bin/../lib/gcc/arm-none-eabi/15.3.1/../../../../arm-none-eabi/lib/thumb/v7-m/nofp/crt0.o
LOAD cmake/stm32cubemx/CMakeFiles/STM32_Drivers.dir/__/__/Core/Src/system_stm32f1xx.c.obj
LOAD cmake/stm32cubemx/CMakeFiles/STM32_Drivers.dir/__/__/Drivers/STM32F1xx_HAL_Driver/Src/stm32f1xx_hal_gpio_ex.c.obj
LOAD cmake/stm32cubemx/CMakeFiles/STM32_Drivers.dir/__/__/Drivers/STM32F1xx_HAL_Driver/Src/stm32f1xx_hal_pcd.c.obj
LOAD cmake/stm32cubemx/CMakeFiles/STM32_Drivers.dir/__/__/Drivers/STM32F1xx_HAL_Driver/Src/stm32f1xx_hal_pcd_ex.c.obj
LOAD cmake/stm32cubemx/CMakeFiles/STM32_Drivers.dir/__/__/Drivers/STM32F1xx_HAL_Driver/Src/stm32f1xx_ll_usb.c.obj
LOAD cmake/stm32cubemx/CMakeFiles/STM32_Drivers.dir/__/__/Drivers/STM32F1xx_HAL_Driver/Src/stm32f1xx_hal.c.obj
LOAD cmake/stm32cubemx/CMakeFiles/STM32_Drivers.dir/__/__/Drivers/STM32F1xx_HAL_Driver/Src/stm32f1xx_hal_rcc.c.obj
LOAD cmake/stm32cubemx/CMakeFiles/STM32_Drivers.dir/__/__/Drivers/STM32F1xx_HAL_Driver/Src/stm32f1xx_hal_rcc_ex.c.obj
LOAD cmake/stm32cubemx/CMakeFiles/STM32_Drivers.dir/__/__/Drivers/STM32F1xx_HAL_Driver/Src/stm32f1xx_hal_gpio.c.obj
LOAD cmake/stm32cubemx/CMakeFiles/STM32_Drivers.dir/__/__/Drivers/STM32F1xx_HAL_Driver/Src/stm32f1xx_hal_dma.c.obj
LOAD cmake/stm32cubemx/CMakeFiles/STM32_Drivers.dir/__/__/Drivers/STM32F1xx_HAL_Driver/Src/stm32f1xx_hal_cortex.c.obj
LOAD cmake/stm32cubemx/CMakeFiles/STM32_Drivers.dir/__/__/Drivers/STM32F1xx_HAL_Driver/Src/stm32f1xx_hal_pwr.c.obj
LOAD cmake/stm32cubemx/CMakeFiles/STM32_Drivers.dir/__/__/Drivers/STM32F1xx_HAL_Driver/Src/stm32f1xx_hal_flash.c.obj
LOAD cmake/stm32cubemx/CMakeFiles/STM32_Drivers.dir/__/__/Drivers/STM32F1xx_HAL_Driver/Src/stm32f1xx_hal_flash_ex.c.obj
LOAD cmake/stm32cubemx/CMakeFiles/STM32_Drivers.dir/__/__/Drivers/STM32F1xx_HAL_Driver/Src/stm32f1xx_hal_exti.c.obj
LOAD cmake/stm32cubemx/CMakeFiles/USB_Device_Library.dir/__/__/Middlewares/ST/STM32_USB_Device_Library/Core/Src/usbd_core.c.obj
LOAD cmake/stm32cubemx/CMakeFiles/USB_Device_Library.dir/__/__/Middlewares/ST/STM32_USB_Device_Library/Core/Src/usbd_ctlreq.c.obj
LOAD cmake/stm32cubemx/CMakeFiles/USB_Device_Library.dir/__/__/Middlewares/ST/STM32_USB_Device_Library/Core/Src/usbd_ioreq.c.obj
LOAD cmake/stm32cubemx/CMakeFiles/USB_Device_Library.dir/__/__/Middlewares/ST/STM32_USB_Device_Library/Class/CDC/Src/usbd_cdc.c.obj
LOAD CMakeFiles/TEST_make.dir/USB_DEVICE/Target/usbd_conf.c.obj
LOAD CMakeFiles/TEST_make.dir/USB_DEVICE/App/usb_device.c.obj
LOAD CMakeFiles/TEST_make.dir/USB_DEVICE/App/usbd_desc.c.obj
LOAD CMakeFiles/TEST_make.dir/USB_DEVICE/App/usbd_cdc_if.c.obj
LOAD CMakeFiles/TEST_make.dir/Core/Src/main.c.obj
LOAD CMakeFiles/TEST_make.dir/Core/Src/stm32f1xx_it.c.obj
LOAD CMakeFiles/TEST_make.dir/Core/Src/stm32f1xx_hal_msp.c.obj
LOAD CMakeFiles/TEST_make.dir/Core/Src/sysmem.c.obj
LOAD CMakeFiles/TEST_make.dir/Core/Src/syscalls.c.obj
LOAD CMakeFiles/TEST_make.dir/startup_stm32f103x6.s.obj
LOAD S:/arm_gcc/arm-gnu-toolchain-15.3.rel1-mingw-w64-i686-arm-none-eabi/bin/../lib/gcc/arm-none-eabi/15.3.1/../../../../arm-none-eabi/lib/thumb/v7-m/nofp\libm.a
START GROUP
LOAD S:/arm_gcc/arm-gnu-toolchain-15.3.rel1-mingw-w64-i686-arm-none-eabi/bin/../lib/gcc/arm-none-eabi/15.3.1/thumb/v7-m/nofp\libgcc.a
LOAD S:/arm_gcc/arm-gnu-toolchain-15.3.rel1-mingw-w64-i686-arm-none-eabi/bin/../lib/gcc/arm-none-eabi/15.3.1/../../../../arm-none-eabi/lib/thumb/v7-m/nofp\libg_nano.a
LOAD S:/arm_gcc/arm-gnu-toolchain-15.3.rel1-mingw-w64-i686-arm-none-eabi/bin/../lib/gcc/arm-none-eabi/15.3.1/../../../../arm-none-eabi/lib/thumb/v7-m/nofp\libc_nano.a
END GROUP
START GROUP
LOAD S:/arm_gcc/arm-gnu-toolchain-15.3.rel1-mingw-w64-i686-arm-none-eabi/bin/../lib/gcc/arm-none-eabi/15.3.1/thumb/v7-m/nofp\libgcc.a
LOAD S:/arm_gcc/arm-gnu-toolchain-15.3.rel1-mingw-w64-i686-arm-none-eabi/bin/../lib/gcc/arm-none-eabi/15.3.1/../../../../arm-none-eabi/lib/thumb/v7-m/nofp\libc_nano.a
END GROUP
LOAD S:/arm_gcc/arm-gnu-toolchain-15.3.rel1-mingw-w64-i686-arm-none-eabi/bin/../lib/gcc/arm-none-eabi/15.3.1/thumb/v7-m/nofp/crtend.o
LOAD S:/arm_gcc/arm-gnu-toolchain-15.3.rel1-mingw-w64-i686-arm-none-eabi/bin/../lib/gcc/arm-none-eabi/15.3.1/thumb/v7-m/nofp/crtn.o
                0x20002800                        _estack = (ORIGIN (RAM) + LENGTH (RAM))
                0x20002400                        _sstack = (_estack - _Min_Stack_Size)
                0x00000200                        _Min_Heap_Size = 0x200
                0x00000400                        _Min_Stack_Size = 0x400

.isr_vector     0x08000000      0x10c
                0x08000000                        . = ALIGN (0x4)
 *(.isr_vector)
 .isr_vector    0x08000000      0x10c CMakeFiles/TEST_make.dir/startup_stm32f103x6.s.obj
                0x08000000                g_pfnVectors
                0x0800010c                        . = ALIGN (0x4)

.text           0x0800010c     0x73c4
                0x0800010c                        . = ALIGN (0x4)
 *(.text)
 *(.text*)
 .text.deregister_tm_clones
                0x0800010c       0x1c S:/arm_gcc/arm-gnu-toolchain-15.3.rel1-mingw-w64-i686-arm-none-eabi/bin/../lib/gcc/arm-none-eabi/15.3.1/thumb/v7-m/nofp/crtbegin.o
 .text.register_tm_clones
                0x08000128       0x24 S:/arm_gcc/arm-gnu-toolchain-15.3.rel1-mingw-w64-i686-arm-none-eabi/bin/../lib/gcc/arm-none-eabi/15.3.1/thumb/v7-m/nofp/crtbegin.o
 .text.__do_global_dtors_aux
                0x0800014c       0x28 S:/arm_gcc/arm-gnu-toolchain-15.3.rel1-mingw-w64-i686-arm-none-eabi/bin/../lib/gcc/arm-none-eabi/15.3.1/thumb/v7-m/nofp/crtbegin.o
 .text.frame_dummy
                0x08000174       0x24 S:/arm_gcc/arm-gnu-toolchain-15.3.rel1-mingw-w64-i686-arm-none-eabi/bin/../lib/gcc/arm-none-eabi/15.3.1/thumb/v7-m/nofp/crtbegin.o
 .text.SystemInit
                0x08000198        0xc cmake/stm32cubemx/CMakeFiles/STM32_Drivers.dir/__/__/Core/Src/system_stm32f1xx.c.obj
                0x08000198                SystemInit
 .text.HAL_PCD_Init
                0x080001a4      0x1ec cmake/stm32cubemx/CMakeFiles/STM32_Drivers.dir/__/__/Drivers/STM32F1xx_HAL_Driver/Src/stm32f1xx_hal_pcd.c.obj
                0x080001a4                HAL_PCD_Init
 .text.HAL_PCD_Start
                0x08000390       0x4c cmake/stm32cubemx/CMakeFiles/STM32_Drivers.dir/__/__/Drivers/STM32F1xx_HAL_Driver/Src/stm32f1xx_hal_pcd.c.obj
                0x08000390                HAL_PCD_Start
 .text.HAL_PCD_IRQHandler
                0x080003dc      0x260 cmake/stm32cubemx/CMakeFiles/STM32_Drivers.dir/__/__/Drivers/STM32F1xx_HAL_Driver/Src/stm32f1xx_hal_pcd.c.obj
                0x080003dc                HAL_PCD_IRQHandler
 .text.HAL_PCD_SetAddress
                0x0800063c       0x48 cmake/stm32cubemx/CMakeFiles/STM32_Drivers.dir/__/__/Drivers/STM32F1xx_HAL_Driver/Src/stm32f1xx_hal_pcd.c.obj
                0x0800063c                HAL_PCD_SetAddress
 .text.HAL_PCD_EP_Open
                0x08000684       0xba cmake/stm32cubemx/CMakeFiles/STM32_Drivers.dir/__/__/Drivers/STM32F1xx_HAL_Driver/Src/stm32f1xx_hal_pcd.c.obj
                0x08000684                HAL_PCD_EP_Open
 .text.HAL_PCD_EP_Close
                0x0800073e       0x90 cmake/stm32cubemx/CMakeFiles/STM32_Drivers.dir/__/__/Drivers/STM32F1xx_HAL_Driver/Src/stm32f1xx_hal_pcd.c.obj
                0x0800073e                HAL_PCD_EP_Close
 .text.HAL_PCD_EP_Receive
                0x080007ce       0x62 cmake/stm32cubemx/CMakeFiles/STM32_Drivers.dir/__/__/Drivers/STM32F1xx_HAL_Driver/Src/stm32f1xx_hal_pcd.c.obj
                0x080007ce                HAL_PCD_EP_Receive
 .text.HAL_PCD_EP_GetRxCount
                0x08000830       0x2e cmake/stm32cubemx/CMakeFiles/STM32_Drivers.dir/__/__/Drivers/STM32F1xx_HAL_Driver/Src/stm32f1xx_hal_pcd.c.obj
                0x08000830                HAL_PCD_EP_GetRxCount
 .text.HAL_PCD_EP_Transmit
                0x0800085e       0x6e cmake/stm32cubemx/CMakeFiles/STM32_Drivers.dir/__/__/Drivers/STM32F1xx_HAL_Driver/Src/stm32f1xx_hal_pcd.c.obj
                0x0800085e                HAL_PCD_EP_Transmit
 .text.HAL_PCD_EP_SetStall
                0x080008cc       0xc0 cmake/stm32cubemx/CMakeFiles/STM32_Drivers.dir/__/__/Drivers/STM32F1xx_HAL_Driver/Src/stm32f1xx_hal_pcd.c.obj
                0x080008cc                HAL_PCD_EP_SetStall
 .text.HAL_PCD_EP_ClrStall
                0x0800098c       0xa8 cmake/stm32cubemx/CMakeFiles/STM32_Drivers.dir/__/__/Drivers/STM32F1xx_HAL_Driver/Src/stm32f1xx_hal_pcd.c.obj
                0x0800098c                HAL_PCD_EP_ClrStall
 .text.PCD_EP_ISR_Handler
                0x08000a34      0x79e cmake/stm32cubemx/CMakeFiles/STM32_Drivers.dir/__/__/Drivers/STM32F1xx_HAL_Driver/Src/stm32f1xx_hal_pcd.c.obj
 .text.HAL_PCD_EP_DB_Receive
                0x080011d2      0x21a cmake/stm32cubemx/CMakeFiles/STM32_Drivers.dir/__/__/Drivers/STM32F1xx_HAL_Driver/Src/stm32f1xx_hal_pcd.c.obj
 .text.HAL_PCD_EP_DB_Transmit
                0x080013ec      0x7f4 cmake/stm32cubemx/CMakeFiles/STM32_Drivers.dir/__/__/Drivers/STM32F1xx_HAL_Driver/Src/stm32f1xx_hal_pcd.c.obj
 .text.HAL_PCDEx_PMAConfig
                0x08001be0       0x84 cmake/stm32cubemx/CMakeFiles/STM32_Drivers.dir/__/__/Drivers/STM32F1xx_HAL_Driver/Src/stm32f1xx_hal_pcd_ex.c.obj
                0x08001be0                HAL_PCDEx_PMAConfig
 .text.USB_CoreInit
                0x08001c64       0x1a cmake/stm32cubemx/CMakeFiles/STM32_Drivers.dir/__/__/Drivers/STM32F1xx_HAL_Driver/Src/stm32f1xx_ll_usb.c.obj
                0x08001c64                USB_CoreInit
 .text.USB_EnableGlobalInt
                0x08001c7e       0x2c cmake/stm32cubemx/CMakeFiles/STM32_Drivers.dir/__/__/Drivers/STM32F1xx_HAL_Driver/Src/stm32f1xx_ll_usb.c.obj
                0x08001c7e                USB_EnableGlobalInt
 .text.USB_DisableGlobalInt
                0x08001caa       0x34 cmake/stm32cubemx/CMakeFiles/STM32_Drivers.dir/__/__/Drivers/STM32F1xx_HAL_Driver/Src/stm32f1xx_ll_usb.c.obj
                0x08001caa                USB_DisableGlobalInt
 .text.USB_SetCurrentMode
                0x08001cde       0x18 cmake/stm32cubemx/CMakeFiles/STM32_Drivers.dir/__/__/Drivers/STM32F1xx_HAL_Driver/Src/stm32f1xx_ll_usb.c.obj
                0x08001cde                USB_SetCurrentMode
 .text.USB_DevInit
                0x08001cf6       0x3a cmake/stm32cubemx/CMakeFiles/STM32_Drivers.dir/__/__/Drivers/STM32F1xx_HAL_Driver/Src/stm32f1xx_ll_usb.c.obj
                0x08001cf6                USB_DevInit
 .text.USB_ActivateEndpoint
                0x08001d30      0x77e cmake/stm32cubemx/CMakeFiles/STM32_Drivers.dir/__/__/Drivers/STM32F1xx_HAL_Driver/Src/stm32f1xx_ll_usb.c.obj
                0x08001d30                USB_ActivateEndpoint
 .text.USB_DeactivateEndpoint
                0x080024ae      0x3d8 cmake/stm32cubemx/CMakeFiles/STM32_Drivers.dir/__/__/Drivers/STM32F1xx_HAL_Driver/Src/stm32f1xx_ll_usb.c.obj
                0x080024ae                USB_DeactivateEndpoint
 .text.USB_EPStartXfer
                0x08002886     0x1762 cmake/stm32cubemx/CMakeFiles/STM32_Drivers.dir/__/__/Drivers/STM32F1xx_HAL_Driver/Src/stm32f1xx_ll_usb.c.obj
                0x08002886                USB_EPStartXfer
 .text.USB_EPSetStall
                0x08003fe8       0xa0 cmake/stm32cubemx/CMakeFiles/STM32_Drivers.dir/__/__/Drivers/STM32F1xx_HAL_Driver/Src/stm32f1xx_ll_usb.c.obj
                0x08003fe8                USB_EPSetStall
 .text.USB_EPClearStall
                0x08004088      0x15a cmake/stm32cubemx/CMakeFiles/STM32_Drivers.dir/__/__/Drivers/STM32F1xx_HAL_Driver/Src/stm32f1xx_ll_usb.c.obj
                0x08004088                USB_EPClearStall
 .text.USB_SetDevAddress
                0x080041e2       0x26 cmake/stm32cubemx/CMakeFiles/STM32_Drivers.dir/__/__/Drivers/STM32F1xx_HAL_Driver/Src/stm32f1xx_ll_usb.c.obj
                0x080041e2                USB_SetDevAddress
 .text.USB_DevConnect
                0x08004208       0x14 cmake/stm32cubemx/CMakeFiles/STM32_Drivers.dir/__/__/Drivers/STM32F1xx_HAL_Driver/Src/stm32f1xx_ll_usb.c.obj
                0x08004208                USB_DevConnect
 .text.USB_DevDisconnect
                0x0800421c       0x14 cmake/stm32cubemx/CMakeFiles/STM32_Drivers.dir/__/__/Drivers/STM32F1xx_HAL_Driver/Src/stm32f1xx_ll_usb.c.obj
                0x0800421c                USB_DevDisconnect
 .text.USB_ReadInterrupts
                0x08004230       0x1e cmake/stm32cubemx/CMakeFiles/STM32_Drivers.dir/__/__/Drivers/STM32F1xx_HAL_Driver/Src/stm32f1xx_ll_usb.c.obj
                0x08004230                USB_ReadInterrupts
 .text.USB_EP0_OutStart
                0x0800424e       0x16 cmake/stm32cubemx/CMakeFiles/STM32_Drivers.dir/__/__/Drivers/STM32F1xx_HAL_Driver/Src/stm32f1xx_ll_usb.c.obj
                0x0800424e                USB_EP0_OutStart
 .text.USB_WritePMA
                0x08004264       0x8c cmake/stm32cubemx/CMakeFiles/STM32_Drivers.dir/__/__/Drivers/STM32F1xx_HAL_Driver/Src/stm32f1xx_ll_usb.c.obj
                0x08004264                USB_WritePMA
 .text.USB_ReadPMA
                0x080042f0       0x9e cmake/stm32cubemx/CMakeFiles/STM32_Drivers.dir/__/__/Drivers/STM32F1xx_HAL_Driver/Src/stm32f1xx_ll_usb.c.obj
                0x080042f0                USB_ReadPMA
 *fill*         0x0800438e        0x2 
 .text.HAL_Init
                0x08004390       0x2c cmake/stm32cubemx/CMakeFiles/STM32_Drivers.dir/__/__/Drivers/STM32F1xx_HAL_Driver/Src/stm32f1xx_hal.c.obj
                0x08004390                HAL_Init
 .text.HAL_InitTick
                0x080043bc       0x60 cmake/stm32cubemx/CMakeFiles/STM32_Drivers.dir/__/__/Drivers/STM32F1xx_HAL_Driver/Src/stm32f1xx_hal.c.obj
                0x080043bc                HAL_InitTick
 .text.HAL_IncTick
                0x0800441c       0x24 cmake/stm32cubemx/CMakeFiles/STM32_Drivers.dir/__/__/Drivers/STM32F1xx_HAL_Driver/Src/stm32f1xx_hal.c.obj
                0x0800441c                HAL_IncTick
 .text.HAL_GetTick
                0x08004440       0x14 cmake/stm32cubemx/CMakeFiles/STM32_Drivers.dir/__/__/Drivers/STM32F1xx_HAL_Driver/Src/stm32f1xx_hal.c.obj
                0x08004440                HAL_GetTick
 .text.HAL_RCC_OscConfig
                0x08004454      0x504 cmake/stm32cubemx/CMakeFiles/STM32_Drivers.dir/__/__/Drivers/STM32F1xx_HAL_Driver/Src/stm32f1xx_hal_rcc.c.obj
                0x08004454                HAL_RCC_OscConfig
 .text.HAL_RCC_ClockConfig
                0x08004958      0x1d4 cmake/stm32cubemx/CMakeFiles/STM32_Drivers.dir/__/__/Drivers/STM32F1xx_HAL_Driver/Src/stm32f1xx_hal_rcc.c.obj
                0x08004958                HAL_RCC_ClockConfig
 .text.HAL_RCC_GetSysClockFreq
                0x08004b2c       0xa8 cmake/stm32cubemx/CMakeFiles/STM32_Drivers.dir/__/__/Drivers/STM32F1xx_HAL_Driver/Src/stm32f1xx_hal_rcc.c.obj
                0x08004b2c                HAL_RCC_GetSysClockFreq
 .text.RCC_Delay
                0x08004bd4       0x3c cmake/stm32cubemx/CMakeFiles/STM32_Drivers.dir/__/__/Drivers/STM32F1xx_HAL_Driver/Src/stm32f1xx_hal_rcc.c.obj
 .text.HAL_RCCEx_PeriphCLKConfig
                0x08004c10      0x16c cmake/stm32cubemx/CMakeFiles/STM32_Drivers.dir/__/__/Drivers/STM32F1xx_HAL_Driver/Src/stm32f1xx_hal_rcc_ex.c.obj
                0x08004c10                HAL_RCCEx_PeriphCLKConfig
 .text.HAL_GPIO_Init
                0x08004d7c      0x2cc cmake/stm32cubemx/CMakeFiles/STM32_Drivers.dir/__/__/Drivers/STM32F1xx_HAL_Driver/Src/stm32f1xx_hal_gpio.c.obj
                0x08004d7c                HAL_GPIO_Init
 .text.HAL_GPIO_WritePin
                0x08005048       0x30 cmake/stm32cubemx/CMakeFiles/STM32_Drivers.dir/__/__/Drivers/STM32F1xx_HAL_Driver/Src/stm32f1xx_hal_gpio.c.obj
                0x08005048                HAL_GPIO_WritePin
 .text.__NVIC_SetPriorityGrouping
                0x08005078       0x48 cmake/stm32cubemx/CMakeFiles/STM32_Drivers.dir/__/__/Drivers/STM32F1xx_HAL_Driver/Src/stm32f1xx_hal_cortex.c.obj
 .text.__NVIC_GetPriorityGrouping
                0x080050c0       0x1c cmake/stm32cubemx/CMakeFiles/STM32_Drivers.dir/__/__/Drivers/STM32F1xx_HAL_Driver/Src/stm32f1xx_hal_cortex.c.obj
 .text.__NVIC_EnableIRQ
                0x080050dc       0x38 cmake/stm32cubemx/CMakeFiles/STM32_Drivers.dir/__/__/Drivers/STM32F1xx_HAL_Driver/Src/stm32f1xx_hal_cortex.c.obj
 .text.__NVIC_SetPriority
                0x08005114       0x54 cmake/stm32cubemx/CMakeFiles/STM32_Drivers.dir/__/__/Drivers/STM32F1xx_HAL_Driver/Src/stm32f1xx_hal_cortex.c.obj
 .text.NVIC_EncodePriority
                0x08005168       0x6e cmake/stm32cubemx/CMakeFiles/STM32_Drivers.dir/__/__/Drivers/STM32F1xx_HAL_Driver/Src/stm32f1xx_hal_cortex.c.obj
 *fill*         0x080051d6        0x2 
 .text.SysTick_Config
                0x080051d8       0x44 cmake/stm32cubemx/CMakeFiles/STM32_Drivers.dir/__/__/Drivers/STM32F1xx_HAL_Driver/Src/stm32f1xx_hal_cortex.c.obj
 .text.HAL_NVIC_SetPriorityGrouping
                0x0800521c       0x16 cmake/stm32cubemx/CMakeFiles/STM32_Drivers.dir/__/__/Drivers/STM32F1xx_HAL_Driver/Src/stm32f1xx_hal_cortex.c.obj
                0x0800521c                HAL_NVIC_SetPriorityGrouping
 .text.HAL_NVIC_SetPriority
                0x08005232       0x38 cmake/stm32cubemx/CMakeFiles/STM32_Drivers.dir/__/__/Drivers/STM32F1xx_HAL_Driver/Src/stm32f1xx_hal_cortex.c.obj
                0x08005232                HAL_NVIC_SetPriority
 .text.HAL_NVIC_EnableIRQ
                0x0800526a       0x1c cmake/stm32cubemx/CMakeFiles/STM32_Drivers.dir/__/__/Drivers/STM32F1xx_HAL_Driver/Src/stm32f1xx_hal_cortex.c.obj
                0x0800526a                HAL_NVIC_EnableIRQ
 .text.HAL_SYSTICK_Config
                0x08005286       0x18 cmake/stm32cubemx/CMakeFiles/STM32_Drivers.dir/__/__/Drivers/STM32F1xx_HAL_Driver/Src/stm32f1xx_hal_cortex.c.obj
                0x08005286                HAL_SYSTICK_Config
 .text.USBD_Init
                0x0800529e       0x56 cmake/stm32cubemx/CMakeFiles/USB_Device_Library.dir/__/__/Middlewares/ST/STM32_USB_Device_Library/Core/Src/usbd_core.c.obj
                0x0800529e                USBD_Init
 .text.USBD_RegisterClass
                0x080052f4       0x32 cmake/stm32cubemx/CMakeFiles/USB_Device_Library.dir/__/__/Middlewares/ST/STM32_USB_Device_Library/Core/Src/usbd_core.c.obj
                0x080052f4                USBD_RegisterClass
 .text.USBD_Start
                0x08005326       0x18 cmake/stm32cubemx/CMakeFiles/USB_Device_Library.dir/__/__/Middlewares/ST/STM32_USB_Device_Library/Core/Src/usbd_core.c.obj
                0x08005326                USBD_Start
 .text.USBD_RunTestMode
                0x0800533e       0x14 cmake/stm32cubemx/CMakeFiles/USB_Device_Library.dir/__/__/Middlewares/ST/STM32_USB_Device_Library/Core/Src/usbd_core.c.obj
                0x0800533e                USBD_RunTestMode
 .text.USBD_SetClassConfig
                0x08005352       0x3e cmake/stm32cubemx/CMakeFiles/USB_Device_Library.dir/__/__/Middlewares/ST/STM32_USB_Device_Library/Core/Src/usbd_core.c.obj
                0x08005352                USBD_SetClassConfig
 .text.USBD_ClrClassConfig
                0x08005390       0x26 cmake/stm32cubemx/CMakeFiles/USB_Device_Library.dir/__/__/Middlewares/ST/STM32_USB_Device_Library/Core/Src/usbd_core.c.obj
                0x08005390                USBD_ClrClassConfig
 .text.USBD_LL_SetupStage
                0x080053b6       0x9a cmake/stm32cubemx/CMakeFiles/USB_Device_Library.dir/__/__/Middlewares/ST/STM32_USB_Device_Library/Core/Src/usbd_core.c.obj
                0x080053b6                USBD_LL_SetupStage
 .text.USBD_LL_DataOutStage
                0x08005450       0xe2 cmake/stm32cubemx/CMakeFiles/USB_Device_Library.dir/__/__/Middlewares/ST/STM32_USB_Device_Library/Core/Src/usbd_core.c.obj
                0x08005450                USBD_LL_DataOutStage
 .text.USBD_LL_DataInStage
                0x08005532      0x14a cmake/stm32cubemx/CMakeFiles/USB_Device_Library.dir/__/__/Middlewares/ST/STM32_USB_Device_Library/Core/Src/usbd_core.c.obj
                0x08005532                USBD_LL_DataInStage
 .text.USBD_LL_Reset
                0x0800567c       0x82 cmake/stm32cubemx/CMakeFiles/USB_Device_Library.dir/__/__/Middlewares/ST/STM32_USB_Device_Library/Core/Src/usbd_core.c.obj
                0x0800567c                USBD_LL_Reset
 .text.USBD_LL_SetSpeed
                0x080056fe       0x1e cmake/stm32cubemx/CMakeFiles/USB_Device_Library.dir/__/__/Middlewares/ST/STM32_USB_Device_Library/Core/Src/usbd_core.c.obj
                0x080056fe                USBD_LL_SetSpeed
 .text.USBD_LL_Suspend
                0x0800571c       0x28 cmake/stm32cubemx/CMakeFiles/USB_Device_Library.dir/__/__/Middlewares/ST/STM32_USB_Device_Library/Core/Src/usbd_core.c.obj
                0x0800571c                USBD_LL_Suspend
 .text.USBD_LL_Resume
                0x08005744       0x2a cmake/stm32cubemx/CMakeFiles/USB_Device_Library.dir/__/__/Middlewares/ST/STM32_USB_Device_Library/Core/Src/usbd_core.c.obj
                0x08005744                USBD_LL_Resume
 .text.USBD_LL_SOF
                0x0800576e       0x34 cmake/stm32cubemx/CMakeFiles/USB_Device_Library.dir/__/__/Middlewares/ST/STM32_USB_Device_Library/Core/Src/usbd_core.c.obj
                0x0800576e                USBD_LL_SOF
 .text.USBD_StdDevReq
                0x080057a2       0xd2 cmake/stm32cubemx/CMakeFiles/USB_Device_Library.dir/__/__/Middlewares/ST/STM32_USB_Device_Library/Core/Src/usbd_ctlreq.c.obj
                0x080057a2                USBD_StdDevReq
 .text.USBD_StdItfReq
                0x08005874       0x90 cmake/stm32cubemx/CMakeFiles/USB_Device_Library.dir/__/__/Middlewares/ST/STM32_USB_Device_Library/Core/Src/usbd_ctlreq.c.obj
                0x08005874                USBD_StdItfReq
 .text.USBD_StdEPReq
                0x08005904      0x2ca cmake/stm32cubemx/CMakeFiles/USB_Device_Library.dir/__/__/Middlewares/ST/STM32_USB_Device_Library/Core/Src/usbd_ctlreq.c.obj
                0x08005904                USBD_StdEPReq
 .text.USBD_GetDescriptor
                0x08005bce      0x2de cmake/stm32cubemx/CMakeFiles/USB_Device_Library.dir/__/__/Middlewares/ST/STM32_USB_Device_Library/Core/Src/usbd_ctlreq.c.obj
 .text.USBD_SetAddress
                0x08005eac       0x86 cmake/stm32cubemx/CMakeFiles/USB_Device_Library.dir/__/__/Middlewares/ST/STM32_USB_Device_Library/Core/Src/usbd_ctlreq.c.obj
 *fill*         0x08005f32        0x2 
 .text.USBD_SetConfig
                0x08005f34      0x11c cmake/stm32cubemx/CMakeFiles/USB_Device_Library.dir/__/__/Middlewares/ST/STM32_USB_Device_Library/Core/Src/usbd_ctlreq.c.obj
 .text.USBD_GetConfig
                0x08006050       0x6a cmake/stm32cubemx/CMakeFiles/USB_Device_Library.dir/__/__/Middlewares/ST/STM32_USB_Device_Library/Core/Src/usbd_ctlreq.c.obj
 .text.USBD_GetStatus
                0x080060ba       0x66 cmake/stm32cubemx/CMakeFiles/USB_Device_Library.dir/__/__/Middlewares/ST/STM32_USB_Device_Library/Core/Src/usbd_ctlreq.c.obj
 .text.USBD_SetFeature
                0x08006120       0x28 cmake/stm32cubemx/CMakeFiles/USB_Device_Library.dir/__/__/Middlewares/ST/STM32_USB_Device_Library/Core/Src/usbd_ctlreq.c.obj
 .text.USBD_ClrFeature
                0x08006148       0x42 cmake/stm32cubemx/CMakeFiles/USB_Device_Library.dir/__/__/Middlewares/ST/STM32_USB_Device_Library/Core/Src/usbd_ctlreq.c.obj
 .text.USBD_ParseSetupRequest
                0x0800618a       0x72 cmake/stm32cubemx/CMakeFiles/USB_Device_Library.dir/__/__/Middlewares/ST/STM32_USB_Device_Library/Core/Src/usbd_ctlreq.c.obj
                0x0800618a                USBD_ParseSetupRequest
 .text.USBD_CtlError
                0x080061fc       0x22 cmake/stm32cubemx/CMakeFiles/USB_Device_Library.dir/__/__/Middlewares/ST/STM32_USB_Device_Library/Core/Src/usbd_ctlreq.c.obj
                0x080061fc                USBD_CtlError
 .text.USBD_GetString
                0x0800621e       0x84 cmake/stm32cubemx/CMakeFiles/USB_Device_Library.dir/__/__/Middlewares/ST/STM32_USB_Device_Library/Core/Src/usbd_ctlreq.c.obj
                0x0800621e                USBD_GetString
 .text.USBD_GetLen
                0x080062a2       0x2e cmake/stm32cubemx/CMakeFiles/USB_Device_Library.dir/__/__/Middlewares/ST/STM32_USB_Device_Library/Core/Src/usbd_ctlreq.c.obj
 .text.USBD_CtlSendData
                0x080062d0       0x38 cmake/stm32cubemx/CMakeFiles/USB_Device_Library.dir/__/__/Middlewares/ST/STM32_USB_Device_Library/Core/Src/usbd_ioreq.c.obj
                0x080062d0                USBD_CtlSendData
 .text.USBD_CtlContinueSendData
                0x08006308       0x24 cmake/stm32cubemx/CMakeFiles/USB_Device_Library.dir/__/__/Middlewares/ST/STM32_USB_Device_Library/Core/Src/usbd_ioreq.c.obj
                0x08006308                USBD_CtlContinueSendData
 .text.USBD_CtlPrepareRx
                0x0800632c       0x3c cmake/stm32cubemx/CMakeFiles/USB_Device_Library.dir/__/__/Middlewares/ST/STM32_USB_Device_Library/Core/Src/usbd_ioreq.c.obj
                0x0800632c                USBD_CtlPrepareRx
 .text.USBD_CtlContinueRx
                0x08006368       0x24 cmake/stm32cubemx/CMakeFiles/USB_Device_Library.dir/__/__/Middlewares/ST/STM32_USB_Device_Library/Core/Src/usbd_ioreq.c.obj
                0x08006368                USBD_CtlContinueRx
 .text.USBD_CtlSendStatus
                0x0800638c       0x26 cmake/stm32cubemx/CMakeFiles/USB_Device_Library.dir/__/__/Middlewares/ST/STM32_USB_Device_Library/Core/Src/usbd_ioreq.c.obj
                0x0800638c                USBD_CtlSendStatus
 .text.USBD_CtlReceiveStatus
                0x080063b2       0x26 cmake/stm32cubemx/CMakeFiles/USB_Device_Library.dir/__/__/Middlewares/ST/STM32_USB_Device_Library/Core/Src/usbd_ioreq.c.obj
                0x080063b2                USBD_CtlReceiveStatus
 .text.USBD_CDC_Init
                0x080063d8       0xf4 cmake/stm32cubemx/CMakeFiles/USB_Device_Library.dir/__/__/Middlewares/ST/STM32_USB_Device_Library/Class/CDC/Src/usbd_cdc.c.obj
 .text.USBD_CDC_DeInit
                0x080064cc       0x6e cmake/stm32cubemx/CMakeFiles/USB_Device_Library.dir/__/__/Middlewares/ST/STM32_USB_Device_Library/Class/CDC/Src/usbd_cdc.c.obj
 .text.USBD_CDC_Setup
                0x0800653a      0x146 cmake/stm32cubemx/CMakeFiles/USB_Device_Library.dir/__/__/Middlewares/ST/STM32_USB_Device_Library/Class/CDC/Src/usbd_cdc.c.obj
 .text.USBD_CDC_DataIn
                0x08006680       0xa6 cmake/stm32cubemx/CMakeFiles/USB_Device_Library.dir/__/__/Middlewares/ST/STM32_USB_Device_Library/Class/CDC/Src/usbd_cdc.c.obj
 .text.USBD_CDC_DataOut
                0x08006726       0x56 cmake/stm32cubemx/CMakeFiles/USB_Device_Library.dir/__/__/Middlewares/ST/STM32_USB_Device_Library/Class/CDC/Src/usbd_cdc.c.obj
 .text.USBD_CDC_EP0_RxReady
                0x0800677c       0x4e cmake/stm32cubemx/CMakeFiles/USB_Device_Library.dir/__/__/Middlewares/ST/STM32_USB_Device_Library/Class/CDC/Src/usbd_cdc.c.obj
 *fill*         0x080067ca        0x2 
 .text.USBD_CDC_GetFSCfgDesc
                0x080067cc       0x20 cmake/stm32cubemx/CMakeFiles/USB_Device_Library.dir/__/__/Middlewares/ST/STM32_USB_Device_Library/Class/CDC/Src/usbd_cdc.c.obj
 .text.USBD_CDC_GetHSCfgDesc
                0x080067ec       0x20 cmake/stm32cubemx/CMakeFiles/USB_Device_Library.dir/__/__/Middlewares/ST/STM32_USB_Device_Library/Class/CDC/Src/usbd_cdc.c.obj
 .text.USBD_CDC_GetOtherSpeedCfgDesc
                0x0800680c       0x20 cmake/stm32cubemx/CMakeFiles/USB_Device_Library.dir/__/__/Middlewares/ST/STM32_USB_Device_Library/Class/CDC/Src/usbd_cdc.c.obj
 .text.USBD_CDC_GetDeviceQualifierDescriptor
                0x0800682c       0x20 cmake/stm32cubemx/CMakeFiles/USB_Device_Library.dir/__/__/Middlewares/ST/STM32_USB_Device_Library/Class/CDC/Src/usbd_cdc.c.obj
                0x0800682c                USBD_CDC_GetDeviceQualifierDescriptor
 .text.USBD_CDC_RegisterInterface
                0x0800684c       0x2c cmake/stm32cubemx/CMakeFiles/USB_Device_Library.dir/__/__/Middlewares/ST/STM32_USB_Device_Library/Class/CDC/Src/usbd_cdc.c.obj
                0x0800684c                USBD_CDC_RegisterInterface
 .text.USBD_CDC_SetTxBuffer
                0x08006878       0x32 cmake/stm32cubemx/CMakeFiles/USB_Device_Library.dir/__/__/Middlewares/ST/STM32_USB_Device_Library/Class/CDC/Src/usbd_cdc.c.obj
                0x08006878                USBD_CDC_SetTxBuffer
 .text.USBD_CDC_SetRxBuffer
                0x080068aa       0x26 cmake/stm32cubemx/CMakeFiles/USB_Device_Library.dir/__/__/Middlewares/ST/STM32_USB_Device_Library/Class/CDC/Src/usbd_cdc.c.obj
                0x080068aa                USBD_CDC_SetRxBuffer
 .text.USBD_CDC_ReceivePacket
                0x080068d0       0x54 cmake/stm32cubemx/CMakeFiles/USB_Device_Library.dir/__/__/Middlewares/ST/STM32_USB_Device_Library/Class/CDC/Src/usbd_cdc.c.obj
                0x080068d0                USBD_CDC_ReceivePacket
 .text.HAL_PCD_MspInit
                0x08006924       0x4c CMakeFiles/TEST_make.dir/USB_DEVICE/Target/usbd_conf.c.obj
                0x08006924                HAL_PCD_MspInit
 .text.HAL_PCD_SetupStageCallback
                0x08006970       0x24 CMakeFiles/TEST_make.dir/USB_DEVICE/Target/usbd_conf.c.obj
                0x08006970                HAL_PCD_SetupStageCallback
 .text.HAL_PCD_DataOutStageCallback
                0x08006994       0x36 CMakeFiles/TEST_make.dir/USB_DEVICE/Target/usbd_conf.c.obj
                0x08006994                HAL_PCD_DataOutStageCallback
 .text.HAL_PCD_DataInStageCallback
                0x080069ca       0x34 CMakeFiles/TEST_make.dir/USB_DEVICE/Target/usbd_conf.c.obj
                0x080069ca                HAL_PCD_DataInStageCallback
 .text.HAL_PCD_SOFCallback
                0x080069fe       0x1c CMakeFiles/TEST_make.dir/USB_DEVICE/Target/usbd_conf.c.obj
                0x080069fe                HAL_PCD_SOFCallback
 .text.HAL_PCD_ResetCallback
                0x08006a1a       0x3c CMakeFiles/TEST_make.dir/USB_DEVICE/Target/usbd_conf.c.obj
                0x08006a1a                HAL_PCD_ResetCallback
 *fill*         0x08006a56        0x2 
 .text.HAL_PCD_SuspendCallback
                0x08006a58       0x34 CMakeFiles/TEST_make.dir/USB_DEVICE/Target/usbd_conf.c.obj
                0x08006a58                HAL_PCD_SuspendCallback
 .text.HAL_PCD_ResumeCallback
                0x08006a8c       0x1c CMakeFiles/TEST_make.dir/USB_DEVICE/Target/usbd_conf.c.obj
                0x08006a8c                HAL_PCD_ResumeCallback
 .text.USBD_LL_Init
                0x08006aa8       0xb4 CMakeFiles/TEST_make.dir/USB_DEVICE/Target/usbd_conf.c.obj
                0x08006aa8                USBD_LL_Init
 .text.USBD_LL_Start
                0x08006b5c       0x36 CMakeFiles/TEST_make.dir/USB_DEVICE/Target/usbd_conf.c.obj
                0x08006b5c                USBD_LL_Start
 .text.USBD_LL_OpenEP
                0x08006b92       0x4c CMakeFiles/TEST_make.dir/USB_DEVICE/Target/usbd_conf.c.obj
                0x08006b92                USBD_LL_OpenEP
 .text.USBD_LL_CloseEP
                0x08006bde       0x3e CMakeFiles/TEST_make.dir/USB_DEVICE/Target/usbd_conf.c.obj
                0x08006bde                USBD_LL_CloseEP
 .text.USBD_LL_StallEP
                0x08006c1c       0x3e CMakeFiles/TEST_make.dir/USB_DEVICE/Target/usbd_conf.c.obj
                0x08006c1c                USBD_LL_StallEP
 .text.USBD_LL_ClearStallEP
                0x08006c5a       0x3e CMakeFiles/TEST_make.dir/USB_DEVICE/Target/usbd_conf.c.obj
                0x08006c5a                USBD_LL_ClearStallEP
 .text.USBD_LL_IsStallEP
                0x08006c98       0x56 CMakeFiles/TEST_make.dir/USB_DEVICE/Target/usbd_conf.c.obj
                0x08006c98                USBD_LL_IsStallEP
 .text.USBD_LL_SetUSBAddress
                0x08006cee       0x3e CMakeFiles/TEST_make.dir/USB_DEVICE/Target/usbd_conf.c.obj
                0x08006cee                USBD_LL_SetUSBAddress
 .text.USBD_LL_Transmit
                0x08006d2c       0x46 CMakeFiles/TEST_make.dir/USB_DEVICE/Target/usbd_conf.c.obj
                0x08006d2c                USBD_LL_Transmit
 .text.USBD_LL_PrepareReceive
                0x08006d72       0x46 CMakeFiles/TEST_make.dir/USB_DEVICE/Target/usbd_conf.c.obj
                0x08006d72                USBD_LL_PrepareReceive
 .text.USBD_LL_GetRxDataSize
                0x08006db8       0x26 CMakeFiles/TEST_make.dir/USB_DEVICE/Target/usbd_conf.c.obj
                0x08006db8                USBD_LL_GetRxDataSize
 *fill*         0x08006dde        0x2 
 .text.USBD_static_malloc
                0x08006de0       0x18 CMakeFiles/TEST_make.dir/USB_DEVICE/Target/usbd_conf.c.obj
                0x08006de0                USBD_static_malloc
 .text.USBD_static_free
                0x08006df8       0x12 CMakeFiles/TEST_make.dir/USB_DEVICE/Target/usbd_conf.c.obj
                0x08006df8                USBD_static_free
 .text.HAL_PCDEx_SetConnectionState
                0x08006e0a       0x16 CMakeFiles/TEST_make.dir/USB_DEVICE/Target/usbd_conf.c.obj
                0x08006e0a                HAL_PCDEx_SetConnectionState
 .text.USBD_Get_USB_Status
                0x08006e20       0x54 CMakeFiles/TEST_make.dir/USB_DEVICE/Target/usbd_conf.c.obj
 .text.MX_USB_DEVICE_Init
                0x08006e74       0x60 CMakeFiles/TEST_make.dir/USB_DEVICE/App/usb_device.c.obj
                0x08006e74                MX_USB_DEVICE_Init
 .text.USBD_FS_DeviceDescriptor
                0x08006ed4       0x24 CMakeFiles/TEST_make.dir/USB_DEVICE/App/usbd_desc.c.obj
                0x08006ed4                USBD_FS_DeviceDescriptor
 .text.USBD_FS_LangIDStrDescriptor
                0x08006ef8       0x24 CMakeFiles/TEST_make.dir/USB_DEVICE/App/usbd_desc.c.obj
                0x08006ef8                USBD_FS_LangIDStrDescriptor
 .text.USBD_FS_ProductStrDescriptor
                0x08006f1c       0x3c CMakeFiles/TEST_make.dir/USB_DEVICE/App/usbd_desc.c.obj
                0x08006f1c                USBD_FS_ProductStrDescriptor
 .text.USBD_FS_ManufacturerStrDescriptor
                0x08006f58       0x28 CMakeFiles/TEST_make.dir/USB_DEVICE/App/usbd_desc.c.obj
                0x08006f58                USBD_FS_ManufacturerStrDescriptor
 .text.USBD_FS_SerialStrDescriptor
                0x08006f80       0x24 CMakeFiles/TEST_make.dir/USB_DEVICE/App/usbd_desc.c.obj
                0x08006f80                USBD_FS_SerialStrDescriptor
 .text.USBD_FS_ConfigStrDescriptor
                0x08006fa4       0x3c CMakeFiles/TEST_make.dir/USB_DEVICE/App/usbd_desc.c.obj
                0x08006fa4                USBD_FS_ConfigStrDescriptor
 .text.USBD_FS_InterfaceStrDescriptor
                0x08006fe0       0x3c CMakeFiles/TEST_make.dir/USB_DEVICE/App/usbd_desc.c.obj
                0x08006fe0                USBD_FS_InterfaceStrDescriptor
 .text.Get_SerialNum
                0x0800701c       0x58 CMakeFiles/TEST_make.dir/USB_DEVICE/App/usbd_desc.c.obj
 .text.IntToUnicode
                0x08007074       0x7c CMakeFiles/TEST_make.dir/USB_DEVICE/App/usbd_desc.c.obj
 .text.CDC_Init_FS
                0x080070f0       0x28 CMakeFiles/TEST_make.dir/USB_DEVICE/App/usbd_cdc_if.c.obj
 .text.CDC_DeInit_FS
                0x08007118        0xe CMakeFiles/TEST_make.dir/USB_DEVICE/App/usbd_cdc_if.c.obj
 .text.CDC_Control_FS
                0x08007126       0x86 CMakeFiles/TEST_make.dir/USB_DEVICE/App/usbd_cdc_if.c.obj
 .text.CDC_Receive_FS
                0x080071ac       0x28 CMakeFiles/TEST_make.dir/USB_DEVICE/App/usbd_cdc_if.c.obj
 .text.main     0x080071d4       0x18 CMakeFiles/TEST_make.dir/Core/Src/main.c.obj
                0x080071d4                main
 .text.SystemClock_Config
                0x080071ec       0xb4 CMakeFiles/TEST_make.dir/Core/Src/main.c.obj
                0x080071ec                SystemClock_Config
 .text.MX_GPIO_Init
                0x080072a0       0x98 CMakeFiles/TEST_make.dir/Core/Src/main.c.obj
 .text.Error_Handler
                0x08007338        0xc CMakeFiles/TEST_make.dir/Core/Src/main.c.obj
                0x08007338                Error_Handler
 .text.NMI_Handler
                0x08007344        0x8 CMakeFiles/TEST_make.dir/Core/Src/stm32f1xx_it.c.obj
                0x08007344                NMI_Handler
 .text.HardFault_Handler
                0x0800734c        0x8 CMakeFiles/TEST_make.dir/Core/Src/stm32f1xx_it.c.obj
                0x0800734c                HardFault_Handler
 .text.MemManage_Handler
                0x08007354        0x8 CMakeFiles/TEST_make.dir/Core/Src/stm32f1xx_it.c.obj
                0x08007354                MemManage_Handler
 .text.BusFault_Handler
                0x0800735c        0x8 CMakeFiles/TEST_make.dir/Core/Src/stm32f1xx_it.c.obj
                0x0800735c                BusFault_Handler
 .text.UsageFault_Handler
                0x08007364        0x8 CMakeFiles/TEST_make.dir/Core/Src/stm32f1xx_it.c.obj
                0x08007364                UsageFault_Handler
 .text.SVC_Handler
                0x0800736c        0xc CMakeFiles/TEST_make.dir/Core/Src/stm32f1xx_it.c.obj
                0x0800736c                SVC_Handler
 .text.DebugMon_Handler
                0x08007378        0xc CMakeFiles/TEST_make.dir/Core/Src/stm32f1xx_it.c.obj
                0x08007378                DebugMon_Handler
 .text.PendSV_Handler
                0x08007384        0xc CMakeFiles/TEST_make.dir/Core/Src/stm32f1xx_it.c.obj
                0x08007384                PendSV_Handler
 .text.SysTick_Handler
                0x08007390        0xc CMakeFiles/TEST_make.dir/Core/Src/stm32f1xx_it.c.obj
                0x08007390                SysTick_Handler
 .text.USB_LP_CAN1_RX0_IRQHandler
                0x0800739c       0x14 CMakeFiles/TEST_make.dir/Core/Src/stm32f1xx_it.c.obj
                0x0800739c                USB_LP_CAN1_RX0_IRQHandler
 .text.HAL_MspInit
                0x080073b0       0x64 CMakeFiles/TEST_make.dir/Core/Src/stm32f1xx_hal_msp.c.obj
                0x080073b0                HAL_MspInit
 .text.Reset_Handler
                0x08007414       0x48 CMakeFiles/TEST_make.dir/startup_stm32f103x6.s.obj
                0x08007414                Reset_Handler
 .text.Default_Handler
                0x0800745c        0x2 CMakeFiles/TEST_make.dir/startup_stm32f103x6.s.obj
                0x0800745c                RTC_Alarm_IRQHandler
                0x0800745c                EXTI2_IRQHandler
                0x0800745c                TIM1_CC_IRQHandler
                0x0800745c                PVD_IRQHandler
                0x0800745c                EXTI3_IRQHandler
                0x0800745c                EXTI0_IRQHandler
                0x0800745c                ADC1_2_IRQHandler
                0x0800745c                SPI1_IRQHandler
                0x0800745c                TAMPER_IRQHandler
                0x0800745c                DMA1_Channel4_IRQHandler
                0x0800745c                RTC_IRQHandler
                0x0800745c                DMA1_Channel7_IRQHandler
                0x0800745c                CAN1_RX1_IRQHandler
                0x0800745c                I2C1_EV_IRQHandler
                0x0800745c                DMA1_Channel6_IRQHandler
                0x0800745c                TIM3_IRQHandler
                0x0800745c                RCC_IRQHandler
                0x0800745c                TIM1_TRG_COM_IRQHandler
                0x0800745c                DMA1_Channel1_IRQHandler
                0x0800745c                Default_Handler
                0x0800745c                EXTI15_10_IRQHandler
                0x0800745c                EXTI9_5_IRQHandler
                0x0800745c                DMA1_Channel5_IRQHandler
                0x0800745c                EXTI4_IRQHandler
                0x0800745c                USB_HP_CAN1_TX_IRQHandler
                0x0800745c                DMA1_Channel3_IRQHandler
                0x0800745c                TIM1_UP_IRQHandler
                0x0800745c                WWDG_IRQHandler
                0x0800745c                TIM2_IRQHandler
                0x0800745c                TIM1_BRK_IRQHandler
                0x0800745c                EXTI1_IRQHandler
                0x0800745c                USART2_IRQHandler
                0x0800745c                DMA1_Channel2_IRQHandler
                0x0800745c                CAN1_SCE_IRQHandler
                0x0800745c                FLASH_IRQHandler
                0x0800745c                USART1_IRQHandler
                0x0800745c                I2C1_ER_IRQHandler
                0x0800745c                USBWakeUp_IRQHandler
 .text.memset   0x0800745e       0x10 S:/arm_gcc/arm-gnu-toolchain-15.3.rel1-mingw-w64-i686-arm-none-eabi/bin/../lib/gcc/arm-none-eabi/15.3.1/../../../../arm-none-eabi/lib/thumb/v7-m/nofp\libg_nano.a(libc_a-memset.o)
                0x0800745e                memset
 *fill*         0x0800746e        0x2 
 .text.__libc_init_array
                0x08007470       0x48 S:/arm_gcc/arm-gnu-toolchain-15.3.rel1-mingw-w64-i686-arm-none-eabi/bin/../lib/gcc/arm-none-eabi/15.3.1/../../../../arm-none-eabi/lib/thumb/v7-m/nofp\libg_nano.a(libc_a-init.o)
                0x08007470                __libc_init_array
 *(.glue_7)
 .glue_7        0x080074b8        0x0 linker stubs
 *(.glue_7t)
 .glue_7t       0x080074b8        0x0 linker stubs
 *(.eh_frame)
 .eh_frame      0x080074b8        0x0 S:/arm_gcc/arm-gnu-toolchain-15.3.rel1-mingw-w64-i686-arm-none-eabi/bin/../lib/gcc/arm-none-eabi/15.3.1/thumb/v7-m/nofp/crtbegin.o
 *(.init)
 .init          0x080074b8        0x4 S:/arm_gcc/arm-gnu-toolchain-15.3.rel1-mingw-w64-i686-arm-none-eabi/bin/../lib/gcc/arm-none-eabi/15.3.1/thumb/v7-m/nofp/crti.o
                0x080074b8                _init
 .init          0x080074bc        0x8 S:/arm_gcc/arm-gnu-toolchain-15.3.rel1-mingw-w64-i686-arm-none-eabi/bin/../lib/gcc/arm-none-eabi/15.3.1/thumb/v7-m/nofp/crtn.o
 *(.fini)
 .fini          0x080074c4        0x4 S:/arm_gcc/arm-gnu-toolchain-15.3.rel1-mingw-w64-i686-arm-none-eabi/bin/../lib/gcc/arm-none-eabi/15.3.1/thumb/v7-m/nofp/crti.o
                0x080074c4                _fini
 .fini          0x080074c8        0x8 S:/arm_gcc/arm-gnu-toolchain-15.3.rel1-mingw-w64-i686-arm-none-eabi/bin/../lib/gcc/arm-none-eabi/15.3.1/thumb/v7-m/nofp/crtn.o
                0x080074d0                        . = ALIGN (0x4)
                0x080074d0                        _etext = .

.vfp11_veneer   0x080074d0        0x0
 .vfp11_veneer  0x080074d0        0x0 linker stubs

.v4_bx          0x080074d0        0x0
 .v4_bx         0x080074d0        0x0 linker stubs

.iplt           0x080074d0        0x0
 .iplt          0x080074d0        0x0 S:/arm_gcc/arm-gnu-toolchain-15.3.rel1-mingw-w64-i686-arm-none-eabi/bin/../lib/gcc/arm-none-eabi/15.3.1/thumb/v7-m/nofp/crtbegin.o

.rodata         0x080074d0       0x6c
                0x080074d0                        . = ALIGN (0x4)
 *(.rodata)
 .rodata        0x080074d0       0x46 CMakeFiles/TEST_make.dir/USB_DEVICE/App/usbd_desc.c.obj
 *(.rodata*)
 *fill*         0x08007516        0x2 
 .rodata.AHBPrescTable
                0x08007518       0x10 cmake/stm32cubemx/CMakeFiles/STM32_Drivers.dir/__/__/Core/Src/system_stm32f1xx.c.obj
                0x08007518                AHBPrescTable
 .rodata.aPLLMULFactorTable.1
                0x08007528       0x10 cmake/stm32cubemx/CMakeFiles/STM32_Drivers.dir/__/__/Drivers/STM32F1xx_HAL_Driver/Src/stm32f1xx_hal_rcc.c.obj
 .rodata.aPredivFactorTable.0
                0x08007538        0x2 cmake/stm32cubemx/CMakeFiles/STM32_Drivers.dir/__/__/Drivers/STM32F1xx_HAL_Driver/Src/stm32f1xx_hal_rcc.c.obj
                0x0800753c                        . = ALIGN (0x4)
 *fill*         0x0800753a        0x2 

.ARM.extab      0x0800753c        0x0
                0x0800753c                        . = ALIGN (0x4)
 *(.ARM.extab* .gnu.linkonce.armextab.*)
                0x0800753c                        . = ALIGN (0x4)

.ARM            0x0800753c        0x0
                0x0800753c                        . = ALIGN (0x4)
                0x0800753c                        __exidx_start = .
 *(.ARM.exidx*)
                0x0800753c                        __exidx_end = .
                0x0800753c                        . = ALIGN (0x4)

.preinit_array  0x0800753c        0x0
                0x0800753c                        . = ALIGN (0x4)
                0x0800753c                        PROVIDE (__preinit_array_start = .)
 *(.preinit_array*)
                0x0800753c                        PROVIDE (__preinit_array_end = .)
                0x0800753c                        . = ALIGN (0x4)

.init_array     0x0800753c        0x4
                0x0800753c                        . = ALIGN (0x4)
                0x0800753c                        PROVIDE (__init_array_start = .)
 *(SORT_BY_NAME(.init_array.*))
 *(.init_array*)
 .init_array    0x0800753c        0x4 S:/arm_gcc/arm-gnu-toolchain-15.3.rel1-mingw-w64-i686-arm-none-eabi/bin/../lib/gcc/arm-none-eabi/15.3.1/thumb/v7-m/nofp/crtbegin.o
                0x08007540                        PROVIDE (__init_array_end = .)
                0x08007540                        . = ALIGN (0x4)

.fini_array     0x08007540        0x4
                0x08007540                        . = ALIGN (0x4)
                [!provide]                        PROVIDE (__fini_array_start = .)
 *(SORT_BY_NAME(.fini_array.*))
 *(.fini_array*)
 .fini_array    0x08007540        0x4 S:/arm_gcc/arm-gnu-toolchain-15.3.rel1-mingw-w64-i686-arm-none-eabi/bin/../lib/gcc/arm-none-eabi/15.3.1/thumb/v7-m/nofp/crtbegin.o
                [!provide]                        PROVIDE (__fini_array_end = .)
                0x08007544                        . = ALIGN (0x4)
                0x08007544                        _sidata = LOADADDR (.data)

.rel.dyn        0x08007544        0x0
 .rel.iplt      0x08007544        0x0 S:/arm_gcc/arm-gnu-toolchain-15.3.rel1-mingw-w64-i686-arm-none-eabi/bin/../lib/gcc/arm-none-eabi/15.3.1/thumb/v7-m/nofp/crtbegin.o

.data           0x20000000      0x17c load address 0x08007544
                0x20000000                        . = ALIGN (0x4)
                0x20000000                        _sdata = .
 *(.data)
 *(.data*)
 .data.SystemCoreClock
                0x20000000        0x4 cmake/stm32cubemx/CMakeFiles/STM32_Drivers.dir/__/__/Core/Src/system_stm32f1xx.c.obj
                0x20000000                SystemCoreClock
 .data.uwTickPrio
                0x20000004        0x4 cmake/stm32cubemx/CMakeFiles/STM32_Drivers.dir/__/__/Drivers/STM32F1xx_HAL_Driver/Src/stm32f1xx_hal.c.obj
                0x20000004                uwTickPrio
 .data.uwTickFreq
                0x20000008        0x1 cmake/stm32cubemx/CMakeFiles/STM32_Drivers.dir/__/__/Drivers/STM32F1xx_HAL_Driver/Src/stm32f1xx_hal.c.obj
                0x20000008                uwTickFreq
 *fill*         0x20000009        0x3 
 .data.USBD_CDC_DeviceQualifierDesc
                0x2000000c        0xa cmake/stm32cubemx/CMakeFiles/USB_Device_Library.dir/__/__/Middlewares/ST/STM32_USB_Device_Library/Class/CDC/Src/usbd_cdc.c.obj
 *fill*         0x20000016        0x2 
 .data.USBD_CDC
                0x20000018       0x38 cmake/stm32cubemx/CMakeFiles/USB_Device_Library.dir/__/__/Middlewares/ST/STM32_USB_Device_Library/Class/CDC/Src/usbd_cdc.c.obj
                0x20000018                USBD_CDC
 .data.USBD_CDC_CfgHSDesc
                0x20000050       0x43 cmake/stm32cubemx/CMakeFiles/USB_Device_Library.dir/__/__/Middlewares/ST/STM32_USB_Device_Library/Class/CDC/Src/usbd_cdc.c.obj
                0x20000050                USBD_CDC_CfgHSDesc
 *fill*         0x20000093        0x1 
 .data.USBD_CDC_CfgFSDesc
                0x20000094       0x43 cmake/stm32cubemx/CMakeFiles/USB_Device_Library.dir/__/__/Middlewares/ST/STM32_USB_Device_Library/Class/CDC/Src/usbd_cdc.c.obj
                0x20000094                USBD_CDC_CfgFSDesc
 *fill*         0x200000d7        0x1 
 .data.USBD_CDC_OtherSpeedCfgDesc
                0x200000d8       0x43 cmake/stm32cubemx/CMakeFiles/USB_Device_Library.dir/__/__/Middlewares/ST/STM32_USB_Device_Library/Class/CDC/Src/usbd_cdc.c.obj
                0x200000d8                USBD_CDC_OtherSpeedCfgDesc
 *fill*         0x2000011b        0x1 
 .data.FS_Desc  0x2000011c       0x1c CMakeFiles/TEST_make.dir/USB_DEVICE/App/usbd_desc.c.obj
                0x2000011c                FS_Desc
 .data.USBD_FS_DeviceDesc
                0x20000138       0x12 CMakeFiles/TEST_make.dir/USB_DEVICE/App/usbd_desc.c.obj
                0x20000138                USBD_FS_DeviceDesc
 *fill*         0x2000014a        0x2 
 .data.USBD_LangIDDesc
                0x2000014c        0x4 CMakeFiles/TEST_make.dir/USB_DEVICE/App/usbd_desc.c.obj
                0x2000014c                USBD_LangIDDesc
 .data.USBD_StringSerial
                0x20000150       0x1a CMakeFiles/TEST_make.dir/USB_DEVICE/App/usbd_desc.c.obj
                0x20000150                USBD_StringSerial
 *fill*         0x2000016a        0x2 
 .data.USBD_Interface_fops_FS
                0x2000016c       0x10 CMakeFiles/TEST_make.dir/USB_DEVICE/App/usbd_cdc_if.c.obj
                0x2000016c                USBD_Interface_fops_FS
 *(.RamFunc)
 *(.RamFunc*)
                0x2000017c                        . = ALIGN (0x4)

.tm_clone_table
                0x2000017c        0x0 load address 0x080076c0
 .tm_clone_table
                0x2000017c        0x0 S:/arm_gcc/arm-gnu-toolchain-15.3.rel1-mingw-w64-i686-arm-none-eabi/bin/../lib/gcc/arm-none-eabi/15.3.1/thumb/v7-m/nofp/crtbegin.o
 .tm_clone_table
                0x2000017c        0x0 S:/arm_gcc/arm-gnu-toolchain-15.3.rel1-mingw-w64-i686-arm-none-eabi/bin/../lib/gcc/arm-none-eabi/15.3.1/thumb/v7-m/nofp/crtend.o

.igot.plt       0x2000017c        0x0 load address 0x080076c0
 .igot.plt      0x2000017c        0x0 S:/arm_gcc/arm-gnu-toolchain-15.3.rel1-mingw-w64-i686-arm-none-eabi/bin/../lib/gcc/arm-none-eabi/15.3.1/thumb/v7-m/nofp/crtbegin.o

.tdata          0x2000017c        0x0 load address 0x080076c0
 *(.tdata .tdata.* .gnu.linkonce.td.*)
                0x2000017c                        . = ALIGN (0x4)
                0x2000017c                        _edata = .
                [!provide]                        PROVIDE (__data_end = .)
                [!provide]                        PROVIDE (__tdata_end = .)
                [!provide]                        PROVIDE (__tdata_start = ADDR (.tdata))
                [!provide]                        PROVIDE (__tdata_size = (__tdata_end - __tdata_start))
                [!provide]                        PROVIDE (__data_start = ADDR (.data))
                [!provide]                        PROVIDE (__data_size = (__data_end - __data_start))
                [!provide]                        PROVIDE (__tdata_source = LOADADDR (.tdata))
                [!provide]                        PROVIDE (__tdata_source_end = (LOADADDR (.tdata) + SIZEOF (.tdata)))
                [!provide]                        PROVIDE (__tdata_source_size = (__tdata_source_end - __tdata_source))
                [!provide]                        PROVIDE (__data_source = LOADADDR (.data))
                [!provide]                        PROVIDE (__data_source_end = __tdata_source_end)
                [!provide]                        PROVIDE (__data_source_size = (__data_source_end - __data_source))

.tbss           0x2000017c        0x0 load address 0x080076c0
                0x2000017c                        _sbss = .
                0x2000017c                        __bss_start__ = _sbss
 *(.tbss .tbss.*)
                0x2000017c                        . = ALIGN (0x4)
                [!provide]                        PROVIDE (__tbss_end = .)
                [!provide]                        PROVIDE (__tbss_start = ADDR (.tbss))
                [!provide]                        PROVIDE (__tbss_size = (__tbss_end - __tbss_start))
                [!provide]                        PROVIDE (__tbss_offset = (ADDR (.tbss) - ADDR (.tdata)))
                [!provide]                        PROVIDE (__tls_base = __tdata_start)
                [!provide]                        PROVIDE (__tls_end = __tbss_end)
                [!provide]                        PROVIDE (__tls_size = (__tls_end - __tls_base))
                [!provide]                        PROVIDE (__tls_align = MAX (ALIGNOF (.tdata), ALIGNOF (.tbss)))
                [!provide]                        PROVIDE (__tls_size_align = (((__tls_size + __tls_align) - 0x1) & ~ ((__tls_align - 0x1))))
                [!provide]                        PROVIDE (__arm32_tls_tcb_offset = MAX (0x8, __tls_align))
                [!provide]                        PROVIDE (__arm64_tls_tcb_offset = MAX (0x10, __tls_align))

.bss            0x2000017c     0x11e0 load address 0x080076c0
 *(.bss)
 *(.bss*)
 .bss.completed.1
                0x2000017c        0x1 S:/arm_gcc/arm-gnu-toolchain-15.3.rel1-mingw-w64-i686-arm-none-eabi/bin/../lib/gcc/arm-none-eabi/15.3.1/thumb/v7-m/nofp/crtbegin.o
 *fill*         0x2000017d        0x3 
 .bss.object.0  0x20000180       0x18 S:/arm_gcc/arm-gnu-toolchain-15.3.rel1-mingw-w64-i686-arm-none-eabi/bin/../lib/gcc/arm-none-eabi/15.3.1/thumb/v7-m/nofp/crtbegin.o
 .bss.uwTick    0x20000198        0x4 cmake/stm32cubemx/CMakeFiles/STM32_Drivers.dir/__/__/Drivers/STM32F1xx_HAL_Driver/Src/stm32f1xx_hal.c.obj
                0x20000198                uwTick
 .bss.cfgidx.0  0x2000019c        0x1 cmake/stm32cubemx/CMakeFiles/USB_Device_Library.dir/__/__/Middlewares/ST/STM32_USB_Device_Library/Core/Src/usbd_ctlreq.c.obj
 *fill*         0x2000019d        0x3 
 .bss.hpcd_USB_FS
                0x200001a0      0x2d8 CMakeFiles/TEST_make.dir/USB_DEVICE/Target/usbd_conf.c.obj
                0x200001a0                hpcd_USB_FS
 .bss.mem.0     0x20000478      0x220 CMakeFiles/TEST_make.dir/USB_DEVICE/Target/usbd_conf.c.obj
 .bss.hUsbDeviceFS
                0x20000698      0x2c4 CMakeFiles/TEST_make.dir/USB_DEVICE/App/usb_device.c.obj
                0x20000698                hUsbDeviceFS
 .bss.USBD_StrDesc
                0x2000095c      0x200 CMakeFiles/TEST_make.dir/USB_DEVICE/App/usbd_desc.c.obj
                0x2000095c                USBD_StrDesc
 .bss.UserRxBufferFS
                0x20000b5c      0x400 CMakeFiles/TEST_make.dir/USB_DEVICE/App/usbd_cdc_if.c.obj
                0x20000b5c                UserRxBufferFS
 .bss.UserTxBufferFS
                0x20000f5c      0x400 CMakeFiles/TEST_make.dir/USB_DEVICE/App/usbd_cdc_if.c.obj
                0x20000f5c                UserTxBufferFS
 *(COMMON)
                0x2000135c                        . = ALIGN (0x4)
                0x2000135c                        _ebss = .
                0x2000135c                        __bss_end__ = _ebss
                [!provide]                        PROVIDE (__bss_end = .)
                [!provide]                        PROVIDE (__non_tls_bss_start = ADDR (.bss))
                [!provide]                        PROVIDE (__bss_start = __tbss_start)
                [!provide]                        PROVIDE (__bss_size = (__bss_end - __bss_start))

._user_heap_stack
                0x2000135c      0x604 load address 0x080076c0
                0x20001360                        . = ALIGN (0x8)
 *fill*         0x2000135c        0x4 
                [!provide]                        PROVIDE (end = .)
                0x20001360                        PROVIDE (_end = .)
                0x20001560                        . = (. + _Min_Heap_Size)
 *fill*         0x20001360      0x200 
                0x20001960                        . = (. + _Min_Stack_Size)
 *fill*         0x20001560      0x400 
                0x20001960                        . = ALIGN (0x8)

/DISCARD/
 libc.a:*(*)
 libm.a:*(*)
 libgcc.a:*(*)
OUTPUT(TEST_make.elf elf32-littlearm)
LOAD linker stubs

.ARM.attributes
                0x00000000       0x29
 .ARM.attributes
                0x00000000       0x1d S:/arm_gcc/arm-gnu-toolchain-15.3.rel1-mingw-w64-i686-arm-none-eabi/bin/../lib/gcc/arm-none-eabi/15.3.1/thumb/v7-m/nofp/crti.o
 .ARM.attributes
                0x0000001d       0x2d S:/arm_gcc/arm-gnu-toolchain-15.3.rel1-mingw-w64-i686-arm-none-eabi/bin/../lib/gcc/arm-none-eabi/15.3.1/thumb/v7-m/nofp/crtbegin.o
 .ARM.attributes
                0x0000004a       0x2d cmake/stm32cubemx/CMakeFiles/STM32_Drivers.dir/__/__/Core/Src/system_stm32f1xx.c.obj
 .ARM.attributes
                0x00000077       0x2d cmake/stm32cubemx/CMakeFiles/STM32_Drivers.dir/__/__/Drivers/STM32F1xx_HAL_Driver/Src/stm32f1xx_hal_pcd.c.obj
 .ARM.attributes
                0x000000a4       0x2d cmake/stm32cubemx/CMakeFiles/STM32_Drivers.dir/__/__/Drivers/STM32F1xx_HAL_Driver/Src/stm32f1xx_hal_pcd_ex.c.obj
 .ARM.attributes
                0x000000d1       0x2d cmake/stm32cubemx/CMakeFiles/STM32_Drivers.dir/__/__/Drivers/STM32F1xx_HAL_Driver/Src/stm32f1xx_ll_usb.c.obj
 .ARM.attributes
                0x000000fe       0x2d cmake/stm32cubemx/CMakeFiles/STM32_Drivers.dir/__/__/Drivers/STM32F1xx_HAL_Driver/Src/stm32f1xx_hal.c.obj
 .ARM.attributes
                0x0000012b       0x2d cmake/stm32cubemx/CMakeFiles/STM32_Drivers.dir/__/__/Drivers/STM32F1xx_HAL_Driver/Src/stm32f1xx_hal_rcc.c.obj
 .ARM.attributes
                0x00000158       0x2d cmake/stm32cubemx/CMakeFiles/STM32_Drivers.dir/__/__/Drivers/STM32F1xx_HAL_Driver/Src/stm32f1xx_hal_rcc_ex.c.obj
 .ARM.attributes
                0x00000185       0x2d cmake/stm32cubemx/CMakeFiles/STM32_Drivers.dir/__/__/Drivers/STM32F1xx_HAL_Driver/Src/stm32f1xx_hal_gpio.c.obj
 .ARM.attributes
                0x000001b2       0x2d cmake/stm32cubemx/CMakeFiles/STM32_Drivers.dir/__/__/Drivers/STM32F1xx_HAL_Driver/Src/stm32f1xx_hal_cortex.c.obj
 .ARM.attributes
                0x000001df       0x2d cmake/stm32cubemx/CMakeFiles/USB_Device_Library.dir/__/__/Middlewares/ST/STM32_USB_Device_Library/Core/Src/usbd_core.c.obj
 .ARM.attributes
                0x0000020c       0x2d cmake/stm32cubemx/CMakeFiles/USB_Device_Library.dir/__/__/Middlewares/ST/STM32_USB_Device_Library/Core/Src/usbd_ctlreq.c.obj
 .ARM.attributes
                0x00000239       0x2d cmake/stm32cubemx/CMakeFiles/USB_Device_Library.dir/__/__/Middlewares/ST/STM32_USB_Device_Library/Core/Src/usbd_ioreq.c.obj
 .ARM.attributes
                0x00000266       0x2d cmake/stm32cubemx/CMakeFiles/USB_Device_Library.dir/__/__/Middlewares/ST/STM32_USB_Device_Library/Class/CDC/Src/usbd_cdc.c.obj
 .ARM.attributes
                0x00000293       0x2d CMakeFiles/TEST_make.dir/USB_DEVICE/Target/usbd_conf.c.obj
 .ARM.attributes
                0x000002c0       0x2d CMakeFiles/TEST_make.dir/USB_DEVICE/App/usb_device.c.obj
 .ARM.attributes
                0x000002ed       0x2d CMakeFiles/TEST_make.dir/USB_DEVICE/App/usbd_desc.c.obj
 .ARM.attributes
                0x0000031a       0x2d CMakeFiles/TEST_make.dir/USB_DEVICE/App/usbd_cdc_if.c.obj
 .ARM.attributes
                0x00000347       0x2d CMakeFiles/TEST_make.dir/Core/Src/main.c.obj
 .ARM.attributes
                0x00000374       0x2d CMakeFiles/TEST_make.dir/Core/Src/stm32f1xx_it.c.obj
 .ARM.attributes
                0x000003a1       0x2d CMakeFiles/TEST_make.dir/Core/Src/stm32f1xx_hal_msp.c.obj
 .ARM.attributes
                0x000003ce       0x21 CMakeFiles/TEST_make.dir/startup_stm32f103x6.s.obj
 .ARM.attributes
                0x000003ef       0x2d S:/arm_gcc/arm-gnu-toolchain-15.3.rel1-mingw-w64-i686-arm-none-eabi/bin/../lib/gcc/arm-none-eabi/15.3.1/../../../../arm-none-eabi/lib/thumb/v7-m/nofp\libg_nano.a(libc_a-memset.o)
 .ARM.attributes
                0x0000041c       0x2d S:/arm_gcc/arm-gnu-toolchain-15.3.rel1-mingw-w64-i686-arm-none-eabi/bin/../lib/gcc/arm-none-eabi/15.3.1/../../../../arm-none-eabi/lib/thumb/v7-m/nofp\libg_nano.a(libc_a-init.o)
 .ARM.attributes
                0x00000449       0x2d S:/arm_gcc/arm-gnu-toolchain-15.3.rel1-mingw-w64-i686-arm-none-eabi/bin/../lib/gcc/arm-none-eabi/15.3.1/thumb/v7-m/nofp/crtend.o
 .ARM.attributes
                0x00000476       0x1d S:/arm_gcc/arm-gnu-toolchain-15.3.rel1-mingw-w64-i686-arm-none-eabi/bin/../lib/gcc/arm-none-eabi/15.3.1/thumb/v7-m/nofp/crtn.o

.comment        0x00000000       0x46
 .comment       0x00000000       0x46 cmake/stm32cubemx/CMakeFiles/STM32_Drivers.dir/__/__/Core/Src/system_stm32f1xx.c.obj
                                 0x47 (size before relaxing)
 .comment       0x00000046        0x0 cmake/stm32cubemx/CMakeFiles/STM32_Drivers.dir/__/__/Drivers/STM32F1xx_HAL_Driver/Src/stm32f1xx_hal_pcd.c.obj
                                 0x47 (size before relaxing)
 .comment       0x00000046        0x0 cmake/stm32cubemx/CMakeFiles/STM32_Drivers.dir/__/__/Drivers/STM32F1xx_HAL_Driver/Src/stm32f1xx_hal_pcd_ex.c.obj
                                 0x47 (size before relaxing)
 .comment       0x00000046        0x0 cmake/stm32cubemx/CMakeFiles/STM32_Drivers.dir/__/__/Drivers/STM32F1xx_HAL_Driver/Src/stm32f1xx_ll_usb.c.obj
                                 0x47 (size before relaxing)
 .comment       0x00000046        0x0 cmake/stm32cubemx/CMakeFiles/STM32_Drivers.dir/__/__/Drivers/STM32F1xx_HAL_Driver/Src/stm32f1xx_hal.c.obj
                                 0x47 (size before relaxing)
 .comment       0x00000046        0x0 cmake/stm32cubemx/CMakeFiles/STM32_Drivers.dir/__/__/Drivers/STM32F1xx_HAL_Driver/Src/stm32f1xx_hal_rcc.c.obj
                                 0x47 (size before relaxing)
 .comment       0x00000046        0x0 cmake/stm32cubemx/CMakeFiles/STM32_Drivers.dir/__/__/Drivers/STM32F1xx_HAL_Driver/Src/stm32f1xx_hal_rcc_ex.c.obj
                                 0x47 (size before relaxing)
 .comment       0x00000046        0x0 cmake/stm32cubemx/CMakeFiles/STM32_Drivers.dir/__/__/Drivers/STM32F1xx_HAL_Driver/Src/stm32f1xx_hal_gpio.c.obj
                                 0x47 (size before relaxing)
 .comment       0x00000046        0x0 cmake/stm32cubemx/CMakeFiles/STM32_Drivers.dir/__/__/Drivers/STM32F1xx_HAL_Driver/Src/stm32f1xx_hal_cortex.c.obj
                                 0x47 (size before relaxing)
 .comment       0x00000046        0x0 cmake/stm32cubemx/CMakeFiles/USB_Device_Library.dir/__/__/Middlewares/ST/STM32_USB_Device_Library/Core/Src/usbd_core.c.obj
                                 0x47 (size before relaxing)
 .comment       0x00000046        0x0 cmake/stm32cubemx/CMakeFiles/USB_Device_Library.dir/__/__/Middlewares/ST/STM32_USB_Device_Library/Core/Src/usbd_ctlreq.c.obj
                                 0x47 (size before relaxing)
 .comment       0x00000046        0x0 cmake/stm32cubemx/CMakeFiles/USB_Device_Library.dir/__/__/Middlewares/ST/STM32_USB_Device_Library/Core/Src/usbd_ioreq.c.obj
                                 0x47 (size before relaxing)
 .comment       0x00000046        0x0 cmake/stm32cubemx/CMakeFiles/USB_Device_Library.dir/__/__/Middlewares/ST/STM32_USB_Device_Library/Class/CDC/Src/usbd_cdc.c.obj
                                 0x47 (size before relaxing)
 .comment       0x00000046        0x0 CMakeFiles/TEST_make.dir/USB_DEVICE/Target/usbd_conf.c.obj
                                 0x47 (size before relaxing)
 .comment       0x00000046        0x0 CMakeFiles/TEST_make.dir/USB_DEVICE/App/usb_device.c.obj
                                 0x47 (size before relaxing)
 .comment       0x00000046        0x0 CMakeFiles/TEST_make.dir/USB_DEVICE/App/usbd_desc.c.obj
                                 0x47 (size before relaxing)
 .comment       0x00000046        0x0 CMakeFiles/TEST_make.dir/USB_DEVICE/App/usbd_cdc_if.c.obj
                                 0x47 (size before relaxing)
 .comment       0x00000046        0x0 CMakeFiles/TEST_make.dir/Core/Src/main.c.obj
                                 0x47 (size before relaxing)
 .comment       0x00000046        0x0 CMakeFiles/TEST_make.dir/Core/Src/stm32f1xx_it.c.obj
                                 0x47 (size before relaxing)
 .comment       0x00000046        0x0 CMakeFiles/TEST_make.dir/Core/Src/stm32f1xx_hal_msp.c.obj
                                 0x47 (size before relaxing)

.debug_info     0x00000000     0xbc74
 .debug_info    0x00000000      0x222 cmake/stm32cubemx/CMakeFiles/STM32_Drivers.dir/__/__/Core/Src/system_stm32f1xx.c.obj
 .debug_info    0x00000222     0x16dc cmake/stm32cubemx/CMakeFiles/STM32_Drivers.dir/__/__/Drivers/STM32F1xx_HAL_Driver/Src/stm32f1xx_hal_pcd.c.obj
 .debug_info    0x000018fe      0x6c3 cmake/stm32cubemx/CMakeFiles/STM32_Drivers.dir/__/__/Drivers/STM32F1xx_HAL_Driver/Src/stm32f1xx_hal_pcd_ex.c.obj
 .debug_info    0x00001fc1     0x17ae cmake/stm32cubemx/CMakeFiles/STM32_Drivers.dir/__/__/Drivers/STM32F1xx_HAL_Driver/Src/stm32f1xx_ll_usb.c.obj
 .debug_info    0x0000376f      0x6e6 cmake/stm32cubemx/CMakeFiles/STM32_Drivers.dir/__/__/Drivers/STM32F1xx_HAL_Driver/Src/stm32f1xx_hal.c.obj
 .debug_info    0x00003e55      0x7d5 cmake/stm32cubemx/CMakeFiles/STM32_Drivers.dir/__/__/Drivers/STM32F1xx_HAL_Driver/Src/stm32f1xx_hal_rcc.c.obj
 .debug_info    0x0000462a      0x3c0 cmake/stm32cubemx/CMakeFiles/STM32_Drivers.dir/__/__/Drivers/STM32F1xx_HAL_Driver/Src/stm32f1xx_hal_rcc_ex.c.obj
 .debug_info    0x000049ea      0x5ab cmake/stm32cubemx/CMakeFiles/STM32_Drivers.dir/__/__/Drivers/STM32F1xx_HAL_Driver/Src/stm32f1xx_hal_gpio.c.obj
 .debug_info    0x00004f95      0xa69 cmake/stm32cubemx/CMakeFiles/STM32_Drivers.dir/__/__/Drivers/STM32F1xx_HAL_Driver/Src/stm32f1xx_hal_cortex.c.obj
 .debug_info    0x000059fe      0xa52 cmake/stm32cubemx/CMakeFiles/USB_Device_Library.dir/__/__/Middlewares/ST/STM32_USB_Device_Library/Core/Src/usbd_core.c.obj
 .debug_info    0x00006450      0x91c cmake/stm32cubemx/CMakeFiles/USB_Device_Library.dir/__/__/Middlewares/ST/STM32_USB_Device_Library/Core/Src/usbd_ctlreq.c.obj
 .debug_info    0x00006d6c      0x6a0 cmake/stm32cubemx/CMakeFiles/USB_Device_Library.dir/__/__/Middlewares/ST/STM32_USB_Device_Library/Core/Src/usbd_ioreq.c.obj
 .debug_info    0x0000740c     0x1043 cmake/stm32cubemx/CMakeFiles/USB_Device_Library.dir/__/__/Middlewares/ST/STM32_USB_Device_Library/Class/CDC/Src/usbd_cdc.c.obj
 .debug_info    0x0000844f     0x1846 CMakeFiles/TEST_make.dir/USB_DEVICE/Target/usbd_conf.c.obj
 .debug_info    0x00009c95      0x63d CMakeFiles/TEST_make.dir/USB_DEVICE/App/usb_device.c.obj
 .debug_info    0x0000a2d2      0x44a CMakeFiles/TEST_make.dir/USB_DEVICE/App/usbd_desc.c.obj
 .debug_info    0x0000a71c      0x7ec CMakeFiles/TEST_make.dir/USB_DEVICE/App/usbd_cdc_if.c.obj
 .debug_info    0x0000af08      0x549 CMakeFiles/TEST_make.dir/Core/Src/main.c.obj
 .debug_info    0x0000b451      0x602 CMakeFiles/TEST_make.dir/Core/Src/stm32f1xx_it.c.obj
 .debug_info    0x0000ba53      0x1f1 CMakeFiles/TEST_make.dir/Core/Src/stm32f1xx_hal_msp.c.obj
 .debug_info    0x0000bc44       0x30 CMakeFiles/TEST_make.dir/startup_stm32f103x6.s.obj

.debug_abbrev   0x00000000     0x2915
 .debug_abbrev  0x00000000      0x13f cmake/stm32cubemx/CMakeFiles/STM32_Drivers.dir/__/__/Core/Src/system_stm32f1xx.c.obj
 .debug_abbrev  0x0000013f      0x2d6 cmake/stm32cubemx/CMakeFiles/STM32_Drivers.dir/__/__/Drivers/STM32F1xx_HAL_Driver/Src/stm32f1xx_hal_pcd.c.obj
 .debug_abbrev  0x00000415      0x189 cmake/stm32cubemx/CMakeFiles/STM32_Drivers.dir/__/__/Drivers/STM32F1xx_HAL_Driver/Src/stm32f1xx_hal_pcd_ex.c.obj
 .debug_abbrev  0x0000059e      0x1de cmake/stm32cubemx/CMakeFiles/STM32_Drivers.dir/__/__/Drivers/STM32F1xx_HAL_Driver/Src/stm32f1xx_ll_usb.c.obj
 .debug_abbrev  0x0000077c      0x201 cmake/stm32cubemx/CMakeFiles/STM32_Drivers.dir/__/__/Drivers/STM32F1xx_HAL_Driver/Src/stm32f1xx_hal.c.obj
 .debug_abbrev  0x0000097d      0x2b3 cmake/stm32cubemx/CMakeFiles/STM32_Drivers.dir/__/__/Drivers/STM32F1xx_HAL_Driver/Src/stm32f1xx_hal_rcc.c.obj
 .debug_abbrev  0x00000c30      0x188 cmake/stm32cubemx/CMakeFiles/STM32_Drivers.dir/__/__/Drivers/STM32F1xx_HAL_Driver/Src/stm32f1xx_hal_rcc_ex.c.obj
 .debug_abbrev  0x00000db8      0x1ca cmake/stm32cubemx/CMakeFiles/STM32_Drivers.dir/__/__/Drivers/STM32F1xx_HAL_Driver/Src/stm32f1xx_hal_gpio.c.obj
 .debug_abbrev  0x00000f82      0x2f8 cmake/stm32cubemx/CMakeFiles/STM32_Drivers.dir/__/__/Drivers/STM32F1xx_HAL_Driver/Src/stm32f1xx_hal_cortex.c.obj
 .debug_abbrev  0x0000127a      0x24a cmake/stm32cubemx/CMakeFiles/USB_Device_Library.dir/__/__/Middlewares/ST/STM32_USB_Device_Library/Core/Src/usbd_core.c.obj
 .debug_abbrev  0x000014c4      0x26b cmake/stm32cubemx/CMakeFiles/USB_Device_Library.dir/__/__/Middlewares/ST/STM32_USB_Device_Library/Core/Src/usbd_ctlreq.c.obj
 .debug_abbrev  0x0000172f      0x192 cmake/stm32cubemx/CMakeFiles/USB_Device_Library.dir/__/__/Middlewares/ST/STM32_USB_Device_Library/Core/Src/usbd_ioreq.c.obj
 .debug_abbrev  0x000018c1      0x2d3 cmake/stm32cubemx/CMakeFiles/USB_Device_Library.dir/__/__/Middlewares/ST/STM32_USB_Device_Library/Class/CDC/Src/usbd_cdc.c.obj
 .debug_abbrev  0x00001b94      0x316 CMakeFiles/TEST_make.dir/USB_DEVICE/Target/usbd_conf.c.obj
 .debug_abbrev  0x00001eaa      0x18d CMakeFiles/TEST_make.dir/USB_DEVICE/App/usb_device.c.obj
 .debug_abbrev  0x00002037      0x1ff CMakeFiles/TEST_make.dir/USB_DEVICE/App/usbd_desc.c.obj
 .debug_abbrev  0x00002236      0x25d CMakeFiles/TEST_make.dir/USB_DEVICE/App/usbd_cdc_if.c.obj
 .debug_abbrev  0x00002493      0x1f1 CMakeFiles/TEST_make.dir/Core/Src/main.c.obj
 .debug_abbrev  0x00002684      0x192 CMakeFiles/TEST_make.dir/Core/Src/stm32f1xx_it.c.obj
 .debug_abbrev  0x00002816       0xdb CMakeFiles/TEST_make.dir/Core/Src/stm32f1xx_hal_msp.c.obj
 .debug_abbrev  0x000028f1       0x24 CMakeFiles/TEST_make.dir/startup_stm32f103x6.s.obj

.debug_aranges  0x00000000      0xa70
 .debug_aranges
                0x00000000       0x28 cmake/stm32cubemx/CMakeFiles/STM32_Drivers.dir/__/__/Core/Src/system_stm32f1xx.c.obj
 .debug_aranges
                0x00000028      0x140 cmake/stm32cubemx/CMakeFiles/STM32_Drivers.dir/__/__/Drivers/STM32F1xx_HAL_Driver/Src/stm32f1xx_hal_pcd.c.obj
 .debug_aranges
                0x00000168       0x38 cmake/stm32cubemx/CMakeFiles/STM32_Drivers.dir/__/__/Drivers/STM32F1xx_HAL_Driver/Src/stm32f1xx_hal_pcd_ex.c.obj
 .debug_aranges
                0x000001a0       0xf8 cmake/stm32cubemx/CMakeFiles/STM32_Drivers.dir/__/__/Drivers/STM32F1xx_HAL_Driver/Src/stm32f1xx_ll_usb.c.obj
 .debug_aranges
                0x00000298       0xe0 cmake/stm32cubemx/CMakeFiles/STM32_Drivers.dir/__/__/Drivers/STM32F1xx_HAL_Driver/Src/stm32f1xx_hal.c.obj
 .debug_aranges
                0x00000378       0x90 cmake/stm32cubemx/CMakeFiles/STM32_Drivers.dir/__/__/Drivers/STM32F1xx_HAL_Driver/Src/stm32f1xx_hal_rcc.c.obj
 .debug_aranges
                0x00000408       0x30 cmake/stm32cubemx/CMakeFiles/STM32_Drivers.dir/__/__/Drivers/STM32F1xx_HAL_Driver/Src/stm32f1xx_hal_rcc_ex.c.obj
 .debug_aranges
                0x00000438       0x58 cmake/stm32cubemx/CMakeFiles/STM32_Drivers.dir/__/__/Drivers/STM32F1xx_HAL_Driver/Src/stm32f1xx_hal_gpio.c.obj
 .debug_aranges
                0x00000490      0x100 cmake/stm32cubemx/CMakeFiles/STM32_Drivers.dir/__/__/Drivers/STM32F1xx_HAL_Driver/Src/stm32f1xx_hal_cortex.c.obj
 .debug_aranges
                0x00000590       0xb8 cmake/stm32cubemx/CMakeFiles/USB_Device_Library.dir/__/__/Middlewares/ST/STM32_USB_Device_Library/Core/Src/usbd_core.c.obj
 .debug_aranges
                0x00000648       0x88 cmake/stm32cubemx/CMakeFiles/USB_Device_Library.dir/__/__/Middlewares/ST/STM32_USB_Device_Library/Core/Src/usbd_ctlreq.c.obj
 .debug_aranges
                0x000006d0       0x50 cmake/stm32cubemx/CMakeFiles/USB_Device_Library.dir/__/__/Middlewares/ST/STM32_USB_Device_Library/Core/Src/usbd_ioreq.c.obj
 .debug_aranges
                0x00000720       0x90 cmake/stm32cubemx/CMakeFiles/USB_Device_Library.dir/__/__/Middlewares/ST/STM32_USB_Device_Library/Class/CDC/Src/usbd_cdc.c.obj
 .debug_aranges
                0x000007b0      0x118 CMakeFiles/TEST_make.dir/USB_DEVICE/Target/usbd_conf.c.obj
 .debug_aranges
                0x000008c8       0x20 CMakeFiles/TEST_make.dir/USB_DEVICE/App/usb_device.c.obj
 .debug_aranges
                0x000008e8       0x60 CMakeFiles/TEST_make.dir/USB_DEVICE/App/usbd_desc.c.obj
 .debug_aranges
                0x00000948       0x40 CMakeFiles/TEST_make.dir/USB_DEVICE/App/usbd_cdc_if.c.obj
 .debug_aranges
                0x00000988       0x38 CMakeFiles/TEST_make.dir/Core/Src/main.c.obj
 .debug_aranges
                0x000009c0       0x68 CMakeFiles/TEST_make.dir/Core/Src/stm32f1xx_it.c.obj
 .debug_aranges
                0x00000a28       0x20 CMakeFiles/TEST_make.dir/Core/Src/stm32f1xx_hal_msp.c.obj
 .debug_aranges
                0x00000a48       0x28 CMakeFiles/TEST_make.dir/startup_stm32f103x6.s.obj

.debug_rnglists
                0x00000000      0x799
 .debug_rnglists
                0x00000000       0x1a cmake/stm32cubemx/CMakeFiles/STM32_Drivers.dir/__/__/Core/Src/system_stm32f1xx.c.obj
 .debug_rnglists
                0x0000001a       0xf4 cmake/stm32cubemx/CMakeFiles/STM32_Drivers.dir/__/__/Drivers/STM32F1xx_HAL_Driver/Src/stm32f1xx_hal_pcd.c.obj
 .debug_rnglists
                0x0000010e       0x26 cmake/stm32cubemx/CMakeFiles/STM32_Drivers.dir/__/__/Drivers/STM32F1xx_HAL_Driver/Src/stm32f1xx_hal_pcd_ex.c.obj
 .debug_rnglists
                0x00000134       0xbd cmake/stm32cubemx/CMakeFiles/STM32_Drivers.dir/__/__/Drivers/STM32F1xx_HAL_Driver/Src/stm32f1xx_ll_usb.c.obj
 .debug_rnglists
                0x000001f1       0xa3 cmake/stm32cubemx/CMakeFiles/STM32_Drivers.dir/__/__/Drivers/STM32F1xx_HAL_Driver/Src/stm32f1xx_hal.c.obj
 .debug_rnglists
                0x00000294       0x6c cmake/stm32cubemx/CMakeFiles/STM32_Drivers.dir/__/__/Drivers/STM32F1xx_HAL_Driver/Src/stm32f1xx_hal_rcc.c.obj
 .debug_rnglists
                0x00000300       0x21 cmake/stm32cubemx/CMakeFiles/STM32_Drivers.dir/__/__/Drivers/STM32F1xx_HAL_Driver/Src/stm32f1xx_hal_rcc_ex.c.obj
 .debug_rnglists
                0x00000321       0x3f cmake/stm32cubemx/CMakeFiles/STM32_Drivers.dir/__/__/Drivers/STM32F1xx_HAL_Driver/Src/stm32f1xx_hal_gpio.c.obj
 .debug_rnglists
                0x00000360       0xbb cmake/stm32cubemx/CMakeFiles/STM32_Drivers.dir/__/__/Drivers/STM32F1xx_HAL_Driver/Src/stm32f1xx_hal_cortex.c.obj
 .debug_rnglists
                0x0000041b       0x89 cmake/stm32cubemx/CMakeFiles/USB_Device_Library.dir/__/__/Middlewares/ST/STM32_USB_Device_Library/Core/Src/usbd_core.c.obj
 .debug_rnglists
                0x000004a4       0x68 cmake/stm32cubemx/CMakeFiles/USB_Device_Library.dir/__/__/Middlewares/ST/STM32_USB_Device_Library/Core/Src/usbd_ctlreq.c.obj
 .debug_rnglists
                0x0000050c       0x37 cmake/stm32cubemx/CMakeFiles/USB_Device_Library.dir/__/__/Middlewares/ST/STM32_USB_Device_Library/Core/Src/usbd_ioreq.c.obj
 .debug_rnglists
                0x00000543       0x6a cmake/stm32cubemx/CMakeFiles/USB_Device_Library.dir/__/__/Middlewares/ST/STM32_USB_Device_Library/Class/CDC/Src/usbd_cdc.c.obj
 .debug_rnglists
                0x000005ad       0xce CMakeFiles/TEST_make.dir/USB_DEVICE/Target/usbd_conf.c.obj
 .debug_rnglists
                0x0000067b       0x13 CMakeFiles/TEST_make.dir/USB_DEVICE/App/usb_device.c.obj
 .debug_rnglists
                0x0000068e       0x43 CMakeFiles/TEST_make.dir/USB_DEVICE/App/usbd_desc.c.obj
 .debug_rnglists
                0x000006d1       0x2c CMakeFiles/TEST_make.dir/USB_DEVICE/App/usbd_cdc_if.c.obj
 .debug_rnglists
                0x000006fd       0x27 CMakeFiles/TEST_make.dir/Core/Src/main.c.obj
 .debug_rnglists
                0x00000724       0x49 CMakeFiles/TEST_make.dir/Core/Src/stm32f1xx_it.c.obj
 .debug_rnglists
                0x0000076d       0x13 CMakeFiles/TEST_make.dir/Core/Src/stm32f1xx_hal_msp.c.obj
 .debug_rnglists
                0x00000780       0x19 CMakeFiles/TEST_make.dir/startup_stm32f103x6.s.obj

.debug_macro    0x00000000    0x18d95
 .debug_macro   0x00000000      0x1a6 cmake/stm32cubemx/CMakeFiles/STM32_Drivers.dir/__/__/Core/Src/system_stm32f1xx.c.obj
 .debug_macro   0x000001a6      0xade cmake/stm32cubemx/CMakeFiles/STM32_Drivers.dir/__/__/Core/Src/system_stm32f1xx.c.obj
 .debug_macro   0x00000c84       0x2e cmake/stm32cubemx/CMakeFiles/STM32_Drivers.dir/__/__/Core/Src/system_stm32f1xx.c.obj
 .debug_macro   0x00000cb2       0x22 cmake/stm32cubemx/CMakeFiles/STM32_Drivers.dir/__/__/Core/Src/system_stm32f1xx.c.obj
 .debug_macro   0x00000cd4       0x22 cmake/stm32cubemx/CMakeFiles/STM32_Drivers.dir/__/__/Core/Src/system_stm32f1xx.c.obj
 .debug_macro   0x00000cf6       0x8e cmake/stm32cubemx/CMakeFiles/STM32_Drivers.dir/__/__/Core/Src/system_stm32f1xx.c.obj
 .debug_macro   0x00000d84       0x6d cmake/stm32cubemx/CMakeFiles/STM32_Drivers.dir/__/__/Core/Src/system_stm32f1xx.c.obj
 .debug_macro   0x00000df1      0x103 cmake/stm32cubemx/CMakeFiles/STM32_Drivers.dir/__/__/Core/Src/system_stm32f1xx.c.obj
 .debug_macro   0x00000ef4       0x6a cmake/stm32cubemx/CMakeFiles/STM32_Drivers.dir/__/__/Core/Src/system_stm32f1xx.c.obj
 .debug_macro   0x00000f5e      0x1d0 cmake/stm32cubemx/CMakeFiles/STM32_Drivers.dir/__/__/Core/Src/system_stm32f1xx.c.obj
 .debug_macro   0x0000112e       0x1c cmake/stm32cubemx/CMakeFiles/STM32_Drivers.dir/__/__/Core/Src/system_stm32f1xx.c.obj
 .debug_macro   0x0000114a       0x22 cmake/stm32cubemx/CMakeFiles/STM32_Drivers.dir/__/__/Core/Src/system_stm32f1xx.c.obj
 .debug_macro   0x0000116c       0xbd cmake/stm32cubemx/CMakeFiles/STM32_Drivers.dir/__/__/Core/Src/system_stm32f1xx.c.obj
 .debug_macro   0x00001229      0xd23 cmake/stm32cubemx/CMakeFiles/STM32_Drivers.dir/__/__/Core/Src/system_stm32f1xx.c.obj
 .debug_macro   0x00001f4c     0xde75 cmake/stm32cubemx/CMakeFiles/STM32_Drivers.dir/__/__/Core/Src/system_stm32f1xx.c.obj
 .debug_macro   0x0000fdc1       0x6d cmake/stm32cubemx/CMakeFiles/STM32_Drivers.dir/__/__/Core/Src/system_stm32f1xx.c.obj
 .debug_macro   0x0000fe2e      0x215 cmake/stm32cubemx/CMakeFiles/STM32_Drivers.dir/__/__/Core/Src/system_stm32f1xx.c.obj
 .debug_macro   0x00010043     0x34a2 cmake/stm32cubemx/CMakeFiles/STM32_Drivers.dir/__/__/Core/Src/system_stm32f1xx.c.obj
 .debug_macro   0x000134e5      0x190 cmake/stm32cubemx/CMakeFiles/STM32_Drivers.dir/__/__/Core/Src/system_stm32f1xx.c.obj
 .debug_macro   0x00013675       0x5c cmake/stm32cubemx/CMakeFiles/STM32_Drivers.dir/__/__/Core/Src/system_stm32f1xx.c.obj
 .debug_macro   0x000136d1      0x5bc cmake/stm32cubemx/CMakeFiles/STM32_Drivers.dir/__/__/Core/Src/system_stm32f1xx.c.obj
 .debug_macro   0x00013c8d      0x1b7 cmake/stm32cubemx/CMakeFiles/STM32_Drivers.dir/__/__/Core/Src/system_stm32f1xx.c.obj
 .debug_macro   0x00013e44      0x1cb cmake/stm32cubemx/CMakeFiles/STM32_Drivers.dir/__/__/Core/Src/system_stm32f1xx.c.obj
 .debug_macro   0x0001400f      0x114 cmake/stm32cubemx/CMakeFiles/STM32_Drivers.dir/__/__/Core/Src/system_stm32f1xx.c.obj
 .debug_macro   0x00014123      0x1b2 cmake/stm32cubemx/CMakeFiles/STM32_Drivers.dir/__/__/Core/Src/system_stm32f1xx.c.obj
 .debug_macro   0x000142d5       0x27 cmake/stm32cubemx/CMakeFiles/STM32_Drivers.dir/__/__/Core/Src/system_stm32f1xx.c.obj
 .debug_macro   0x000142fc      0x12f cmake/stm32cubemx/CMakeFiles/STM32_Drivers.dir/__/__/Core/Src/system_stm32f1xx.c.obj
 .debug_macro   0x0001442b      0x1bc cmake/stm32cubemx/CMakeFiles/STM32_Drivers.dir/__/__/Core/Src/system_stm32f1xx.c.obj
 .debug_macro   0x000145e7       0x34 cmake/stm32cubemx/CMakeFiles/STM32_Drivers.dir/__/__/Core/Src/system_stm32f1xx.c.obj
 .debug_macro   0x0001461b       0x3c cmake/stm32cubemx/CMakeFiles/STM32_Drivers.dir/__/__/Core/Src/system_stm32f1xx.c.obj
 .debug_macro   0x00014657       0x57 cmake/stm32cubemx/CMakeFiles/STM32_Drivers.dir/__/__/Core/Src/system_stm32f1xx.c.obj
 .debug_macro   0x000146ae       0x87 cmake/stm32cubemx/CMakeFiles/STM32_Drivers.dir/__/__/Core/Src/system_stm32f1xx.c.obj
 .debug_macro   0x00014735      0x183 cmake/stm32cubemx/CMakeFiles/STM32_Drivers.dir/__/__/Core/Src/system_stm32f1xx.c.obj
 .debug_macro   0x000148b8      0x140 cmake/stm32cubemx/CMakeFiles/STM32_Drivers.dir/__/__/Core/Src/system_stm32f1xx.c.obj
 .debug_macro   0x000149f8       0xb7 cmake/stm32cubemx/CMakeFiles/STM32_Drivers.dir/__/__/Core/Src/system_stm32f1xx.c.obj
 .debug_macro   0x00014aaf      0x242 cmake/stm32cubemx/CMakeFiles/STM32_Drivers.dir/__/__/Core/Src/system_stm32f1xx.c.obj
 .debug_macro   0x00014cf1       0x69 cmake/stm32cubemx/CMakeFiles/STM32_Drivers.dir/__/__/Core/Src/system_stm32f1xx.c.obj
 .debug_macro   0x00014d5a      0x1b2 cmake/stm32cubemx/CMakeFiles/STM32_Drivers.dir/__/__/Drivers/STM32F1xx_HAL_Driver/Src/stm32f1xx_hal_pcd.c.obj
 .debug_macro   0x00014f0c      0x1a6 cmake/stm32cubemx/CMakeFiles/STM32_Drivers.dir/__/__/Drivers/STM32F1xx_HAL_Driver/Src/stm32f1xx_hal_pcd_ex.c.obj
 .debug_macro   0x000150b2      0x1a6 cmake/stm32cubemx/CMakeFiles/STM32_Drivers.dir/__/__/Drivers/STM32F1xx_HAL_Driver/Src/stm32f1xx_ll_usb.c.obj
 .debug_macro   0x00015258      0x1ca cmake/stm32cubemx/CMakeFiles/STM32_Drivers.dir/__/__/Drivers/STM32F1xx_HAL_Driver/Src/stm32f1xx_hal.c.obj
 .debug_macro   0x00015422      0x1b8 cmake/stm32cubemx/CMakeFiles/STM32_Drivers.dir/__/__/Drivers/STM32F1xx_HAL_Driver/Src/stm32f1xx_hal_rcc.c.obj
 .debug_macro   0x000155da      0x1a6 cmake/stm32cubemx/CMakeFiles/STM32_Drivers.dir/__/__/Drivers/STM32F1xx_HAL_Driver/Src/stm32f1xx_hal_rcc_ex.c.obj
 .debug_macro   0x00015780      0x211 cmake/stm32cubemx/CMakeFiles/STM32_Drivers.dir/__/__/Drivers/STM32F1xx_HAL_Driver/Src/stm32f1xx_hal_gpio.c.obj
 .debug_macro   0x00015991      0x1a6 cmake/stm32cubemx/CMakeFiles/STM32_Drivers.dir/__/__/Drivers/STM32F1xx_HAL_Driver/Src/stm32f1xx_hal_cortex.c.obj
 .debug_macro   0x00015b37      0x317 cmake/stm32cubemx/CMakeFiles/USB_Device_Library.dir/__/__/Middlewares/ST/STM32_USB_Device_Library/Core/Src/usbd_core.c.obj
 .debug_macro   0x00015e4e       0x75 cmake/stm32cubemx/CMakeFiles/USB_Device_Library.dir/__/__/Middlewares/ST/STM32_USB_Device_Library/Core/Src/usbd_core.c.obj
 .debug_macro   0x00015ec3       0x24 cmake/stm32cubemx/CMakeFiles/USB_Device_Library.dir/__/__/Middlewares/ST/STM32_USB_Device_Library/Core/Src/usbd_core.c.obj
 .debug_macro   0x00015ee7       0x94 cmake/stm32cubemx/CMakeFiles/USB_Device_Library.dir/__/__/Middlewares/ST/STM32_USB_Device_Library/Core/Src/usbd_core.c.obj
 .debug_macro   0x00015f7b       0x3c cmake/stm32cubemx/CMakeFiles/USB_Device_Library.dir/__/__/Middlewares/ST/STM32_USB_Device_Library/Core/Src/usbd_core.c.obj
 .debug_macro   0x00015fb7       0x34 cmake/stm32cubemx/CMakeFiles/USB_Device_Library.dir/__/__/Middlewares/ST/STM32_USB_Device_Library/Core/Src/usbd_core.c.obj
 .debug_macro   0x00015feb       0x16 cmake/stm32cubemx/CMakeFiles/USB_Device_Library.dir/__/__/Middlewares/ST/STM32_USB_Device_Library/Core/Src/usbd_core.c.obj
 .debug_macro   0x00016001       0x73 cmake/stm32cubemx/CMakeFiles/USB_Device_Library.dir/__/__/Middlewares/ST/STM32_USB_Device_Library/Core/Src/usbd_core.c.obj
 .debug_macro   0x00016074       0x9e cmake/stm32cubemx/CMakeFiles/USB_Device_Library.dir/__/__/Middlewares/ST/STM32_USB_Device_Library/Core/Src/usbd_core.c.obj
 .debug_macro   0x00016112      0x364 cmake/stm32cubemx/CMakeFiles/USB_Device_Library.dir/__/__/Middlewares/ST/STM32_USB_Device_Library/Core/Src/usbd_core.c.obj
 .debug_macro   0x00016476      0x112 cmake/stm32cubemx/CMakeFiles/USB_Device_Library.dir/__/__/Middlewares/ST/STM32_USB_Device_Library/Core/Src/usbd_core.c.obj
 .debug_macro   0x00016588       0x10 cmake/stm32cubemx/CMakeFiles/USB_Device_Library.dir/__/__/Middlewares/ST/STM32_USB_Device_Library/Core/Src/usbd_core.c.obj
 .debug_macro   0x00016598       0x16 cmake/stm32cubemx/CMakeFiles/USB_Device_Library.dir/__/__/Middlewares/ST/STM32_USB_Device_Library/Core/Src/usbd_core.c.obj
 .debug_macro   0x000165ae       0x4a cmake/stm32cubemx/CMakeFiles/USB_Device_Library.dir/__/__/Middlewares/ST/STM32_USB_Device_Library/Core/Src/usbd_core.c.obj
 .debug_macro   0x000165f8       0x34 cmake/stm32cubemx/CMakeFiles/USB_Device_Library.dir/__/__/Middlewares/ST/STM32_USB_Device_Library/Core/Src/usbd_core.c.obj
 .debug_macro   0x0001662c       0x10 cmake/stm32cubemx/CMakeFiles/USB_Device_Library.dir/__/__/Middlewares/ST/STM32_USB_Device_Library/Core/Src/usbd_core.c.obj
 .debug_macro   0x0001663c       0x58 cmake/stm32cubemx/CMakeFiles/USB_Device_Library.dir/__/__/Middlewares/ST/STM32_USB_Device_Library/Core/Src/usbd_core.c.obj
 .debug_macro   0x00016694      0x1e5 cmake/stm32cubemx/CMakeFiles/USB_Device_Library.dir/__/__/Middlewares/ST/STM32_USB_Device_Library/Core/Src/usbd_core.c.obj
 .debug_macro   0x00016879       0x16 cmake/stm32cubemx/CMakeFiles/USB_Device_Library.dir/__/__/Middlewares/ST/STM32_USB_Device_Library/Core/Src/usbd_core.c.obj
 .debug_macro   0x0001688f       0x16 cmake/stm32cubemx/CMakeFiles/USB_Device_Library.dir/__/__/Middlewares/ST/STM32_USB_Device_Library/Core/Src/usbd_core.c.obj
 .debug_macro   0x000168a5      0x170 cmake/stm32cubemx/CMakeFiles/USB_Device_Library.dir/__/__/Middlewares/ST/STM32_USB_Device_Library/Core/Src/usbd_core.c.obj
 .debug_macro   0x00016a15       0x16 cmake/stm32cubemx/CMakeFiles/USB_Device_Library.dir/__/__/Middlewares/ST/STM32_USB_Device_Library/Core/Src/usbd_core.c.obj
 .debug_macro   0x00016a2b       0x3c cmake/stm32cubemx/CMakeFiles/USB_Device_Library.dir/__/__/Middlewares/ST/STM32_USB_Device_Library/Core/Src/usbd_core.c.obj
 .debug_macro   0x00016a67       0x16 cmake/stm32cubemx/CMakeFiles/USB_Device_Library.dir/__/__/Middlewares/ST/STM32_USB_Device_Library/Core/Src/usbd_core.c.obj
 .debug_macro   0x00016a7d       0x29 cmake/stm32cubemx/CMakeFiles/USB_Device_Library.dir/__/__/Middlewares/ST/STM32_USB_Device_Library/Core/Src/usbd_core.c.obj
 .debug_macro   0x00016aa6       0x16 cmake/stm32cubemx/CMakeFiles/USB_Device_Library.dir/__/__/Middlewares/ST/STM32_USB_Device_Library/Core/Src/usbd_core.c.obj
 .debug_macro   0x00016abc       0x56 cmake/stm32cubemx/CMakeFiles/USB_Device_Library.dir/__/__/Middlewares/ST/STM32_USB_Device_Library/Core/Src/usbd_core.c.obj
 .debug_macro   0x00016b12       0x10 cmake/stm32cubemx/CMakeFiles/USB_Device_Library.dir/__/__/Middlewares/ST/STM32_USB_Device_Library/Core/Src/usbd_core.c.obj
 .debug_macro   0x00016b22       0x5f cmake/stm32cubemx/CMakeFiles/USB_Device_Library.dir/__/__/Middlewares/ST/STM32_USB_Device_Library/Core/Src/usbd_core.c.obj
 .debug_macro   0x00016b81      0x1ce cmake/stm32cubemx/CMakeFiles/USB_Device_Library.dir/__/__/Middlewares/ST/STM32_USB_Device_Library/Core/Src/usbd_core.c.obj
 .debug_macro   0x00016d4f      0x321 cmake/stm32cubemx/CMakeFiles/USB_Device_Library.dir/__/__/Middlewares/ST/STM32_USB_Device_Library/Core/Src/usbd_ctlreq.c.obj
 .debug_macro   0x00017070      0x1c8 cmake/stm32cubemx/CMakeFiles/USB_Device_Library.dir/__/__/Middlewares/ST/STM32_USB_Device_Library/Core/Src/usbd_ctlreq.c.obj
 .debug_macro   0x00017238      0x31d cmake/stm32cubemx/CMakeFiles/USB_Device_Library.dir/__/__/Middlewares/ST/STM32_USB_Device_Library/Core/Src/usbd_ioreq.c.obj
 .debug_macro   0x00017555      0x330 cmake/stm32cubemx/CMakeFiles/USB_Device_Library.dir/__/__/Middlewares/ST/STM32_USB_Device_Library/Class/CDC/Src/usbd_cdc.c.obj
 .debug_macro   0x00017885       0x8f cmake/stm32cubemx/CMakeFiles/USB_Device_Library.dir/__/__/Middlewares/ST/STM32_USB_Device_Library/Class/CDC/Src/usbd_cdc.c.obj
 .debug_macro   0x00017914      0x334 CMakeFiles/TEST_make.dir/USB_DEVICE/Target/usbd_conf.c.obj
 .debug_macro   0x00017c48       0x7b CMakeFiles/TEST_make.dir/USB_DEVICE/Target/usbd_conf.c.obj
 .debug_macro   0x00017cc3       0x16 CMakeFiles/TEST_make.dir/USB_DEVICE/Target/usbd_conf.c.obj
 .debug_macro   0x00017cd9      0x350 CMakeFiles/TEST_make.dir/USB_DEVICE/App/usb_device.c.obj
 .debug_macro   0x00018029       0x22 CMakeFiles/TEST_make.dir/USB_DEVICE/App/usb_device.c.obj
 .debug_macro   0x0001804b       0x16 CMakeFiles/TEST_make.dir/USB_DEVICE/App/usb_device.c.obj
 .debug_macro   0x00018061      0x354 CMakeFiles/TEST_make.dir/USB_DEVICE/App/usbd_desc.c.obj
 .debug_macro   0x000183b5       0x1c CMakeFiles/TEST_make.dir/USB_DEVICE/App/usbd_desc.c.obj
 .debug_macro   0x000183d1      0x33b CMakeFiles/TEST_make.dir/USB_DEVICE/App/usbd_cdc_if.c.obj
 .debug_macro   0x0001870c       0x10 CMakeFiles/TEST_make.dir/USB_DEVICE/App/usbd_cdc_if.c.obj
 .debug_macro   0x0001871c      0x305 CMakeFiles/TEST_make.dir/Core/Src/main.c.obj
 .debug_macro   0x00018a21      0x1bf CMakeFiles/TEST_make.dir/Core/Src/stm32f1xx_it.c.obj
 .debug_macro   0x00018be0      0x1b5 CMakeFiles/TEST_make.dir/Core/Src/stm32f1xx_hal_msp.c.obj

.debug_line     0x00000000     0xd45a
 .debug_line    0x00000000      0x6de cmake/stm32cubemx/CMakeFiles/STM32_Drivers.dir/__/__/Core/Src/system_stm32f1xx.c.obj
 .debug_line    0x000006de     0x1297 cmake/stm32cubemx/CMakeFiles/STM32_Drivers.dir/__/__/Drivers/STM32F1xx_HAL_Driver/Src/stm32f1xx_hal_pcd.c.obj
 .debug_line    0x00001975      0x6d9 cmake/stm32cubemx/CMakeFiles/STM32_Drivers.dir/__/__/Drivers/STM32F1xx_HAL_Driver/Src/stm32f1xx_hal_pcd_ex.c.obj
 .debug_line    0x0000204e     0x107f cmake/stm32cubemx/CMakeFiles/STM32_Drivers.dir/__/__/Drivers/STM32F1xx_HAL_Driver/Src/stm32f1xx_ll_usb.c.obj
 .debug_line    0x000030cd      0x912 cmake/stm32cubemx/CMakeFiles/STM32_Drivers.dir/__/__/Drivers/STM32F1xx_HAL_Driver/Src/stm32f1xx_hal.c.obj
 .debug_line    0x000039df      0xdc8 cmake/stm32cubemx/CMakeFiles/STM32_Drivers.dir/__/__/Drivers/STM32F1xx_HAL_Driver/Src/stm32f1xx_hal_rcc.c.obj
 .debug_line    0x000047a7      0x879 cmake/stm32cubemx/CMakeFiles/STM32_Drivers.dir/__/__/Drivers/STM32F1xx_HAL_Driver/Src/stm32f1xx_hal_rcc_ex.c.obj
 .debug_line    0x00005020      0x934 cmake/stm32cubemx/CMakeFiles/STM32_Drivers.dir/__/__/Drivers/STM32F1xx_HAL_Driver/Src/stm32f1xx_hal_gpio.c.obj
 .debug_line    0x00005954      0xaeb cmake/stm32cubemx/CMakeFiles/STM32_Drivers.dir/__/__/Drivers/STM32F1xx_HAL_Driver/Src/stm32f1xx_hal_cortex.c.obj
 .debug_line    0x0000643f      0xc5d cmake/stm32cubemx/CMakeFiles/USB_Device_Library.dir/__/__/Middlewares/ST/STM32_USB_Device_Library/Core/Src/usbd_core.c.obj
 .debug_line    0x0000709c      0xe99 cmake/stm32cubemx/CMakeFiles/USB_Device_Library.dir/__/__/Middlewares/ST/STM32_USB_Device_Library/Core/Src/usbd_ctlreq.c.obj
 .debug_line    0x00007f35      0x913 cmake/stm32cubemx/CMakeFiles/USB_Device_Library.dir/__/__/Middlewares/ST/STM32_USB_Device_Library/Core/Src/usbd_ioreq.c.obj
 .debug_line    0x00008848      0xc3c cmake/stm32cubemx/CMakeFiles/USB_Device_Library.dir/__/__/Middlewares/ST/STM32_USB_Device_Library/Class/CDC/Src/usbd_cdc.c.obj
 .debug_line    0x00009484      0xcbf CMakeFiles/TEST_make.dir/USB_DEVICE/Target/usbd_conf.c.obj
 .debug_line    0x0000a143      0x917 CMakeFiles/TEST_make.dir/USB_DEVICE/App/usb_device.c.obj
 .debug_line    0x0000aa5a      0x98f CMakeFiles/TEST_make.dir/USB_DEVICE/App/usbd_desc.c.obj
 .debug_line    0x0000b3e9      0x960 CMakeFiles/TEST_make.dir/USB_DEVICE/App/usbd_cdc_if.c.obj
 .debug_line    0x0000bd49      0x913 CMakeFiles/TEST_make.dir/Core/Src/main.c.obj
 .debug_line    0x0000c65c      0x726 CMakeFiles/TEST_make.dir/Core/Src/stm32f1xx_it.c.obj
 .debug_line    0x0000cd82      0x660 CMakeFiles/TEST_make.dir/Core/Src/stm32f1xx_hal_msp.c.obj
 .debug_line    0x0000d3e2       0x78 CMakeFiles/TEST_make.dir/startup_stm32f103x6.s.obj

.debug_str      0x00000000    0x821f1
 .debug_str     0x00000000    0x821f1 cmake/stm32cubemx/CMakeFiles/STM32_Drivers.dir/__/__/Core/Src/system_stm32f1xx.c.obj
                              0x7b53e (size before relaxing)
 .debug_str     0x000821f1        0x0 cmake/stm32cubemx/CMakeFiles/STM32_Drivers.dir/__/__/Drivers/STM32F1xx_HAL_Driver/Src/stm32f1xx_hal_pcd.c.obj
                              0x7be5b (size before relaxing)
 .debug_str     0x000821f1        0x0 cmake/stm32cubemx/CMakeFiles/STM32_Drivers.dir/__/__/Drivers/STM32F1xx_HAL_Driver/Src/stm32f1xx_hal_pcd_ex.c.obj
                              0x7b9bd (size before relaxing)
 .debug_str     0x000821f1        0x0 cmake/stm32cubemx/CMakeFiles/STM32_Drivers.dir/__/__/Drivers/STM32F1xx_HAL_Driver/Src/stm32f1xx_ll_usb.c.obj
                              0x7ba0f (size before relaxing)
 .debug_str     0x000821f1        0x0 cmake/stm32cubemx/CMakeFiles/STM32_Drivers.dir/__/__/Drivers/STM32F1xx_HAL_Driver/Src/stm32f1xx_hal.c.obj
                              0x7bc37 (size before relaxing)
 .debug_str     0x000821f1        0x0 cmake/stm32cubemx/CMakeFiles/STM32_Drivers.dir/__/__/Drivers/STM32F1xx_HAL_Driver/Src/stm32f1xx_hal_rcc.c.obj
                              0x7b96d (size before relaxing)
 .debug_str     0x000821f1        0x0 cmake/stm32cubemx/CMakeFiles/STM32_Drivers.dir/__/__/Drivers/STM32F1xx_HAL_Driver/Src/stm32f1xx_hal_rcc_ex.c.obj
                              0x7b6bd (size before relaxing)
 .debug_str     0x000821f1        0x0 cmake/stm32cubemx/CMakeFiles/STM32_Drivers.dir/__/__/Drivers/STM32F1xx_HAL_Driver/Src/stm32f1xx_hal_gpio.c.obj
                              0x7b8c4 (size before relaxing)
 .debug_str     0x000821f1        0x0 cmake/stm32cubemx/CMakeFiles/STM32_Drivers.dir/__/__/Drivers/STM32F1xx_HAL_Driver/Src/stm32f1xx_hal_cortex.c.obj
                              0x7bb83 (size before relaxing)
 .debug_str     0x000821f1        0x0 cmake/stm32cubemx/CMakeFiles/USB_Device_Library.dir/__/__/Middlewares/ST/STM32_USB_Device_Library/Core/Src/usbd_core.c.obj
                              0x7f808 (size before relaxing)
 .debug_str     0x000821f1        0x0 cmake/stm32cubemx/CMakeFiles/USB_Device_Library.dir/__/__/Middlewares/ST/STM32_USB_Device_Library/Core/Src/usbd_ctlreq.c.obj
                              0x7f722 (size before relaxing)
 .debug_str     0x000821f1        0x0 cmake/stm32cubemx/CMakeFiles/USB_Device_Library.dir/__/__/Middlewares/ST/STM32_USB_Device_Library/Core/Src/usbd_ioreq.c.obj
                              0x7f64f (size before relaxing)
 .debug_str     0x000821f1        0x0 cmake/stm32cubemx/CMakeFiles/USB_Device_Library.dir/__/__/Middlewares/ST/STM32_USB_Device_Library/Class/CDC/Src/usbd_cdc.c.obj
                              0x7fed8 (size before relaxing)
 .debug_str     0x000821f1        0x0 CMakeFiles/TEST_make.dir/USB_DEVICE/Target/usbd_conf.c.obj
                              0x8042b (size before relaxing)
 .debug_str     0x000821f1        0x0 CMakeFiles/TEST_make.dir/USB_DEVICE/App/usb_device.c.obj
                              0x7f9da (size before relaxing)
 .debug_str     0x000821f1        0x0 CMakeFiles/TEST_make.dir/USB_DEVICE/App/usbd_desc.c.obj
                              0x7f58b (size before relaxing)
 .debug_str     0x000821f1        0x0 CMakeFiles/TEST_make.dir/USB_DEVICE/App/usbd_cdc_if.c.obj