Archive member included to satisfy reference by file (symbol)

C:/Users/shehu/.eide/tools/gcc_arm/bin/../lib/gcc/arm-none-eabi/14.3.1/../../../../arm-none-eabi/lib/thumb/v7-m/nofp\libg_nano.a(libc_a-exit.o)
                              C:/Users/shehu/.eide/tools/gcc_arm/bin/../lib/gcc/arm-none-eabi/14.3.1/../../../../arm-none-eabi/lib/thumb/v7-m/nofp/crt0.o (exit)
C:/Users/shehu/.eide/tools/gcc_arm/bin/../lib/gcc/arm-none-eabi/14.3.1/../../../../arm-none-eabi/lib/thumb/v7-m/nofp\libg_nano.a(libc_a-findfp.o)
                              C:/Users/shehu/.eide/tools/gcc_arm/bin/../lib/gcc/arm-none-eabi/14.3.1/../../../../arm-none-eabi/lib/thumb/v7-m/nofp\libg_nano.a(libc_a-exit.o) (__stdio_exit_handler)
C:/Users/shehu/.eide/tools/gcc_arm/bin/../lib/gcc/arm-none-eabi/14.3.1/../../../../arm-none-eabi/lib/thumb/v7-m/nofp\libg_nano.a(libc_a-fwalk.o)
                              C:/Users/shehu/.eide/tools/gcc_arm/bin/../lib/gcc/arm-none-eabi/14.3.1/../../../../arm-none-eabi/lib/thumb/v7-m/nofp\libg_nano.a(libc_a-findfp.o) (_fwalk_sglue)
C:/Users/shehu/.eide/tools/gcc_arm/bin/../lib/gcc/arm-none-eabi/14.3.1/../../../../arm-none-eabi/lib/thumb/v7-m/nofp\libg_nano.a(libc_a-stdio.o)
                              C:/Users/shehu/.eide/tools/gcc_arm/bin/../lib/gcc/arm-none-eabi/14.3.1/../../../../arm-none-eabi/lib/thumb/v7-m/nofp\libg_nano.a(libc_a-findfp.o) (__sread)
C:/Users/shehu/.eide/tools/gcc_arm/bin/../lib/gcc/arm-none-eabi/14.3.1/../../../../arm-none-eabi/lib/thumb/v7-m/nofp\libg_nano.a(libc_a-memset.o)
                              C:/Users/shehu/.eide/tools/gcc_arm/bin/../lib/gcc/arm-none-eabi/14.3.1/../../../../arm-none-eabi/lib/thumb/v7-m/nofp/crt0.o (memset)
C:/Users/shehu/.eide/tools/gcc_arm/bin/../lib/gcc/arm-none-eabi/14.3.1/../../../../arm-none-eabi/lib/thumb/v7-m/nofp\libg_nano.a(libc_a-closer.o)
                              C:/Users/shehu/.eide/tools/gcc_arm/bin/../lib/gcc/arm-none-eabi/14.3.1/../../../../arm-none-eabi/lib/thumb/v7-m/nofp\libg_nano.a(libc_a-stdio.o) (_close_r)
C:/Users/shehu/.eide/tools/gcc_arm/bin/../lib/gcc/arm-none-eabi/14.3.1/../../../../arm-none-eabi/lib/thumb/v7-m/nofp\libg_nano.a(libc_a-reent.o)
                              C:/Users/shehu/.eide/tools/gcc_arm/bin/../lib/gcc/arm-none-eabi/14.3.1/../../../../arm-none-eabi/lib/thumb/v7-m/nofp\libg_nano.a(libc_a-closer.o) (errno)
C:/Users/shehu/.eide/tools/gcc_arm/bin/../lib/gcc/arm-none-eabi/14.3.1/../../../../arm-none-eabi/lib/thumb/v7-m/nofp\libg_nano.a(libc_a-impure.o)
                              C:/Users/shehu/.eide/tools/gcc_arm/bin/../lib/gcc/arm-none-eabi/14.3.1/../../../../arm-none-eabi/lib/thumb/v7-m/nofp\libg_nano.a(libc_a-reent.o) (_impure_ptr)
C:/Users/shehu/.eide/tools/gcc_arm/bin/../lib/gcc/arm-none-eabi/14.3.1/../../../../arm-none-eabi/lib/thumb/v7-m/nofp\libg_nano.a(libc_a-lseekr.o)
                              C:/Users/shehu/.eide/tools/gcc_arm/bin/../lib/gcc/arm-none-eabi/14.3.1/../../../../arm-none-eabi/lib/thumb/v7-m/nofp\libg_nano.a(libc_a-stdio.o) (_lseek_r)
C:/Users/shehu/.eide/tools/gcc_arm/bin/../lib/gcc/arm-none-eabi/14.3.1/../../../../arm-none-eabi/lib/thumb/v7-m/nofp\libg_nano.a(libc_a-readr.o)
                              C:/Users/shehu/.eide/tools/gcc_arm/bin/../lib/gcc/arm-none-eabi/14.3.1/../../../../arm-none-eabi/lib/thumb/v7-m/nofp\libg_nano.a(libc_a-stdio.o) (_read_r)
C:/Users/shehu/.eide/tools/gcc_arm/bin/../lib/gcc/arm-none-eabi/14.3.1/../../../../arm-none-eabi/lib/thumb/v7-m/nofp\libg_nano.a(libc_a-writer.o)
                              C:/Users/shehu/.eide/tools/gcc_arm/bin/../lib/gcc/arm-none-eabi/14.3.1/../../../../arm-none-eabi/lib/thumb/v7-m/nofp\libg_nano.a(libc_a-stdio.o) (_write_r)
C:/Users/shehu/.eide/tools/gcc_arm/bin/../lib/gcc/arm-none-eabi/14.3.1/../../../../arm-none-eabi/lib/thumb/v7-m/nofp\libg_nano.a(libc_a-errno.o)
                              CMakeFiles/TEST_make.dir/Core/Src/sysmem.c.obj (__errno)
C:/Users/shehu/.eide/tools/gcc_arm/bin/../lib/gcc/arm-none-eabi/14.3.1/../../../../arm-none-eabi/lib/thumb/v7-m/nofp\libg_nano.a(libc_a-init.o)
                              C:/Users/shehu/.eide/tools/gcc_arm/bin/../lib/gcc/arm-none-eabi/14.3.1/../../../../arm-none-eabi/lib/thumb/v7-m/nofp/crt0.o (__libc_init_array)
C:/Users/shehu/.eide/tools/gcc_arm/bin/../lib/gcc/arm-none-eabi/14.3.1/../../../../arm-none-eabi/lib/thumb/v7-m/nofp\libg_nano.a(libc_a-lock.o)
                              C:/Users/shehu/.eide/tools/gcc_arm/bin/../lib/gcc/arm-none-eabi/14.3.1/../../../../arm-none-eabi/lib/thumb/v7-m/nofp\libg_nano.a(libc_a-findfp.o) (__retarget_lock_init_recursive)
C:/Users/shehu/.eide/tools/gcc_arm/bin/../lib/gcc/arm-none-eabi/14.3.1/../../../../arm-none-eabi/lib/thumb/v7-m/nofp\libg_nano.a(libc_a-strlen.o)
                              cmake/stm32cubemx/CMakeFiles/USB_Device_Library.dir/__/__/Middlewares/ST/STM32_USB_Device_Library/Core/Src/usbd_ctlreq.c.obj (strlen)
[...]
Memory Configuration

Name             Origin             Length             Attributes
RAM              0x20000000         0x00002800         xrw
FLASH            0x08000000         0x00008000         xr
*default*        0x00000000         0xffffffff

Linker script and memory map

LOAD C:/Users/shehu/.eide/tools/gcc_arm/bin/../lib/gcc/arm-none-eabi/14.3.1/thumb/v7-m/nofp/crti.o
LOAD C:/Users/shehu/.eide/tools/gcc_arm/bin/../lib/gcc/arm-none-eabi/14.3.1/thumb/v7-m/nofp/crtbegin.o
LOAD C:/Users/shehu/.eide/tools/gcc_arm/bin/../lib/gcc/arm-none-eabi/14.3.1/../../../../arm-none-eabi/lib/thumb/v7-m/nofp/crt0.o
LOAD cmake/stm32cubemx/CMakeFiles/STM32_Drivers.dir/__/__/Core/Src/system_stm32f1xx.c.obj
LOAD cmake/stm32cubemx/CMakeFiles/STM32_Drivers.dir/__/__/Drivers/STM32F1xx_HAL_Driver/Src/stm32f1xx_hal_gpio_ex.c.obj
LOAD cmake/stm32cubemx/CMakeFiles/STM32_Drivers.dir/__/__/Drivers/STM32F1xx_HAL_Driver/Src/stm32f1xx_hal_pcd.c.obj
LOAD cmake/stm32cubemx/CMakeFiles/STM32_Drivers.dir/__/__/Drivers/STM32F1xx_HAL_Driver/Src/stm32f1xx_hal_pcd_ex.c.obj
LOAD cmake/stm32cubemx/CMakeFiles/STM32_Drivers.dir/__/__/Drivers/STM32F1xx_HAL_Driver/Src/stm32f1xx_ll_usb.c.obj
LOAD cmake/stm32cubemx/CMakeFiles/STM32_Drivers.dir/__/__/Drivers/STM32F1xx_HAL_Driver/Src/stm32f1xx_hal.c.obj
LOAD cmake/stm32cubemx/CMakeFiles/STM32_Drivers.dir/__/__/Drivers/STM32F1xx_HAL_Driver/Src/stm32f1xx_hal_rcc.c.obj
LOAD cmake/stm32cubemx/CMakeFiles/STM32_Drivers.dir/__/__/Drivers/STM32F1xx_HAL_Driver/Src/stm32f1xx_hal_rcc_ex.c.obj
LOAD cmake/stm32cubemx/CMakeFiles/STM32_Drivers.dir/__/__/Drivers/STM32F1xx_HAL_Driver/Src/stm32f1xx_hal_gpio.c.obj
LOAD cmake/stm32cubemx/CMakeFiles/STM32_Drivers.dir/__/__/Drivers/STM32F1xx_HAL_Driver/Src/stm32f1xx_hal_dma.c.obj
LOAD cmake/stm32cubemx/CMakeFiles/STM32_Drivers.dir/__/__/Drivers/STM32F1xx_HAL_Driver/Src/stm32f1xx_hal_cortex.c.obj
LOAD cmake/stm32cubemx/CMakeFiles/STM32_Drivers.dir/__/__/Drivers/STM32F1xx_HAL_Driver/Src/stm32f1xx_hal_pwr.c.obj
LOAD cmake/stm32cubemx/CMakeFiles/STM32_Drivers.dir/__/__/Drivers/STM32F1xx_HAL_Driver/Src/stm32f1xx_hal_flash.c.obj
LOAD cmake/stm32cubemx/CMakeFiles/STM32_Drivers.dir/__/__/Drivers/STM32F1xx_HAL_Driver/Src/stm32f1xx_hal_flash_ex.c.obj
LOAD cmake/stm32cubemx/CMakeFiles/STM32_Drivers.dir/__/__/Drivers/STM32F1xx_HAL_Driver/Src/stm32f1xx_hal_exti.c.obj
LOAD cmake/stm32cubemx/CMakeFiles/USB_Device_Library.dir/__/__/Middlewares/ST/STM32_USB_Device_Library/Core/Src/usbd_core.c.obj
LOAD cmake/stm32cubemx/CMakeFiles/USB_Device_Library.dir/__/__/Middlewares/ST/STM32_USB_Device_Library/Core/Src/usbd_ctlreq.c.obj
LOAD cmake/stm32cubemx/CMakeFiles/USB_Device_Library.dir/__/__/Middlewares/ST/STM32_USB_Device_Library/Core/Src/usbd_ioreq.c.obj
LOAD cmake/stm32cubemx/CMakeFiles/USB_Device_Library.dir/__/__/Middlewares/ST/STM32_USB_Device_Library/Class/CDC/Src/usbd_cdc.c.obj
LOAD CMakeFiles/TEST_make.dir/Core/Src/statemachine.c.obj
LOAD CMakeFiles/TEST_make.dir/USB_DEVICE/Target/usbd_conf.c.obj
LOAD CMakeFiles/TEST_make.dir/USB_DEVICE/App/usb_device.c.obj
LOAD CMakeFiles/TEST_make.dir/USB_DEVICE/App/usbd_desc.c.obj
LOAD CMakeFiles/TEST_make.dir/USB_DEVICE/App/usbd_cdc_if.c.obj
LOAD CMakeFiles/TEST_make.dir/Core/Src/main.c.obj
LOAD CMakeFiles/TEST_make.dir/Core/Src/stm32f1xx_it.c.obj
LOAD CMakeFiles/TEST_make.dir/Core/Src/stm32f1xx_hal_msp.c.obj
LOAD CMakeFiles/TEST_make.dir/Core/Src/sysmem.c.obj
LOAD CMakeFiles/TEST_make.dir/Core/Src/syscalls.c.obj
LOAD CMakeFiles/TEST_make.dir/startup_stm32f103x6.s.obj
LOAD C:/Users/shehu/.eide/tools/gcc_arm/bin/../lib/gcc/arm-none-eabi/14.3.1/../../../../arm-none-eabi/lib/thumb/v7-m/nofp\libm.a
START GROUP
LOAD C:/Users/shehu/.eide/tools/gcc_arm/bin/../lib/gcc/arm-none-eabi/14.3.1/thumb/v7-m/nofp\libgcc.a
LOAD C:/Users/shehu/.eide/tools/gcc_arm/bin/../lib/gcc/arm-none-eabi/14.3.1/../../../../arm-none-eabi/lib/thumb/v7-m/nofp\libg_nano.a
LOAD C:/Users/shehu/.eide/tools/gcc_arm/bin/../lib/gcc/arm-none-eabi/14.3.1/../../../../arm-none-eabi/lib/thumb/v7-m/nofp\libc_nano.a
END GROUP
START GROUP
LOAD C:/Users/shehu/.eide/tools/gcc_arm/bin/../lib/gcc/arm-none-eabi/14.3.1/thumb/v7-m/nofp\libgcc.a
LOAD C:/Users/shehu/.eide/tools/gcc_arm/bin/../lib/gcc/arm-none-eabi/14.3.1/../../../../arm-none-eabi/lib/thumb/v7-m/nofp\libc_nano.a
END GROUP
LOAD C:/Users/shehu/.eide/tools/gcc_arm/bin/../lib/gcc/arm-none-eabi/14.3.1/thumb/v7-m/nofp/crtend.o
LOAD C:/Users/shehu/.eide/tools/gcc_arm/bin/../lib/gcc/arm-none-eabi/14.3.1/thumb/v7-m/nofp/crtn.o
                0x20002800                        _estack = (ORIGIN (RAM) + LENGTH (RAM))
                0x20002400                        _sstack = (_estack - _Min_Stack_Size)
                0x00000200                        _Min_Heap_Size = 0x200
                0x00000400                        _Min_Stack_Size = 0x400

.isr_vector     0x08000000      0x10c
                0x08000000                        . = ALIGN (0x4)
 *(.isr_vector)
 .isr_vector    0x08000000      0x10c CMakeFiles/TEST_make.dir/startup_stm32f103x6.s.obj
                0x08000000                g_pfnVectors
                0x0800010c                        . = ALIGN (0x4)

.text           0x0800010c     0x3168
                0x0800010c                        . = ALIGN (0x4)
 *(.text)
 .text          0x0800010c       0x10 C:/Users/shehu/.eide/tools/gcc_arm/bin/../lib/gcc/arm-none-eabi/14.3.1/../../../../arm-none-eabi/lib/thumb/v7-m/nofp\libg_nano.a(libc_a-strlen.o)
                0x0800010c                strlen
 *(.text*)
 .text.deregister_tm_clones
                0x0800011c       0x1c C:/Users/shehu/.eide/tools/gcc_arm/bin/../lib/gcc/arm-none-eabi/14.3.1/thumb/v7-m/nofp/crtbegin.o
 .text.register_tm_clones
                0x08000138       0x24 C:/Users/shehu/.eide/tools/gcc_arm/bin/../lib/gcc/arm-none-eabi/14.3.1/thumb/v7-m/nofp/crtbegin.o
 .text.__do_global_dtors_aux
                0x0800015c       0x28 C:/Users/shehu/.eide/tools/gcc_arm/bin/../lib/gcc/arm-none-eabi/14.3.1/thumb/v7-m/nofp/crtbegin.o
 .text.frame_dummy
                0x08000184       0x24 C:/Users/shehu/.eide/tools/gcc_arm/bin/../lib/gcc/arm-none-eabi/14.3.1/thumb/v7-m/nofp/crtbegin.o
 .text.SystemInit
                0x080001a8        0x2 cmake/stm32cubemx/CMakeFiles/STM32_Drivers.dir/__/__/Core/Src/system_stm32f1xx.c.obj
                0x080001a8                SystemInit
 .text.HAL_PCD_Init
                0x080001aa       0xc6 cmake/stm32cubemx/CMakeFiles/STM32_Drivers.dir/__/__/Drivers/STM32F1xx_HAL_Driver/Src/stm32f1xx_hal_pcd.c.obj
                0x080001aa                HAL_PCD_Init
 .text.HAL_PCD_Start
                0x08000270       0x32 cmake/stm32cubemx/CMakeFiles/STM32_Drivers.dir/__/__/Drivers/STM32F1xx_HAL_Driver/Src/stm32f1xx_hal_pcd.c.obj
                0x08000270                HAL_PCD_Start
 .text.HAL_PCD_SetAddress
                0x080002a2       0x26 cmake/stm32cubemx/CMakeFiles/STM32_Drivers.dir/__/__/Drivers/STM32F1xx_HAL_Driver/Src/stm32f1xx_hal_pcd.c.obj
                0x080002a2                HAL_PCD_SetAddress
 .text.HAL_PCD_IRQHandler
                0x080002c8      0x9b4 cmake/stm32cubemx/CMakeFiles/STM32_Drivers.dir/__/__/Drivers/STM32F1xx_HAL_Driver/Src/stm32f1xx_hal_pcd.c.obj
                0x080002c8                HAL_PCD_IRQHandler
 .text.HAL_PCD_EP_Open
                0x08000c7c       0x60 cmake/stm32cubemx/CMakeFiles/STM32_Drivers.dir/__/__/Drivers/STM32F1xx_HAL_Driver/Src/stm32f1xx_hal_pcd.c.obj
                0x08000c7c                HAL_PCD_EP_Open
 .text.HAL_PCD_EP_Close
                0x08000cdc       0x50 cmake/stm32cubemx/CMakeFiles/STM32_Drivers.dir/__/__/Drivers/STM32F1xx_HAL_Driver/Src/stm32f1xx_hal_pcd.c.obj
                0x08000cdc                HAL_PCD_EP_Close
 .text.HAL_PCD_EP_Receive
                0x08000d2c       0x2e cmake/stm32cubemx/CMakeFiles/STM32_Drivers.dir/__/__/Drivers/STM32F1xx_HAL_Driver/Src/stm32f1xx_hal_pcd.c.obj
                0x08000d2c                HAL_PCD_EP_Receive
 .text.HAL_PCD_EP_GetRxCount
                0x08000d5a       0x10 cmake/stm32cubemx/CMakeFiles/STM32_Drivers.dir/__/__/Drivers/STM32F1xx_HAL_Driver/Src/stm32f1xx_hal_pcd.c.obj
                0x08000d5a                HAL_PCD_EP_GetRxCount
 .text.HAL_PCD_EP_Transmit
                0x08000d6a       0x30 cmake/stm32cubemx/CMakeFiles/STM32_Drivers.dir/__/__/Drivers/STM32F1xx_HAL_Driver/Src/stm32f1xx_hal_pcd.c.obj
                0x08000d6a                HAL_PCD_EP_Transmit
 .text.HAL_PCD_EP_SetStall
                0x08000d9a       0x6c cmake/stm32cubemx/CMakeFiles/STM32_Drivers.dir/__/__/Drivers/STM32F1xx_HAL_Driver/Src/stm32f1xx_hal_pcd.c.obj
                0x08000d9a                HAL_PCD_EP_SetStall
 .text.HAL_PCD_EP_ClrStall
                0x08000e06       0x64 cmake/stm32cubemx/CMakeFiles/STM32_Drivers.dir/__/__/Drivers/STM32F1xx_HAL_Driver/Src/stm32f1xx_hal_pcd.c.obj
                0x08000e06                HAL_PCD_EP_ClrStall
 .text.HAL_PCDEx_PMAConfig
                0x08000e6a       0x32 cmake/stm32cubemx/CMakeFiles/STM32_Drivers.dir/__/__/Drivers/STM32F1xx_HAL_Driver/Src/stm32f1xx_hal_pcd_ex.c.obj
                0x08000e6a                HAL_PCDEx_PMAConfig
 .text.USB_CoreInit
                0x08000e9c        0xe cmake/stm32cubemx/CMakeFiles/STM32_Drivers.dir/__/__/Drivers/STM32F1xx_HAL_Driver/Src/stm32f1xx_ll_usb.c.obj
                0x08000e9c                USB_CoreInit
 .text.USB_EnableGlobalInt
                0x08000eaa       0x12 cmake/stm32cubemx/CMakeFiles/STM32_Drivers.dir/__/__/Drivers/STM32F1xx_HAL_Driver/Src/stm32f1xx_ll_usb.c.obj
                0x08000eaa                USB_EnableGlobalInt
 .text.USB_DisableGlobalInt
                0x08000ebc       0x14 cmake/stm32cubemx/CMakeFiles/STM32_Drivers.dir/__/__/Drivers/STM32F1xx_HAL_Driver/Src/stm32f1xx_ll_usb.c.obj
                0x08000ebc                USB_DisableGlobalInt
 .text.USB_SetCurrentMode
                0x08000ed0        0x4 cmake/stm32cubemx/CMakeFiles/STM32_Drivers.dir/__/__/Drivers/STM32F1xx_HAL_Driver/Src/stm32f1xx_ll_usb.c.obj
                0x08000ed0                USB_SetCurrentMode
 .text.USB_DevInit
                0x08000ed4       0x22 cmake/stm32cubemx/CMakeFiles/STM32_Drivers.dir/__/__/Drivers/STM32F1xx_HAL_Driver/Src/stm32f1xx_ll_usb.c.obj
                0x08000ed4                USB_DevInit
 *fill*         0x08000ef6        0x2 
 .text.USB_ActivateEndpoint
                0x08000ef8      0x2c0 cmake/stm32cubemx/CMakeFiles/STM32_Drivers.dir/__/__/Drivers/STM32F1xx_HAL_Driver/Src/stm32f1xx_ll_usb.c.obj
                0x08000ef8                USB_ActivateEndpoint
 .text.USB_DeactivateEndpoint
                0x080011b8      0x1a6 cmake/stm32cubemx/CMakeFiles/STM32_Drivers.dir/__/__/Drivers/STM32F1xx_HAL_Driver/Src/stm32f1xx_ll_usb.c.obj
                0x080011b8                USB_DeactivateEndpoint
 .text.USB_EPSetStall
                0x0800135e       0x40 cmake/stm32cubemx/CMakeFiles/STM32_Drivers.dir/__/__/Drivers/STM32F1xx_HAL_Driver/Src/stm32f1xx_ll_usb.c.obj
                0x0800135e                USB_EPSetStall
 .text.USB_EPClearStall
                0x0800139e       0x92 cmake/stm32cubemx/CMakeFiles/STM32_Drivers.dir/__/__/Drivers/STM32F1xx_HAL_Driver/Src/stm32f1xx_ll_usb.c.obj
                0x0800139e                USB_EPClearStall
 .text.USB_SetDevAddress
                0x08001430        0xc cmake/stm32cubemx/CMakeFiles/STM32_Drivers.dir/__/__/Drivers/STM32F1xx_HAL_Driver/Src/stm32f1xx_ll_usb.c.obj
                0x08001430                USB_SetDevAddress
 .text.USB_DevConnect
                0x0800143c        0x4 cmake/stm32cubemx/CMakeFiles/STM32_Drivers.dir/__/__/Drivers/STM32F1xx_HAL_Driver/Src/stm32f1xx_ll_usb.c.obj
                0x0800143c                USB_DevConnect
 .text.USB_DevDisconnect
                0x08001440        0x4 cmake/stm32cubemx/CMakeFiles/STM32_Drivers.dir/__/__/Drivers/STM32F1xx_HAL_Driver/Src/stm32f1xx_ll_usb.c.obj
                0x08001440                USB_DevDisconnect
 .text.USB_ReadInterrupts
                0x08001444        0x8 cmake/stm32cubemx/CMakeFiles/STM32_Drivers.dir/__/__/Drivers/STM32F1xx_HAL_Driver/Src/stm32f1xx_ll_usb.c.obj
                0x08001444                USB_ReadInterrupts
 .text.USB_EP0_OutStart
                0x0800144c        0x4 cmake/stm32cubemx/CMakeFiles/STM32_Drivers.dir/__/__/Drivers/STM32F1xx_HAL_Driver/Src/stm32f1xx_ll_usb.c.obj
                0x0800144c                USB_EP0_OutStart
 .text.USB_WritePMA
                0x08001450       0x20 cmake/stm32cubemx/CMakeFiles/STM32_Drivers.dir/__/__/Drivers/STM32F1xx_HAL_Driver/Src/stm32f1xx_ll_usb.c.obj
                0x08001450                USB_WritePMA
 .text.USB_EPStartXfer
                0x08001470      0x462 cmake/stm32cubemx/CMakeFiles/STM32_Drivers.dir/__/__/Drivers/STM32F1xx_HAL_Driver/Src/stm32f1xx_ll_usb.c.obj
                0x08001470                USB_EPStartXfer
 .text.USB_ReadPMA
                0x080018d2       0x38 cmake/stm32cubemx/CMakeFiles/STM32_Drivers.dir/__/__/Drivers/STM32F1xx_HAL_Driver/Src/stm32f1xx_ll_usb.c.obj
                0x080018d2                USB_ReadPMA
 *fill*         0x0800190a        0x2 
 .text.HAL_InitTick
                0x0800190c       0x48 cmake/stm32cubemx/CMakeFiles/STM32_Drivers.dir/__/__/Drivers/STM32F1xx_HAL_Driver/Src/stm32f1xx_hal.c.obj
                0x0800190c                HAL_InitTick
 .text.HAL_Init
                0x08001954       0x24 cmake/stm32cubemx/CMakeFiles/STM32_Drivers.dir/__/__/Drivers/STM32F1xx_HAL_Driver/Src/stm32f1xx_hal.c.obj
                0x08001954                HAL_Init
 .text.HAL_IncTick
                0x08001978       0x18 cmake/stm32cubemx/CMakeFiles/STM32_Drivers.dir/__/__/Drivers/STM32F1xx_HAL_Driver/Src/stm32f1xx_hal.c.obj
                0x08001978                HAL_IncTick
 .text.HAL_GetTick
                0x08001990        0xc cmake/stm32cubemx/CMakeFiles/STM32_Drivers.dir/__/__/Drivers/STM32F1xx_HAL_Driver/Src/stm32f1xx_hal.c.obj
                0x08001990                HAL_GetTick
 .text.HAL_Delay
                0x0800199c       0x24 cmake/stm32cubemx/CMakeFiles/STM32_Drivers.dir/__/__/Drivers/STM32F1xx_HAL_Driver/Src/stm32f1xx_hal.c.obj
                0x0800199c                HAL_Delay
 .text.HAL_RCC_OscConfig
                0x080019c0      0x338 cmake/stm32cubemx/CMakeFiles/STM32_Drivers.dir/__/__/Drivers/STM32F1xx_HAL_Driver/Src/stm32f1xx_hal_rcc.c.obj
                0x080019c0                HAL_RCC_OscConfig
 .text.HAL_RCC_GetSysClockFreq
                0x08001cf8       0x4c cmake/stm32cubemx/CMakeFiles/STM32_Drivers.dir/__/__/Drivers/STM32F1xx_HAL_Driver/Src/stm32f1xx_hal_rcc.c.obj
                0x08001cf8                HAL_RCC_GetSysClockFreq
 .text.HAL_RCC_ClockConfig
                0x08001d44      0x138 cmake/stm32cubemx/CMakeFiles/STM32_Drivers.dir/__/__/Drivers/STM32F1xx_HAL_Driver/Src/stm32f1xx_hal_rcc.c.obj
                0x08001d44                HAL_RCC_ClockConfig
 .text.HAL_RCCEx_PeriphCLKConfig
                0x08001e7c       0xf4 cmake/stm32cubemx/CMakeFiles/STM32_Drivers.dir/__/__/Drivers/STM32F1xx_HAL_Driver/Src/stm32f1xx_hal_rcc_ex.c.obj
                0x08001e7c                HAL_RCCEx_PeriphCLKConfig
 .text.HAL_GPIO_Init
                0x08001f70      0x19c cmake/stm32cubemx/CMakeFiles/STM32_Drivers.dir/__/__/Drivers/STM32F1xx_HAL_Driver/Src/stm32f1xx_hal_gpio.c.obj
                0x08001f70                HAL_GPIO_Init
 .text.HAL_GPIO_ReadPin
                0x0800210c        0xc cmake/stm32cubemx/CMakeFiles/STM32_Drivers.dir/__/__/Drivers/STM32F1xx_HAL_Driver/Src/stm32f1xx_hal_gpio.c.obj
                0x0800210c                HAL_GPIO_ReadPin
 .text.HAL_GPIO_WritePin
                0x08002118        0xa cmake/stm32cubemx/CMakeFiles/STM32_Drivers.dir/__/__/Drivers/STM32F1xx_HAL_Driver/Src/stm32f1xx_hal_gpio.c.obj
                0x08002118                HAL_GPIO_WritePin
 .text.HAL_GPIO_TogglePin
                0x08002122       0x12 cmake/stm32cubemx/CMakeFiles/STM32_Drivers.dir/__/__/Drivers/STM32F1xx_HAL_Driver/Src/stm32f1xx_hal_gpio.c.obj
                0x08002122                HAL_GPIO_TogglePin
 .text.HAL_NVIC_SetPriorityGrouping
                0x08002134       0x24 cmake/stm32cubemx/CMakeFiles/STM32_Drivers.dir/__/__/Drivers/STM32F1xx_HAL_Driver/Src/stm32f1xx_hal_cortex.c.obj
                0x08002134                HAL_NVIC_SetPriorityGrouping
 .text.HAL_NVIC_SetPriority
                0x08002158       0x60 cmake/stm32cubemx/CMakeFiles/STM32_Drivers.dir/__/__/Drivers/STM32F1xx_HAL_Driver/Src/stm32f1xx_hal_cortex.c.obj
                0x08002158                HAL_NVIC_SetPriority
 .text.HAL_NVIC_EnableIRQ
                0x080021b8       0x1c cmake/stm32cubemx/CMakeFiles/STM32_Drivers.dir/__/__/Drivers/STM32F1xx_HAL_Driver/Src/stm32f1xx_hal_cortex.c.obj
                0x080021b8                HAL_NVIC_EnableIRQ
 .text.HAL_SYSTICK_Config
                0x080021d4       0x28 cmake/stm32cubemx/CMakeFiles/STM32_Drivers.dir/__/__/Drivers/STM32F1xx_HAL_Driver/Src/stm32f1xx_hal_cortex.c.obj
                0x080021d4                HAL_SYSTICK_Config
 .text.USBD_Init
                0x080021fc       0x2a cmake/stm32cubemx/CMakeFiles/USB_Device_Library.dir/__/__/Middlewares/ST/STM32_USB_Device_Library/Core/Src/usbd_core.c.obj
                0x080021fc                USBD_Init
 .text.USBD_RegisterClass
                0x08002226        0xe cmake/stm32cubemx/CMakeFiles/USB_Device_Library.dir/__/__/Middlewares/ST/STM32_USB_Device_Library/Core/Src/usbd_core.c.obj
                0x08002226                USBD_RegisterClass
 .text.USBD_Start
                0x08002234        0xa cmake/stm32cubemx/CMakeFiles/USB_Device_Library.dir/__/__/Middlewares/ST/STM32_USB_Device_Library/Core/Src/usbd_core.c.obj
                0x08002234                USBD_Start
 .text.USBD_SetClassConfig
                0x0800223e       0x1a cmake/stm32cubemx/CMakeFiles/USB_Device_Library.dir/__/__/Middlewares/ST/STM32_USB_Device_Library/Core/Src/usbd_core.c.obj
                0x0800223e                USBD_SetClassConfig
 .text.USBD_ClrClassConfig
                0x08002258        0xe cmake/stm32cubemx/CMakeFiles/USB_Device_Library.dir/__/__/Middlewares/ST/STM32_USB_Device_Library/Core/Src/usbd_core.c.obj
                0x08002258                USBD_ClrClassConfig
 .text.USBD_LL_SetupStage
                0x08002266       0x5a cmake/stm32cubemx/CMakeFiles/USB_Device_Library.dir/__/__/Middlewares/ST/STM32_USB_Device_Library/Core/Src/usbd_core.c.obj
                0x08002266                USBD_LL_SetupStage
 .text.USBD_LL_DataOutStage
                0x080022c0       0x70 cmake/stm32cubemx/CMakeFiles/USB_Device_Library.dir/__/__/Middlewares/ST/STM32_USB_Device_Library/Core/Src/usbd_core.c.obj
                0x080022c0                USBD_LL_DataOutStage
 .text.USBD_LL_DataInStage
                0x08002330       0xb8 cmake/stm32cubemx/CMakeFiles/USB_Device_Library.dir/__/__/Middlewares/ST/STM32_USB_Device_Library/Core/Src/usbd_core.c.obj
                0x08002330                USBD_LL_DataInStage
 .text.USBD_LL_Reset
                0x080023e8       0x4e cmake/stm32cubemx/CMakeFiles/USB_Device_Library.dir/__/__/Middlewares/ST/STM32_USB_Device_Library/Core/Src/usbd_core.c.obj
                0x080023e8                USBD_LL_Reset
 .text.USBD_LL_SetSpeed
                0x08002436        0x6 cmake/stm32cubemx/CMakeFiles/USB_Device_Library.dir/__/__/Middlewares/ST/STM32_USB_Device_Library/Core/Src/usbd_core.c.obj
                0x08002436                USBD_LL_SetSpeed
 .text.USBD_LL_Suspend
                0x0800243c       0x12 cmake/stm32cubemx/CMakeFiles/USB_Device_Library.dir/__/__/Middlewares/ST/STM32_USB_Device_Library/Core/Src/usbd_core.c.obj
                0x0800243c                USBD_LL_Suspend
 .text.USBD_LL_Resume
                0x0800244e       0x14 cmake/stm32cubemx/CMakeFiles/USB_Device_Library.dir/__/__/Middlewares/ST/STM32_USB_Device_Library/Core/Src/usbd_core.c.obj
                0x0800244e                USBD_LL_Resume
 .text.USBD_LL_SOF
                0x08002462       0x18 cmake/stm32cubemx/CMakeFiles/USB_Device_Library.dir/__/__/Middlewares/ST/STM32_USB_Device_Library/Core/Src/usbd_core.c.obj
                0x08002462                USBD_LL_SOF
 .text.USBD_CtlError.constprop.0
                0x0800247a       0x16 cmake/stm32cubemx/CMakeFiles/USB_Device_Library.dir/__/__/Middlewares/ST/STM32_USB_Device_Library/Core/Src/usbd_ctlreq.c.obj
 .text.USBD_StdDevReq
                0x08002490      0x290 cmake/stm32cubemx/CMakeFiles/USB_Device_Library.dir/__/__/Middlewares/ST/STM32_USB_Device_Library/Core/Src/usbd_ctlreq.c.obj
                0x08002490                USBD_StdDevReq
 .text.USBD_StdItfReq
                0x08002720       0x48 cmake/stm32cubemx/CMakeFiles/USB_Device_Library.dir/__/__/Middlewares/ST/STM32_USB_Device_Library/Core/Src/usbd_ctlreq.c.obj
                0x08002720                USBD_StdItfReq
 .text.USBD_StdEPReq
                0x08002768      0x118 cmake/stm32cubemx/CMakeFiles/USB_Device_Library.dir/__/__/Middlewares/ST/STM32_USB_Device_Library/Core/Src/usbd_ctlreq.c.obj
                0x08002768                USBD_StdEPReq
 .text.USBD_ParseSetupRequest
                0x08002880       0x16 cmake/stm32cubemx/CMakeFiles/USB_Device_Library.dir/__/__/Middlewares/ST/STM32_USB_Device_Library/Core/Src/usbd_ctlreq.c.obj
                0x08002880                USBD_ParseSetupRequest
 .text.USBD_CtlError
                0x08002896       0x16 cmake/stm32cubemx/CMakeFiles/USB_Device_Library.dir/__/__/Middlewares/ST/STM32_USB_Device_Library/Core/Src/usbd_ctlreq.c.obj
                0x08002896                USBD_CtlError
 .text.USBD_GetString
                0x080028ac       0x38 cmake/stm32cubemx/CMakeFiles/USB_Device_Library.dir/__/__/Middlewares/ST/STM32_USB_Device_Library/Core/Src/usbd_ctlreq.c.obj
                0x080028ac                USBD_GetString
 .text.USBD_CtlSendData
                0x080028e4       0x1a cmake/stm32cubemx/CMakeFiles/USB_Device_Library.dir/__/__/Middlewares/ST/STM32_USB_Device_Library/Core/Src/usbd_ioreq.c.obj
                0x080028e4                USBD_CtlSendData
 .text.USBD_CtlContinueSendData
                0x080028fe       0x10 cmake/stm32cubemx/CMakeFiles/USB_Device_Library.dir/__/__/Middlewares/ST/STM32_USB_Device_Library/Core/Src/usbd_ioreq.c.obj
                0x080028fe                USBD_CtlContinueSendData
 .text.USBD_CtlPrepareRx
                0x0800290e       0x1a cmake/stm32cubemx/CMakeFiles/USB_Device_Library.dir/__/__/Middlewares/ST/STM32_USB_Device_Library/Core/Src/usbd_ioreq.c.obj
                0x0800290e                USBD_CtlPrepareRx
 .text.USBD_CtlContinueRx
                0x08002928       0x10 cmake/stm32cubemx/CMakeFiles/USB_Device_Library.dir/__/__/Middlewares/ST/STM32_USB_Device_Library/Core/Src/usbd_ioreq.c.obj
                0x08002928                USBD_CtlContinueRx
 .text.USBD_CtlSendStatus
                0x08002938       0x16 cmake/stm32cubemx/CMakeFiles/USB_Device_Library.dir/__/__/Middlewares/ST/STM32_USB_Device_Library/Core/Src/usbd_ioreq.c.obj
                0x08002938                USBD_CtlSendStatus
 .text.USBD_CtlReceiveStatus
                0x0800294e       0x16 cmake/stm32cubemx/CMakeFiles/USB_Device_Library.dir/__/__/Middlewares/ST/STM32_USB_Device_Library/Core/Src/usbd_ioreq.c.obj
                0x0800294e                USBD_CtlReceiveStatus
 .text.USBD_CDC_EP0_RxReady
                0x08002964       0x28 cmake/stm32cubemx/CMakeFiles/USB_Device_Library.dir/__/__/Middlewares/ST/STM32_USB_Device_Library/Class/CDC/Src/usbd_cdc.c.obj
 .text.USBD_CDC_GetFSCfgDesc
                0x0800298c        0xc cmake/stm32cubemx/CMakeFiles/USB_Device_Library.dir/__/__/Middlewares/ST/STM32_USB_Device_Library/Class/CDC/Src/usbd_cdc.c.obj
 .text.USBD_CDC_GetHSCfgDesc
                0x08002998        0xc cmake/stm32cubemx/CMakeFiles/USB_Device_Library.dir/__/__/Middlewares/ST/STM32_USB_Device_Library/Class/CDC/Src/usbd_cdc.c.obj
 .text.USBD_CDC_GetOtherSpeedCfgDesc
                0x080029a4        0xc cmake/stm32cubemx/CMakeFiles/USB_Device_Library.dir/__/__/Middlewares/ST/STM32_USB_Device_Library/Class/CDC/Src/usbd_cdc.c.obj
 .text.USBD_CDC_GetDeviceQualifierDescriptor
                0x080029b0        0xc cmake/stm32cubemx/CMakeFiles/USB_Device_Library.dir/__/__/Middlewares/ST/STM32_USB_Device_Library/Class/CDC/Src/usbd_cdc.c.obj
                0x080029b0                USBD_CDC_GetDeviceQualifierDescriptor
 .text.USBD_CDC_DataOut
                0x080029bc       0x2e cmake/stm32cubemx/CMakeFiles/USB_Device_Library.dir/__/__/Middlewares/ST/STM32_USB_Device_Library/Class/CDC/Src/usbd_cdc.c.obj
 .text.USBD_CDC_DataIn
                0x080029ea       0x40 cmake/stm32cubemx/CMakeFiles/USB_Device_Library.dir/__/__/Middlewares/ST/STM32_USB_Device_Library/Class/CDC/Src/usbd_cdc.c.obj
 .text.USBD_CDC_Setup
                0x08002a2a       0xa2 cmake/stm32cubemx/CMakeFiles/USB_Device_Library.dir/__/__/Middlewares/ST/STM32_USB_Device_Library/Class/CDC/Src/usbd_cdc.c.obj
 .text.USBD_CDC_DeInit
                0x08002acc       0x42 cmake/stm32cubemx/CMakeFiles/USB_Device_Library.dir/__/__/Middlewares/ST/STM32_USB_Device_Library/Class/CDC/Src/usbd_cdc.c.obj
 .text.USBD_CDC_Init
                0x08002b0e       0x8c cmake/stm32cubemx/CMakeFiles/USB_Device_Library.dir/__/__/Middlewares/ST/STM32_USB_Device_Library/Class/CDC/Src/usbd_cdc.c.obj
 .text.USBD_CDC_RegisterInterface
                0x08002b9a        0xe cmake/stm32cubemx/CMakeFiles/USB_Device_Library.dir/__/__/Middlewares/ST/STM32_USB_Device_Library/Class/CDC/Src/usbd_cdc.c.obj
                0x08002b9a                USBD_CDC_RegisterInterface
 .text.USBD_CDC_SetTxBuffer
                0x08002ba8       0x10 cmake/stm32cubemx/CMakeFiles/USB_Device_Library.dir/__/__/Middlewares/ST/STM32_USB_Device_Library/Class/CDC/Src/usbd_cdc.c.obj
                0x08002ba8                USBD_CDC_SetTxBuffer
 .text.USBD_CDC_SetRxBuffer
                0x08002bb8        0xc cmake/stm32cubemx/CMakeFiles/USB_Device_Library.dir/__/__/Middlewares/ST/STM32_USB_Device_Library/Class/CDC/Src/usbd_cdc.c.obj
                0x08002bb8                USBD_CDC_SetRxBuffer
 .text.USBD_CDC_TransmitPacket
                0x08002bc4       0x32 cmake/stm32cubemx/CMakeFiles/USB_Device_Library.dir/__/__/Middlewares/ST/STM32_USB_Device_Library/Class/CDC/Src/usbd_cdc.c.obj
                0x08002bc4                USBD_CDC_TransmitPacket
 .text.USBD_CDC_ReceivePacket
                0x08002bf6       0x26 cmake/stm32cubemx/CMakeFiles/USB_Device_Library.dir/__/__/Middlewares/ST/STM32_USB_Device_Library/Class/CDC/Src/usbd_cdc.c.obj
                0x08002bf6                USBD_CDC_ReceivePacket
 .text.statemachine
                0x08002c1c        0x8 CMakeFiles/TEST_make.dir/Core/Src/statemachine.c.obj
                0x08002c1c                statemachine
 .text.led_toggle
                0x08002c24       0x48 CMakeFiles/TEST_make.dir/Core/Src/statemachine.c.obj
                0x08002c24                led_toggle
 .text.USBD_Get_USB_Status
                0x08002c6c        0xc CMakeFiles/TEST_make.dir/USB_DEVICE/Target/usbd_conf.c.obj
 .text.HAL_PCD_MspInit
                0x08002c78       0x40 CMakeFiles/TEST_make.dir/USB_DEVICE/Target/usbd_conf.c.obj
                0x08002c78                HAL_PCD_MspInit
 .text.HAL_PCD_SetupStageCallback
                0x08002cb8        0xc CMakeFiles/TEST_make.dir/USB_DEVICE/Target/usbd_conf.c.obj
                0x08002cb8                HAL_PCD_SetupStageCallback
 .text.HAL_PCD_DataOutStageCallback
                0x08002cc4       0x12 CMakeFiles/TEST_make.dir/USB_DEVICE/Target/usbd_conf.c.obj
                0x08002cc4                HAL_PCD_DataOutStageCallback
 .text.HAL_PCD_DataInStageCallback
                0x08002cd6       0x10 CMakeFiles/TEST_make.dir/USB_DEVICE/Target/usbd_conf.c.obj
                0x08002cd6                HAL_PCD_DataInStageCallback
 .text.HAL_PCD_SOFCallback
                0x08002ce6        0x8 CMakeFiles/TEST_make.dir/USB_DEVICE/Target/usbd_conf.c.obj
                0x08002ce6                HAL_PCD_SOFCallback
 .text.HAL_PCD_ResetCallback
                0x08002cee       0x24 CMakeFiles/TEST_make.dir/USB_DEVICE/Target/usbd_conf.c.obj
                0x08002cee                HAL_PCD_ResetCallback
 *fill*         0x08002d12        0x2 
 .text.HAL_PCD_SuspendCallback
                0x08002d14       0x20 CMakeFiles/TEST_make.dir/USB_DEVICE/Target/usbd_conf.c.obj
                0x08002d14                HAL_PCD_SuspendCallback
 .text.HAL_PCD_ResumeCallback
                0x08002d34        0x8 CMakeFiles/TEST_make.dir/USB_DEVICE/Target/usbd_conf.c.obj
                0x08002d34                HAL_PCD_ResumeCallback
 .text.USBD_LL_Init
                0x08002d3c       0x80 CMakeFiles/TEST_make.dir/USB_DEVICE/Target/usbd_conf.c.obj
                0x08002d3c                USBD_LL_Init
 .text.USBD_LL_Start
                0x08002dbc       0x12 CMakeFiles/TEST_make.dir/USB_DEVICE/Target/usbd_conf.c.obj
                0x08002dbc                USBD_LL_Start
 .text.USBD_LL_OpenEP
                0x08002dce       0x18 CMakeFiles/TEST_make.dir/USB_DEVICE/Target/usbd_conf.c.obj
                0x08002dce                USBD_LL_OpenEP
 .text.USBD_LL_CloseEP
                0x08002de6       0x12 CMakeFiles/TEST_make.dir/USB_DEVICE/Target/usbd_conf.c.obj
                0x08002de6                USBD_LL_CloseEP
 .text.USBD_LL_StallEP
                0x08002df8       0x12 CMakeFiles/TEST_make.dir/USB_DEVICE/Target/usbd_conf.c.obj
                0x08002df8                USBD_LL_StallEP
 .text.USBD_LL_ClearStallEP
                0x08002e0a       0x12 CMakeFiles/TEST_make.dir/USB_DEVICE/Target/usbd_conf.c.obj
                0x08002e0a                USBD_LL_ClearStallEP
 .text.USBD_LL_IsStallEP
                0x08002e1c       0x22 CMakeFiles/TEST_make.dir/USB_DEVICE/Target/usbd_conf.c.obj
                0x08002e1c                USBD_LL_IsStallEP
 .text.USBD_LL_SetUSBAddress
                0x08002e3e       0x12 CMakeFiles/TEST_make.dir/USB_DEVICE/Target/usbd_conf.c.obj
                0x08002e3e                USBD_LL_SetUSBAddress
 .text.USBD_LL_Transmit
                0x08002e50       0x12 CMakeFiles/TEST_make.dir/USB_DEVICE/Target/usbd_conf.c.obj
                0x08002e50                USBD_LL_Transmit
 .text.USBD_LL_PrepareReceive
                0x08002e62       0x12 CMakeFiles/TEST_make.dir/USB_DEVICE/Target/usbd_conf.c.obj
                0x08002e62                USBD_LL_PrepareReceive
 .text.USBD_LL_GetRxDataSize
                0x08002e74        0x8 CMakeFiles/TEST_make.dir/USB_DEVICE/Target/usbd_conf.c.obj
                0x08002e74                USBD_LL_GetRxDataSize
 .text.USBD_static_malloc
                0x08002e7c        0x8 CMakeFiles/TEST_make.dir/USB_DEVICE/Target/usbd_conf.c.obj
                0x08002e7c                USBD_static_malloc
 .text.USBD_static_free
                0x08002e84        0x2 CMakeFiles/TEST_make.dir/USB_DEVICE/Target/usbd_conf.c.obj
                0x08002e84                USBD_static_free
 .text.HAL_PCDEx_SetConnectionState
                0x08002e86        0x2 CMakeFiles/TEST_make.dir/USB_DEVICE/Target/usbd_conf.c.obj
                0x08002e86                HAL_PCDEx_SetConnectionState
 .text.MX_USB_DEVICE_Init
                0x08002e88       0x50 CMakeFiles/TEST_make.dir/USB_DEVICE/App/usb_device.c.obj
                0x08002e88                MX_USB_DEVICE_Init
 .text.USBD_FS_DeviceDescriptor
                0x08002ed8        0xc CMakeFiles/TEST_make.dir/USB_DEVICE/App/usbd_desc.c.obj
                0x08002ed8                USBD_FS_DeviceDescriptor
 .text.USBD_FS_LangIDStrDescriptor
                0x08002ee4        0xc CMakeFiles/TEST_make.dir/USB_DEVICE/App/usbd_desc.c.obj
                0x08002ee4                USBD_FS_LangIDStrDescriptor
 .text.IntToUnicode
                0x08002ef0       0x2a CMakeFiles/TEST_make.dir/USB_DEVICE/App/usbd_desc.c.obj
 *fill*         0x08002f1a        0x2 
 .text.USBD_FS_SerialStrDescriptor
                0x08002f1c       0x3c CMakeFiles/TEST_make.dir/USB_DEVICE/App/usbd_desc.c.obj
                0x08002f1c                USBD_FS_SerialStrDescriptor
 .text.USBD_FS_ManufacturerStrDescriptor
                0x08002f58       0x18 CMakeFiles/TEST_make.dir/USB_DEVICE/App/usbd_desc.c.obj
                0x08002f58                USBD_FS_ManufacturerStrDescriptor
 .text.USBD_FS_ProductStrDescriptor
                0x08002f70       0x18 CMakeFiles/TEST_make.dir/USB_DEVICE/App/usbd_desc.c.obj
                0x08002f70                USBD_FS_ProductStrDescriptor
 .text.USBD_FS_ConfigStrDescriptor
                0x08002f88       0x18 CMakeFiles/TEST_make.dir/USB_DEVICE/App/usbd_desc.c.obj
                0x08002f88                USBD_FS_ConfigStrDescriptor
 .text.USBD_FS_InterfaceStrDescriptor
                0x08002fa0       0x18 CMakeFiles/TEST_make.dir/USB_DEVICE/App/usbd_desc.c.obj
                0x08002fa0                USBD_FS_InterfaceStrDescriptor
 .text.CDC_DeInit_FS
                0x08002fb8        0x4 CMakeFiles/TEST_make.dir/USB_DEVICE/App/usbd_cdc_if.c.obj
 .text.CDC_Control_FS
                0x08002fbc        0x4 CMakeFiles/TEST_make.dir/USB_DEVICE/App/usbd_cdc_if.c.obj
 .text.CDC_Receive_FS
                0x08002fc0       0x18 CMakeFiles/TEST_make.dir/USB_DEVICE/App/usbd_cdc_if.c.obj
 .text.CDC_Init_FS
                0x08002fd8       0x24 CMakeFiles/TEST_make.dir/USB_DEVICE/App/usbd_cdc_if.c.obj
 .text.CDC_Transmit_FS
                0x08002ffc       0x2c CMakeFiles/TEST_make.dir/USB_DEVICE/App/usbd_cdc_if.c.obj
                0x08002ffc                CDC_Transmit_FS
 .text.SystemClock_Config
                0x08003028       0x7c CMakeFiles/TEST_make.dir/Core/Src/main.c.obj
                0x08003028                SystemClock_Config
 .text.startup.main
                0x080030a4       0xac CMakeFiles/TEST_make.dir/Core/Src/main.c.obj
                0x080030a4                main
 .text.Error_Handler
                0x08003150        0x4 CMakeFiles/TEST_make.dir/Core/Src/main.c.obj
                0x08003150                Error_Handler
 .text.NMI_Handler
                0x08003154        0x2 CMakeFiles/TEST_make.dir/Core/Src/stm32f1xx_it.c.obj
                0x08003154                NMI_Handler
 .text.HardFault_Handler
                0x08003156        0x2 CMakeFiles/TEST_make.dir/Core/Src/stm32f1xx_it.c.obj
                0x08003156                HardFault_Handler
 .text.MemManage_Handler
                0x08003158        0x2 CMakeFiles/TEST_make.dir/Core/Src/stm32f1xx_it.c.obj
                0x08003158                MemManage_Handler
 .text.BusFault_Handler
                0x0800315a        0x2 CMakeFiles/TEST_make.dir/Core/Src/stm32f1xx_it.c.obj
                0x0800315a                BusFault_Handler
 .text.UsageFault_Handler
                0x0800315c        0x2 CMakeFiles/TEST_make.dir/Core/Src/stm32f1xx_it.c.obj
                0x0800315c                UsageFault_Handler
 .text.SVC_Handler
                0x0800315e        0x2 CMakeFiles/TEST_make.dir/Core/Src/stm32f1xx_it.c.obj
                0x0800315e                SVC_Handler
 .text.DebugMon_Handler
                0x08003160        0x2 CMakeFiles/TEST_make.dir/Core/Src/stm32f1xx_it.c.obj
                0x08003160                DebugMon_Handler
 .text.PendSV_Handler
                0x08003162        0x2 CMakeFiles/TEST_make.dir/Core/Src/stm32f1xx_it.c.obj
                0x08003162                PendSV_Handler
 .text.SysTick_Handler
                0x08003164        0x4 CMakeFiles/TEST_make.dir/Core/Src/stm32f1xx_it.c.obj
                0x08003164                SysTick_Handler
 .text.USB_LP_CAN1_RX0_IRQHandler
                0x08003168        0xc CMakeFiles/TEST_make.dir/Core/Src/stm32f1xx_it.c.obj
                0x08003168                USB_LP_CAN1_RX0_IRQHandler
 .text.HAL_MspInit
                0x08003174       0x44 CMakeFiles/TEST_make.dir/Core/Src/stm32f1xx_hal_msp.c.obj
                0x08003174                HAL_MspInit
 .text.Reset_Handler
                0x080031b8       0x48 CMakeFiles/TEST_make.dir/startup_stm32f103x6.s.obj
                0x080031b8                Reset_Handler
 .text.Default_Handler
                0x08003200        0x2 CMakeFiles/TEST_make.dir/startup_stm32f103x6.s.obj
                0x08003200                RTC_Alarm_IRQHandler
                0x08003200                EXTI2_IRQHandler
                0x08003200                TIM1_CC_IRQHandler
                0x08003200                PVD_IRQHandler
                0x08003200                EXTI3_IRQHandler
                0x08003200                EXTI0_IRQHandler
                0x08003200                ADC1_2_IRQHandler
                0x08003200                SPI1_IRQHandler
                0x08003200                TAMPER_IRQHandler
                0x08003200                DMA1_Channel4_IRQHandler
                0x08003200                RTC_IRQHandler
                0x08003200                DMA1_Channel7_IRQHandler
                0x08003200                CAN1_RX1_IRQHandler
                0x08003200                I2C1_EV_IRQHandler
                0x08003200                DMA1_Channel6_IRQHandler
                0x08003200                TIM3_IRQHandler
                0x08003200                RCC_IRQHandler
                0x08003200                TIM1_TRG_COM_IRQHandler
                0x08003200                DMA1_Channel1_IRQHandler
                0x08003200                Default_Handler
                0x08003200                EXTI15_10_IRQHandler
                0x08003200                EXTI9_5_IRQHandler
                0x08003200                DMA1_Channel5_IRQHandler
                0x08003200                EXTI4_IRQHandler
                0x08003200                USB_HP_CAN1_TX_IRQHandler
                0x08003200                DMA1_Channel3_IRQHandler
                0x08003200                TIM1_UP_IRQHandler
                0x08003200                WWDG_IRQHandler
                0x08003200                TIM2_IRQHandler
                0x08003200                TIM1_BRK_IRQHandler
                0x08003200                EXTI1_IRQHandler
                0x08003200                USART2_IRQHandler
                0x08003200                DMA1_Channel2_IRQHandler
                0x08003200                CAN1_SCE_IRQHandler
                0x08003200                FLASH_IRQHandler
                0x08003200                USART1_IRQHandler
                0x08003200                I2C1_ER_IRQHandler
                0x08003200                USBWakeUp_IRQHandler
 .text.memset   0x08003202       0x10 C:/Users/shehu/.eide/tools/gcc_arm/bin/../lib/gcc/arm-none-eabi/14.3.1/../../../../arm-none-eabi/lib/thumb/v7-m/nofp\libg_nano.a(libc_a-memset.o)
                0x08003202                memset
 *fill*         0x08003212        0x2 
 .text.__libc_init_array
                0x08003214       0x48 C:/Users/shehu/.eide/tools/gcc_arm/bin/../lib/gcc/arm-none-eabi/14.3.1/../../../../arm-none-eabi/lib/thumb/v7-m/nofp\libg_nano.a(libc_a-init.o)
                0x08003214                __libc_init_array
 *(.glue_7)
 .glue_7        0x0800325c        0x0 linker stubs
 *(.glue_7t)
 .glue_7t       0x0800325c        0x0 linker stubs
 *(.eh_frame)
 .eh_frame      0x0800325c        0x0 C:/Users/shehu/.eide/tools/gcc_arm/bin/../lib/gcc/arm-none-eabi/14.3.1/thumb/v7-m/nofp/crtbegin.o
 *(.init)
 .init          0x0800325c        0x4 C:/Users/shehu/.eide/tools/gcc_arm/bin/../lib/gcc/arm-none-eabi/14.3.1/thumb/v7-m/nofp/crti.o
                0x0800325c                _init
 .init          0x08003260        0x8 C:/Users/shehu/.eide/tools/gcc_arm/bin/../lib/gcc/arm-none-eabi/14.3.1/thumb/v7-m/nofp/crtn.o
 *(.fini)
 .fini          0x08003268        0x4 C:/Users/shehu/.eide/tools/gcc_arm/bin/../lib/gcc/arm-none-eabi/14.3.1/thumb/v7-m/nofp/crti.o
                0x08003268                _fini
 .fini          0x0800326c        0x8 C:/Users/shehu/.eide/tools/gcc_arm/bin/../lib/gcc/arm-none-eabi/14.3.1/thumb/v7-m/nofp/crtn.o
                0x08003274                        . = ALIGN (0x4)
                0x08003274                        _etext = .

.vfp11_veneer   0x08003274        0x0
 .vfp11_veneer  0x08003274        0x0 linker stubs

.v4_bx          0x08003274        0x0
 .v4_bx         0x08003274        0x0 linker stubs

.iplt           0x08003274        0x0
 .iplt          0x08003274        0x0 C:/Users/shehu/.eide/tools/gcc_arm/bin/../lib/gcc/arm-none-eabi/14.3.1/thumb/v7-m/nofp/crtbegin.o

.rodata         0x08003274       0xb0
                0x08003274                        . = ALIGN (0x4)
 *(.rodata)
 *(.rodata*)
 .rodata.AHBPrescTable
                0x08003274       0x10 cmake/stm32cubemx/CMakeFiles/STM32_Drivers.dir/__/__/Core/Src/system_stm32f1xx.c.obj
                0x08003274                AHBPrescTable
 .rodata.aPredivFactorTable.0
                0x08003284        0x2 cmake/stm32cubemx/CMakeFiles/STM32_Drivers.dir/__/__/Drivers/STM32F1xx_HAL_Driver/Src/stm32f1xx_hal_rcc.c.obj
 .rodata.aPLLMULFactorTable.1
                0x08003286       0x10 cmake/stm32cubemx/CMakeFiles/STM32_Drivers.dir/__/__/Drivers/STM32F1xx_HAL_Driver/Src/stm32f1xx_hal_rcc.c.obj
 .rodata.led_toggle.str1.1
                0x08003296       0x8d CMakeFiles/TEST_make.dir/Core/Src/statemachine.c.obj
                                 0x3c (size before relaxing)
 .rodata.USBD_FS_ManufacturerStrDescriptor.str1.1
                0x08003323       0x13 CMakeFiles/TEST_make.dir/USB_DEVICE/App/usbd_desc.c.obj
 .rodata.USBD_FS_ProductStrDescriptor.str1.1
                0x08003323       0x16 CMakeFiles/TEST_make.dir/USB_DEVICE/App/usbd_desc.c.obj
 .rodata.USBD_FS_ConfigStrDescriptor.str1.1
                0x08003323        0xb CMakeFiles/TEST_make.dir/USB_DEVICE/App/usbd_desc.c.obj
 .rodata.USBD_FS_InterfaceStrDescriptor.str1.1
                0x08003323        0xe CMakeFiles/TEST_make.dir/USB_DEVICE/App/usbd_desc.c.obj
 .rodata.main.str1.1
                0x08003323        0xf CMakeFiles/TEST_make.dir/Core/Src/main.c.obj
                0x0800333c                        . = ALIGN (0x4)
 *fill*         0x08003323        0x1 

.ARM.extab      0x08003324        0x0
                0x08003324                        . = ALIGN (0x4)
 *(.ARM.extab* .gnu.linkonce.armextab.*)
                0x08003324                        . = ALIGN (0x4)

.ARM            0x08003324        0x8
                0x08003324                        . = ALIGN (0x4)
                0x08003324                        __exidx_start = .
 *(.ARM.exidx*)
 .ARM.exidx     0x08003324        0x8 C:/Users/shehu/.eide/tools/gcc_arm/bin/../lib/gcc/arm-none-eabi/14.3.1/../../../../arm-none-eabi/lib/thumb/v7-m/nofp\libg_nano.a(libc_a-strlen.o)
                0x0800332c                        __exidx_end = .
                0x0800332c                        . = ALIGN (0x4)

.preinit_array  0x0800332c        0x0
                0x0800332c                        . = ALIGN (0x4)
                0x0800332c                        PROVIDE (__preinit_array_start = .)
 *(.preinit_array*)
                0x0800332c                        PROVIDE (__preinit_array_end = .)
                0x0800332c                        . = ALIGN (0x4)

.init_array     0x0800332c        0x4
                0x0800332c                        . = ALIGN (0x4)
                0x0800332c                        PROVIDE (__init_array_start = .)
 *(SORT_BY_NAME(.init_array.*))
 *(.init_array*)
 .init_array    0x0800332c        0x4 C:/Users/shehu/.eide/tools/gcc_arm/bin/../lib/gcc/arm-none-eabi/14.3.1/thumb/v7-m/nofp/crtbegin.o
                0x08003330                        PROVIDE (__init_array_end = .)
                0x08003330                        . = ALIGN (0x4)

.fini_array     0x08003330        0x4
                0x08003330                        . = ALIGN (0x4)
                [!provide]                        PROVIDE (__fini_array_start = .)
 *(SORT_BY_NAME(.fini_array.*))
 *(.fini_array*)
 .fini_array    0x08003330        0x4 C:/Users/shehu/.eide/tools/gcc_arm/bin/../lib/gcc/arm-none-eabi/14.3.1/thumb/v7-m/nofp/crtbegin.o
                [!provide]                        PROVIDE (__fini_array_end = .)
                0x08003334                        . = ALIGN (0x4)
                0x08003334                        _sidata = LOADADDR (.data)

.rel.dyn        0x08003334        0x0
 .rel.iplt      0x08003334        0x0 C:/Users/shehu/.eide/tools/gcc_arm/bin/../lib/gcc/arm-none-eabi/14.3.1/thumb/v7-m/nofp/crtbegin.o

.data           0x20000000      0x17c load address 0x08003334
                0x20000000                        . = ALIGN (0x4)
                0x20000000                        _sdata = .
 *(.data)
 *(.data*)
 .data.SystemCoreClock
                0x20000000        0x4 cmake/stm32cubemx/CMakeFiles/STM32_Drivers.dir/__/__/Core/Src/system_stm32f1xx.c.obj
                0x20000000                SystemCoreClock
 .data.uwTickFreq
                0x20000004        0x1 cmake/stm32cubemx/CMakeFiles/STM32_Drivers.dir/__/__/Drivers/STM32F1xx_HAL_Driver/Src/stm32f1xx_hal.c.obj
                0x20000004                uwTickFreq
 *fill*         0x20000005        0x3 
 .data.uwTickPrio
                0x20000008        0x4 cmake/stm32cubemx/CMakeFiles/STM32_Drivers.dir/__/__/Drivers/STM32F1xx_HAL_Driver/Src/stm32f1xx_hal.c.obj
                0x20000008                uwTickPrio
 .data.USBD_CDC_OtherSpeedCfgDesc
                0x2000000c       0x43 cmake/stm32cubemx/CMakeFiles/USB_Device_Library.dir/__/__/Middlewares/ST/STM32_USB_Device_Library/Class/CDC/Src/usbd_cdc.c.obj
                0x2000000c                USBD_CDC_OtherSpeedCfgDesc
 *fill*         0x2000004f        0x1 
 .data.USBD_CDC_CfgFSDesc
                0x20000050       0x43 cmake/stm32cubemx/CMakeFiles/USB_Device_Library.dir/__/__/Middlewares/ST/STM32_USB_Device_Library/Class/CDC/Src/usbd_cdc.c.obj
                0x20000050                USBD_CDC_CfgFSDesc
 *fill*         0x20000093        0x1 
 .data.USBD_CDC_CfgHSDesc
                0x20000094       0x43 cmake/stm32cubemx/CMakeFiles/USB_Device_Library.dir/__/__/Middlewares/ST/STM32_USB_Device_Library/Class/CDC/Src/usbd_cdc.c.obj
                0x20000094                USBD_CDC_CfgHSDesc
 *fill*         0x200000d7        0x1 
 .data.USBD_CDC
                0x200000d8       0x38 cmake/stm32cubemx/CMakeFiles/USB_Device_Library.dir/__/__/Middlewares/ST/STM32_USB_Device_Library/Class/CDC/Src/usbd_cdc.c.obj
                0x200000d8                USBD_CDC
 .data.USBD_CDC_DeviceQualifierDesc
                0x20000110        0xa cmake/stm32cubemx/CMakeFiles/USB_Device_Library.dir/__/__/Middlewares/ST/STM32_USB_Device_Library/Class/CDC/Src/usbd_cdc.c.obj
 *fill*         0x2000011a        0x2 
 .data.USBD_StringSerial
                0x2000011c       0x1a CMakeFiles/TEST_make.dir/USB_DEVICE/App/usbd_desc.c.obj
                0x2000011c                USBD_StringSerial
 *fill*         0x20000136        0x2 
 .data.USBD_LangIDDesc
                0x20000138        0x4 CMakeFiles/TEST_make.dir/USB_DEVICE/App/usbd_desc.c.obj
                0x20000138                USBD_LangIDDesc
 .data.USBD_FS_DeviceDesc
                0x2000013c       0x12 CMakeFiles/TEST_make.dir/USB_DEVICE/App/usbd_desc.c.obj
                0x2000013c                USBD_FS_DeviceDesc
 *fill*         0x2000014e        0x2 
 .data.FS_Desc  0x20000150       0x1c CMakeFiles/TEST_make.dir/USB_DEVICE/App/usbd_desc.c.obj
                0x20000150                FS_Desc
 .data.USBD_Interface_fops_FS
                0x2000016c       0x10 CMakeFiles/TEST_make.dir/USB_DEVICE/App/usbd_cdc_if.c.obj
                0x2000016c                USBD_Interface_fops_FS
 *(.RamFunc)
 *(.RamFunc*)
                0x2000017c                        . = ALIGN (0x4)

.tm_clone_table
                0x2000017c        0x0 load address 0x080034b0
 .tm_clone_table
                0x2000017c        0x0 C:/Users/shehu/.eide/tools/gcc_arm/bin/../lib/gcc/arm-none-eabi/14.3.1/thumb/v7-m/nofp/crtbegin.o
 .tm_clone_table
                0x2000017c        0x0 C:/Users/shehu/.eide/tools/gcc_arm/bin/../lib/gcc/arm-none-eabi/14.3.1/thumb/v7-m/nofp/crtend.o

.igot.plt       0x2000017c        0x0 load address 0x080034b0
 .igot.plt      0x2000017c        0x0 C:/Users/shehu/.eide/tools/gcc_arm/bin/../lib/gcc/arm-none-eabi/14.3.1/thumb/v7-m/nofp/crtbegin.o

.tdata          0x2000017c        0x0 load address 0x080034b0
 *(.tdata .tdata.* .gnu.linkonce.td.*)
                0x2000017c                        . = ALIGN (0x4)
                0x2000017c                        _edata = .
                [!provide]                        PROVIDE (__data_end = .)
                [!provide]                        PROVIDE (__tdata_end = .)
                [!provide]                        PROVIDE (__tdata_start = ADDR (.tdata))
                [!provide]                        PROVIDE (__tdata_size = (__tdata_end - __tdata_start))
                [!provide]                        PROVIDE (__data_start = ADDR (.data))
                [!provide]                        PROVIDE (__data_size = (__data_end - __data_start))
                [!provide]                        PROVIDE (__tdata_source = LOADADDR (.tdata))
                [!provide]                        PROVIDE (__tdata_source_end = (LOADADDR (.tdata) + SIZEOF (.tdata)))
                [!provide]                        PROVIDE (__tdata_source_size = (__tdata_source_end - __tdata_source))
                [!provide]                        PROVIDE (__data_source = LOADADDR (.data))
                [!provide]                        PROVIDE (__data_source_end = __tdata_source_end)
                [!provide]                        PROVIDE (__data_source_size = (__data_source_end - __data_source))

.tbss           0x2000017c        0x0 load address 0x080034b0
                0x2000017c                        _sbss = .
                0x2000017c                        __bss_start__ = _sbss
 *(.tbss .tbss.*)
                0x2000017c                        . = ALIGN (0x4)
                [!provide]                        PROVIDE (__tbss_end = .)
                [!provide]                        PROVIDE (__tbss_start = ADDR (.tbss))
                [!provide]                        PROVIDE (__tbss_size = (__tbss_end - __tbss_start))
                [!provide]                        PROVIDE (__tbss_offset = (ADDR (.tbss) - ADDR (.tdata)))
                [!provide]                        PROVIDE (__tls_base = __tdata_start)
                [!provide]                        PROVIDE (__tls_end = __tbss_end)
                [!provide]                        PROVIDE (__tls_size = (__tls_end - __tls_base))
                [!provide]                        PROVIDE (__tls_align = MAX (ALIGNOF (.tdata), ALIGNOF (.tbss)))
                [!provide]                        PROVIDE (__tls_size_align = (((__tls_size + __tls_align) - 0x1) & ~ ((__tls_align - 0x1))))
                [!provide]                        PROVIDE (__arm32_tls_tcb_offset = MAX (0x8, __tls_align))
                [!provide]                        PROVIDE (__arm64_tls_tcb_offset = MAX (0x10, __tls_align))

.bss            0x2000017c     0x11e0 load address 0x080034b0
 *(.bss)
 *(.bss*)
 .bss.completed.1
                0x2000017c        0x1 C:/Users/shehu/.eide/tools/gcc_arm/bin/../lib/gcc/arm-none-eabi/14.3.1/thumb/v7-m/nofp/crtbegin.o
 *fill*         0x2000017d        0x3 
 .bss.object.0  0x20000180       0x18 C:/Users/shehu/.eide/tools/gcc_arm/bin/../lib/gcc/arm-none-eabi/14.3.1/thumb/v7-m/nofp/crtbegin.o
 .bss.uwTick    0x20000198        0x4 cmake/stm32cubemx/CMakeFiles/STM32_Drivers.dir/__/__/Drivers/STM32F1xx_HAL_Driver/Src/stm32f1xx_hal.c.obj
                0x20000198                uwTick
 .bss.cfgidx.0  0x2000019c        0x1 cmake/stm32cubemx/CMakeFiles/USB_Device_Library.dir/__/__/Middlewares/ST/STM32_USB_Device_Library/Core/Src/usbd_ctlreq.c.obj
 *fill*         0x2000019d        0x3 
 .bss.mem.0     0x200001a0      0x220 CMakeFiles/TEST_make.dir/USB_DEVICE/Target/usbd_conf.c.obj
 .bss.hpcd_USB_FS
                0x200003c0      0x2d8 CMakeFiles/TEST_make.dir/USB_DEVICE/Target/usbd_conf.c.obj
                0x200003c0                hpcd_USB_FS
 .bss.hUsbDeviceFS
                0x20000698      0x2c4 CMakeFiles/TEST_make.dir/USB_DEVICE/App/usb_device.c.obj
                0x20000698                hUsbDeviceFS
 .bss.USBD_StrDesc
                0x2000095c      0x200 CMakeFiles/TEST_make.dir/USB_DEVICE/App/usbd_desc.c.obj
                0x2000095c                USBD_StrDesc
 .bss.UserTxBufferFS
                0x20000b5c      0x400 CMakeFiles/TEST_make.dir/USB_DEVICE/App/usbd_cdc_if.c.obj
                0x20000b5c                UserTxBufferFS
 .bss.UserRxBufferFS
                0x20000f5c      0x400 CMakeFiles/TEST_make.dir/USB_DEVICE/App/usbd_cdc_if.c.obj
                0x20000f5c                UserRxBufferFS
 *(COMMON)
                0x2000135c                        . = ALIGN (0x4)
                0x2000135c                        _ebss = .
                0x2000135c                        __bss_end__ = _ebss
                [!provide]                        PROVIDE (__bss_end = .)
                [!provide]                        PROVIDE (__non_tls_bss_start = ADDR (.bss))
                [!provide]                        PROVIDE (__bss_start = __tbss_start)
                [!provide]                        PROVIDE (__bss_size = (__bss_end - __bss_start))

._user_heap_stack
                0x2000135c      0x604 load address 0x080034b0
                0x20001360                        . = ALIGN (0x8)
 *fill*         0x2000135c        0x4 
                [!provide]                        PROVIDE (end = .)
                0x20001360                        PROVIDE (_end = .)
                0x20001560                        . = (. + _Min_Heap_Size)
 *fill*         0x20001360      0x200 
                0x20001960                        . = (. + _Min_Stack_Size)
 *fill*         0x20001560      0x400 
                0x20001960                        . = ALIGN (0x8)

/DISCARD/
 libc.a:*(*)
 libm.a:*(*)
 libgcc.a:*(*)
OUTPUT(TEST_make.elf elf32-littlearm)
LOAD linker stubs

.ARM.attributes
                0x00000000       0x29
 .ARM.attributes
                0x00000000       0x1d C:/Users/shehu/.eide/tools/gcc_arm/bin/../lib/gcc/arm-none-eabi/14.3.1/thumb/v7-m/nofp/crti.o
 .ARM.attributes
                0x0000001d       0x2d C:/Users/shehu/.eide/tools/gcc_arm/bin/../lib/gcc/arm-none-eabi/14.3.1/thumb/v7-m/nofp/crtbegin.o
 .ARM.attributes
                0x0000004a       0x2d cmake/stm32cubemx/CMakeFiles/STM32_Drivers.dir/__/__/Core/Src/system_stm32f1xx.c.obj
 .ARM.attributes
                0x00000077       0x2d cmake/stm32cubemx/CMakeFiles/STM32_Drivers.dir/__/__/Drivers/STM32F1xx_HAL_Driver/Src/stm32f1xx_hal_pcd.c.obj
 .ARM.attributes
                0x000000a4       0x2d cmake/stm32cubemx/CMakeFiles/STM32_Drivers.dir/__/__/Drivers/STM32F1xx_HAL_Driver/Src/stm32f1xx_hal_pcd_ex.c.obj
 .ARM.attributes
                0x000000d1       0x2d cmake/stm32cubemx/CMakeFiles/STM32_Drivers.dir/__/__/Drivers/STM32F1xx_HAL_Driver/Src/stm32f1xx_ll_usb.c.obj
 .ARM.attributes
                0x000000fe       0x2d cmake/stm32cubemx/CMakeFiles/STM32_Drivers.dir/__/__/Drivers/STM32F1xx_HAL_Driver/Src/stm32f1xx_hal.c.obj
 .ARM.attributes
                0x0000012b       0x2d cmake/stm32cubemx/CMakeFiles/STM32_Drivers.dir/__/__/Drivers/STM32F1xx_HAL_Driver/Src/stm32f1xx_hal_rcc.c.obj
 .ARM.attributes
                0x00000158       0x2d cmake/stm32cubemx/CMakeFiles/STM32_Drivers.dir/__/__/Drivers/STM32F1xx_HAL_Driver/Src/stm32f1xx_hal_rcc_ex.c.obj
 .ARM.attributes
                0x00000185       0x2d cmake/stm32cubemx/CMakeFiles/STM32_Drivers.dir/__/__/Drivers/STM32F1xx_HAL_Driver/Src/stm32f1xx_hal_gpio.c.obj
 .ARM.attributes
                0x000001b2       0x2d cmake/stm32cubemx/CMakeFiles/STM32_Drivers.dir/__/__/Drivers/STM32F1xx_HAL_Driver/Src/stm32f1xx_hal_cortex.c.obj
 .ARM.attributes
                0x000001df       0x2d cmake/stm32cubemx/CMakeFiles/USB_Device_Library.dir/__/__/Middlewares/ST/STM32_USB_Device_Library/Core/Src/usbd_core.c.obj
 .ARM.attributes
                0x0000020c       0x2d cmake/stm32cubemx/CMakeFiles/USB_Device_Library.dir/__/__/Middlewares/ST/STM32_USB_Device_Library/Core/Src/usbd_ctlreq.c.obj
 .ARM.attributes
                0x00000239       0x2d cmake/stm32cubemx/CMakeFiles/USB_Device_Library.dir/__/__/Middlewares/ST/STM32_USB_Device_Library/Core/Src/usbd_ioreq.c.obj
 .ARM.attributes
                0x00000266       0x2d cmake/stm32cubemx/CMakeFiles/USB_Device_Library.dir/__/__/Middlewares/ST/STM32_USB_Device_Library/Class/CDC/Src/usbd_cdc.c.obj
 .ARM.attributes
                0x00000293       0x2d CMakeFiles/TEST_make.dir/Core/Src/statemachine.c.obj
 .ARM.attributes
                0x000002c0       0x2d CMakeFiles/TEST_make.dir/USB_DEVICE/Target/usbd_conf.c.obj
 .ARM.attributes
                0x000002ed       0x2d CMakeFiles/TEST_make.dir/USB_DEVICE/App/usb_device.c.obj
 .ARM.attributes
                0x0000031a       0x2d CMakeFiles/TEST_make.dir/USB_DEVICE/App/usbd_desc.c.obj
 .ARM.attributes
                0x00000347       0x2d CMakeFiles/TEST_make.dir/USB_DEVICE/App/usbd_cdc_if.c.obj
 .ARM.attributes
                0x00000374       0x2d CMakeFiles/TEST_make.dir/Core/Src/main.c.obj
 .ARM.attributes
                0x000003a1       0x2d CMakeFiles/TEST_make.dir/Core/Src/stm32f1xx_it.c.obj
 .ARM.attributes
                0x000003ce       0x2d CMakeFiles/TEST_make.dir/Core/Src/stm32f1xx_hal_msp.c.obj
 .ARM.attributes
                0x000003fb       0x21 CMakeFiles/TEST_make.dir/startup_stm32f103x6.s.obj
 .ARM.attributes
                0x0000041c       0x2d C:/Users/shehu/.eide/tools/gcc_arm/bin/../lib/gcc/arm-none-eabi/14.3.1/../../../../arm-none-eabi/lib/thumb/v7-m/nofp\libg_nano.a(libc_a-memset.o)
 .ARM.attributes
                0x00000449       0x2d C:/Users/shehu/.eide/tools/gcc_arm/bin/../lib/gcc/arm-none-eabi/14.3.1/../../../../arm-none-eabi/lib/thumb/v7-m/nofp\libg_nano.a(libc_a-init.o)
 .ARM.attributes
                0x00000476       0x17 C:/Users/shehu/.eide/tools/gcc_arm/bin/../lib/gcc/arm-none-eabi/14.3.1/../../../../arm-none-eabi/lib/thumb/v7-m/nofp\libg_nano.a(libc_a-strlen.o)
 .ARM.attributes
                0x0000048d       0x2d C:/Users/shehu/.eide/tools/gcc_arm/bin/../lib/gcc/arm-none-eabi/14.3.1/thumb/v7-m/nofp/crtend.o
 .ARM.attributes
                0x000004ba       0x1d C:/Users/shehu/.eide/tools/gcc_arm/bin/../lib/gcc/arm-none-eabi/14.3.1/thumb/v7-m/nofp/crtn.o

.comment        0x00000000       0x46
 .comment       0x00000000       0x46 cmake/stm32cubemx/CMakeFiles/STM32_Drivers.dir/__/__/Core/Src/system_stm32f1xx.c.obj
                                 0x47 (size before relaxing)
 .comment       0x00000046       0x47 cmake/stm32cubemx/CMakeFiles/STM32_Drivers.dir/__/__/Drivers/STM32F1xx_HAL_Driver/Src/stm32f1xx_hal_pcd.c.obj
 .comment       0x00000046       0x47 cmake/stm32cubemx/CMakeFiles/STM32_Drivers.dir/__/__/Drivers/STM32F1xx_HAL_Driver/Src/stm32f1xx_hal_pcd_ex.c.obj
 .comment       0x00000046       0x47 cmake/stm32cubemx/CMakeFiles/STM32_Drivers.dir/__/__/Drivers/STM32F1xx_HAL_Driver/Src/stm32f1xx_ll_usb.c.obj
 .comment       0x00000046       0x47 cmake/stm32cubemx/CMakeFiles/STM32_Drivers.dir/__/__/Drivers/STM32F1xx_HAL_Driver/Src/stm32f1xx_hal.c.obj
 .comment       0x00000046       0x47 cmake/stm32cubemx/CMakeFiles/STM32_Drivers.dir/__/__/Drivers/STM32F1xx_HAL_Driver/Src/stm32f1xx_hal_rcc.c.obj
 .comment       0x00000046       0x47 cmake/stm32cubemx/CMakeFiles/STM32_Drivers.dir/__/__/Drivers/STM32F1xx_HAL_Driver/Src/stm32f1xx_hal_rcc_ex.c.obj
 .comment       0x00000046       0x47 cmake/stm32cubemx/CMakeFiles/STM32_Drivers.dir/__/__/Drivers/STM32F1xx_HAL_Driver/Src/stm32f1xx_hal_gpio.c.obj
 .comment       0x00000046       0x47 cmake/stm32cubemx/CMakeFiles/STM32_Drivers.dir/__/__/Drivers/STM32F1xx_HAL_Driver/Src/stm32f1xx_hal_cortex.c.obj
 .comment       0x00000046       0x47 cmake/stm32cubemx/CMakeFiles/USB_Device_Library.dir/__/__/Middlewares/ST/STM32_USB_Device_Library/Core/Src/usbd_core.c.obj
 .comment       0x00000046       0x47 cmake/stm32cubemx/CMakeFiles/USB_Device_Library.dir/__/__/Middlewares/ST/STM32_USB_Device_Library/Core/Src/usbd_ctlreq.c.obj
 .comment       0x00000046       0x47 cmake/stm32cubemx/CMakeFiles/USB_Device_Library.dir/__/__/Middlewares/ST/STM32_USB_Device_Library/Core/Src/usbd_ioreq.c.obj
 .comment       0x00000046       0x47 cmake/stm32cubemx/CMakeFiles/USB_Device_Library.dir/__/__/Middlewares/ST/STM32_USB_Device_Library/Class/CDC/Src/usbd_cdc.c.obj
 .comment       0x00000046       0x47 CMakeFiles/TEST_make.dir/Core/Src/statemachine.c.obj
 .comment       0x00000046       0x47 CMakeFiles/TEST_make.dir/USB_DEVICE/Target/usbd_conf.c.obj
 .comment       0x00000046       0x47 CMakeFiles/TEST_make.dir/USB_DEVICE/App/usb_device.c.obj
 .comment       0x00000046       0x47 CMakeFiles/TEST_make.dir/USB_DEVICE/App/usbd_desc.c.obj
 .comment       0x00000046       0x47 CMakeFiles/TEST_make.dir/USB_DEVICE/App/usbd_cdc_if.c.obj
 .comment       0x00000046       0x47 CMakeFiles/TEST_make.dir/Core/Src/main.c.obj
 .comment       0x00000046       0x47 CMakeFiles/TEST_make.dir/Core/Src/stm32f1xx_it.c.obj
 .comment       0x00000046       0x47 CMakeFiles/TEST_make.dir/Core/Src/stm32f1xx_hal_msp.c.obj

.debug_frame    0x00000000       0x6c
 .debug_frame   0x00000000       0x20 C:/Users/shehu/.eide/tools/gcc_arm/bin/../lib/gcc/arm-none-eabi/14.3.1/../../../../arm-none-eabi/lib/thumb/v7-m/nofp\libg_nano.a(libc_a-memset.o)
 .debug_frame   0x00000020       0x2c C:/Users/shehu/.eide/tools/gcc_arm/bin/../lib/gcc/arm-none-eabi/14.3.1/../../../../arm-none-eabi/lib/thumb/v7-m/nofp\libg_nano.a(libc_a-init.o)
 .debug_frame   0x0000004c       0x20 C:/Users/shehu/.eide/tools/gcc_arm/bin/../lib/gcc/arm-none-eabi/14.3.1/../../../../arm-none-eabi/lib/thumb/v7-m/nofp\libg_nano.a(libc_a-strlen.o)

.debug_line_str
                0x00000000       0xeb
 .debug_line_str
                0x00000000       0xeb C:/Users/shehu/.eide/tools/gcc_arm/bin/../lib/gcc/arm-none-eabi/14.3.1/../../../../arm-none-eabi/lib/thumb/v7-m/nofp\libg_nano.a(libc_a-strlen.o)
