C:/Users/shehu/Desktop/C6T6引脚图/all_in_one/TEST_make/Drivers/STM32F1xx_HAL_Driver/Src/stm32f1xx_hal_pcd_ex.c:137:20:HAL_PCDEx_PMAConfig	8	static
C:/Users/shehu/Desktop/C6T6引脚图/all_in_one/TEST_make/Drivers/STM32F1xx_HAL_Driver/Src/stm32f1xx_hal_pcd_ex.c:182:13:HAL_PCDEx_SetConnectionState	0	static
C:/Users/shehu/Desktop/C6T6引脚图/all_in_one/TEST_make/Drivers/STM32F1xx_HAL_Driver/Src/stm32f1xx_hal_pcd_ex.c:199:13:HAL_PCDEx_LPM_Callback	0	static
C:/Users/shehu/Desktop/C6T6引脚图/all_in_one/TEST_make/Drivers/STM32F1xx_HAL_Driver/Src/stm32f1xx_hal_pcd_ex.c:216:13:HAL_PCDEx_BCD_Callback	0	static
